<html>
<body>
<pre>
<h1>µVision Build Log</h1>
<h2>Tool Versions:</h2>
IDE-Version: µVision V5.18a
Copyright (C) 2016 ARM Ltd and ARM Germany GmbH. All rights reserved.
License Information: oleg akulov, nil rims, LIC=----
 
Tool Versions:
Toolchain:       MDK-Lite  Version: 5.18a
Toolchain Path:  C:\Keil_v5\ARM\ARMCC\Bin
C Compiler:      Armcc.exe V5.06 update 1 (build 61)
Assembler:       Armasm.exe V5.06 update 1 (build 61)
Linker/Locator:  ArmLink.exe V5.06 update 1 (build 61)
Library Manager: ArmAr.exe V5.06 update 1 (build 61)
Hex Converter:   FromElf.exe V5.06 update 1 (build 61)
CPU DLL:         SARMCM3.DLL V5.18a
Dialog DLL:      DCM.DLL V1.13.6.0
Target DLL:      STLink\ST-LINKIII-KEIL_SWO.dll V2.0.18.0
Dialog DLL:      TCM.DLL V1.14.8.0
 
<h2>Project:</h2>
C:\Users\NIL_RIMS_2\Documents\AndroidStudioProjects\DiplomSTM\Diplom.uvprojx
Project File Date:  12/05/2016

<h2>Output:</h2>
*** Using Compiler 'V5.06 update 1 (build 61)', folder: 'C:\Keil_v5\ARM\ARMCC\Bin'
Build target 'Target 1'
compiling misc.c...
.\CMSIS\stm32f4xx_conf.h(101): warning:  #1-D: last line of file ends without a newline
  /************************ (C) COPYRIGHT STMicroelectronics *****END OF FILE****/
SPL\src\misc.c: 1 warning, 0 errors
compiling stm32f4xx_can.c...
.\CMSIS\stm32f4xx_conf.h(101): warning:  #1-D: last line of file ends without a newline
  /************************ (C) COPYRIGHT STMicroelectronics *****END OF FILE****/
SPL\src\stm32f4xx_can.c: 1 warning, 0 errors
compiling stm32f4xx_adc.c...
.\CMSIS\stm32f4xx_conf.h(101): warning:  #1-D: last line of file ends without a newline
  /************************ (C) COPYRIGHT STMicroelectronics *****END OF FILE****/
SPL\src\stm32f4xx_adc.c: 1 warning, 0 errors
compiling stm32f4xx_cec.c...
.\CMSIS\stm32f4xx_conf.h(101): warning:  #1-D: last line of file ends without a newline
  /************************ (C) COPYRIGHT STMicroelectronics *****END OF FILE****/
SPL\src\stm32f4xx_cec.c: 1 warning, 0 errors
compiling stm32f4xx_cryp.c...
.\CMSIS\stm32f4xx_conf.h(101): warning:  #1-D: last line of file ends without a newline
  /************************ (C) COPYRIGHT STMicroelectronics *****END OF FILE****/
SPL\src\stm32f4xx_cryp.c: 1 warning, 0 errors
compiling stm32f4xx_crc.c...
.\CMSIS\stm32f4xx_conf.h(101): warning:  #1-D: last line of file ends without a newline
  /************************ (C) COPYRIGHT STMicroelectronics *****END OF FILE****/
SPL\src\stm32f4xx_crc.c: 1 warning, 0 errors
compiling stm32f4xx_cryp_des.c...
.\CMSIS\stm32f4xx_conf.h(101): warning:  #1-D: last line of file ends without a newline
  /************************ (C) COPYRIGHT STMicroelectronics *****END OF FILE****/
SPL\src\stm32f4xx_cryp_des.c: 1 warning, 0 errors
compiling stm32f4xx_cryp_tdes.c...
.\CMSIS\stm32f4xx_conf.h(101): warning:  #1-D: last line of file ends without a newline
  /************************ (C) COPYRIGHT STMicroelectronics *****END OF FILE****/
SPL\src\stm32f4xx_cryp_tdes.c: 1 warning, 0 errors
compiling stm32f4xx_cryp_aes.c...
.\CMSIS\stm32f4xx_conf.h(101): warning:  #1-D: last line of file ends without a newline
  /************************ (C) COPYRIGHT STMicroelectronics *****END OF FILE****/
SPL\src\stm32f4xx_cryp_aes.c: 1 warning, 0 errors
compiling stm32f4xx_dbgmcu.c...
.\CMSIS\stm32f4xx_conf.h(101): warning:  #1-D: last line of file ends without a newline
  /************************ (C) COPYRIGHT STMicroelectronics *****END OF FILE****/
SPL\src\stm32f4xx_dbgmcu.c: 1 warning, 0 errors
compiling stm32f4xx_dac.c...
.\CMSIS\stm32f4xx_conf.h(101): warning:  #1-D: last line of file ends without a newline
  /************************ (C) COPYRIGHT STMicroelectronics *****END OF FILE****/
SPL\src\stm32f4xx_dac.c: 1 warning, 0 errors
compiling stm32f4xx_dcmi.c...
.\CMSIS\stm32f4xx_conf.h(101): warning:  #1-D: last line of file ends without a newline
  /************************ (C) COPYRIGHT STMicroelectronics *****END OF FILE****/
SPL\src\stm32f4xx_dcmi.c: 1 warning, 0 errors
compiling stm32f4xx_dsi.c...
.\CMSIS\stm32f4xx_conf.h(101): warning:  #1-D: last line of file ends without a newline
  /************************ (C) COPYRIGHT STMicroelectronics *****END OF FILE****/
SPL\src\stm32f4xx_dsi.c: 1 warning, 0 errors
compiling stm32f4xx_dma2d.c...
.\CMSIS\stm32f4xx_conf.h(101): warning:  #1-D: last line of file ends without a newline
  /************************ (C) COPYRIGHT STMicroelectronics *****END OF FILE****/
SPL\src\stm32f4xx_dma2d.c: 1 warning, 0 errors
compiling stm32f4xx_dma.c...
.\CMSIS\stm32f4xx_conf.h(101): warning:  #1-D: last line of file ends without a newline
  /************************ (C) COPYRIGHT STMicroelectronics *****END OF FILE****/
SPL\src\stm32f4xx_dma.c: 1 warning, 0 errors
compiling stm32f4xx_exti.c...
.\CMSIS\stm32f4xx_conf.h(101): warning:  #1-D: last line of file ends without a newline
  /************************ (C) COPYRIGHT STMicroelectronics *****END OF FILE****/
SPL\src\stm32f4xx_exti.c: 1 warning, 0 errors
compiling stm32f4xx_flash_ramfunc.c...
.\CMSIS\stm32f4xx_conf.h(101): warning:  #1-D: last line of file ends without a newline
  /************************ (C) COPYRIGHT STMicroelectronics *****END OF FILE****/
SPL\src\stm32f4xx_flash_ramfunc.c: 1 warning, 0 errors
compiling stm32f4xx_flash.c...
.\CMSIS\stm32f4xx_conf.h(101): warning:  #1-D: last line of file ends without a newline
  /************************ (C) COPYRIGHT STMicroelectronics *****END OF FILE****/
SPL\src\stm32f4xx_flash.c: 1 warning, 0 errors
compiling stm32f4xx_fmpi2c.c...
.\CMSIS\stm32f4xx_conf.h(101): warning:  #1-D: last line of file ends without a newline
  /************************ (C) COPYRIGHT STMicroelectronics *****END OF FILE****/
SPL\src\stm32f4xx_fmpi2c.c: 1 warning, 0 errors
compiling stm32f4xx_hash.c...
.\CMSIS\stm32f4xx_conf.h(101): warning:  #1-D: last line of file ends without a newline
  /************************ (C) COPYRIGHT STMicroelectronics *****END OF FILE****/
SPL\src\stm32f4xx_hash.c: 1 warning, 0 errors
compiling stm32f4xx_gpio.c...
.\CMSIS\stm32f4xx_conf.h(101): warning:  #1-D: last line of file ends without a newline
  /************************ (C) COPYRIGHT STMicroelectronics *****END OF FILE****/
SPL\src\stm32f4xx_gpio.c: 1 warning, 0 errors
compiling stm32f4xx_hash_md5.c...
.\CMSIS\stm32f4xx_conf.h(101): warning:  #1-D: last line of file ends without a newline
  /************************ (C) COPYRIGHT STMicroelectronics *****END OF FILE****/
SPL\src\stm32f4xx_hash_md5.c: 1 warning, 0 errors
compiling stm32f4xx_hash_sha1.c...
.\CMSIS\stm32f4xx_conf.h(101): warning:  #1-D: last line of file ends without a newline
  /************************ (C) COPYRIGHT STMicroelectronics *****END OF FILE****/
SPL\src\stm32f4xx_hash_sha1.c: 1 warning, 0 errors
compiling stm32f4xx_i2c.c...
.\CMSIS\stm32f4xx_conf.h(101): warning:  #1-D: last line of file ends without a newline
  /************************ (C) COPYRIGHT STMicroelectronics *****END OF FILE****/
SPL\src\stm32f4xx_i2c.c: 1 warning, 0 errors
compiling stm32f4xx_iwdg.c...
.\CMSIS\stm32f4xx_conf.h(101): warning:  #1-D: last line of file ends without a newline
  /************************ (C) COPYRIGHT STMicroelectronics *****END OF FILE****/
SPL\src\stm32f4xx_iwdg.c: 1 warning, 0 errors
compiling stm32f4xx_lptim.c...
.\CMSIS\stm32f4xx_conf.h(101): warning:  #1-D: last line of file ends without a newline
  /************************ (C) COPYRIGHT STMicroelectronics *****END OF FILE****/
SPL\src\stm32f4xx_lptim.c: 1 warning, 0 errors
compiling stm32f4xx_ltdc.c...
.\CMSIS\stm32f4xx_conf.h(101): warning:  #1-D: last line of file ends without a newline
  /************************ (C) COPYRIGHT STMicroelectronics *****END OF FILE****/
SPL\src\stm32f4xx_ltdc.c: 1 warning, 0 errors
compiling stm32f4xx_qspi.c...
.\CMSIS\stm32f4xx_conf.h(101): warning:  #1-D: last line of file ends without a newline
  /************************ (C) COPYRIGHT STMicroelectronics *****END OF FILE****/
SPL\src\stm32f4xx_qspi.c: 1 warning, 0 errors
compiling stm32f4xx_pwr.c...
.\CMSIS\stm32f4xx_conf.h(101): warning:  #1-D: last line of file ends without a newline
  /************************ (C) COPYRIGHT STMicroelectronics *****END OF FILE****/
SPL\src\stm32f4xx_pwr.c: 1 warning, 0 errors
compiling stm32f4xx_rcc.c...
.\CMSIS\stm32f4xx_conf.h(101): warning:  #1-D: last line of file ends without a newline
  /************************ (C) COPYRIGHT STMicroelectronics *****END OF FILE****/
SPL\src\stm32f4xx_rcc.c: 1 warning, 0 errors
compiling stm32f4xx_rng.c...
.\CMSIS\stm32f4xx_conf.h(101): warning:  #1-D: last line of file ends without a newline
  /************************ (C) COPYRIGHT STMicroelectronics *****END OF FILE****/
SPL\src\stm32f4xx_rng.c: 1 warning, 0 errors
compiling stm32f4xx_rtc.c...
.\CMSIS\stm32f4xx_conf.h(101): warning:  #1-D: last line of file ends without a newline
  /************************ (C) COPYRIGHT STMicroelectronics *****END OF FILE****/
SPL\src\stm32f4xx_rtc.c: 1 warning, 0 errors
compiling stm32f4xx_sai.c...
.\CMSIS\stm32f4xx_conf.h(101): warning:  #1-D: last line of file ends without a newline
  /************************ (C) COPYRIGHT STMicroelectronics *****END OF FILE****/
SPL\src\stm32f4xx_sai.c: 1 warning, 0 errors
compiling stm32f4xx_sdio.c...
.\CMSIS\stm32f4xx_conf.h(101): warning:  #1-D: last line of file ends without a newline
  /************************ (C) COPYRIGHT STMicroelectronics *****END OF FILE****/
SPL\src\stm32f4xx_sdio.c: 1 warning, 0 errors
compiling stm32f4xx_spdifrx.c...
.\CMSIS\stm32f4xx_conf.h(101): warning:  #1-D: last line of file ends without a newline
  /************************ (C) COPYRIGHT STMicroelectronics *****END OF FILE****/
SPL\src\stm32f4xx_spdifrx.c: 1 warning, 0 errors
compiling stm32f4xx_spi.c...
.\CMSIS\stm32f4xx_conf.h(101): warning:  #1-D: last line of file ends without a newline
  /************************ (C) COPYRIGHT STMicroelectronics *****END OF FILE****/
SPL\src\stm32f4xx_spi.c: 1 warning, 0 errors
compiling stm32f4xx_syscfg.c...
.\CMSIS\stm32f4xx_conf.h(101): warning:  #1-D: last line of file ends without a newline
  /************************ (C) COPYRIGHT STMicroelectronics *****END OF FILE****/
SPL\src\stm32f4xx_syscfg.c: 1 warning, 0 errors
compiling stm32f4xx_usart.c...
.\CMSIS\stm32f4xx_conf.h(101): warning:  #1-D: last line of file ends without a newline
  /************************ (C) COPYRIGHT STMicroelectronics *****END OF FILE****/
SPL\src\stm32f4xx_usart.c: 1 warning, 0 errors
compiling stm32f4xx_wwdg.c...
.\CMSIS\stm32f4xx_conf.h(101): warning:  #1-D: last line of file ends without a newline
  /************************ (C) COPYRIGHT STMicroelectronics *****END OF FILE****/
SPL\src\stm32f4xx_wwdg.c: 1 warning, 0 errors
compiling stm32f4xx_tim.c...
.\CMSIS\stm32f4xx_conf.h(101): warning:  #1-D: last line of file ends without a newline
  /************************ (C) COPYRIGHT STMicroelectronics *****END OF FILE****/
SPL\src\stm32f4xx_tim.c: 1 warning, 0 errors
compiling mtsp.cpp...
mtsp.cpp(5): warning:  #1-D: last line of file ends without a newline
  };
mtsp.cpp: 1 warning, 0 errors
compiling main.c...
.\CMSIS\stm32f4xx_conf.h(101): warning:  #1-D: last line of file ends without a newline
  /************************ (C) COPYRIGHT STMicroelectronics *****END OF FILE****/
User\main.c(40): warning:  #1-D: last line of file ends without a newline
  /************************ (C) COPYRIGHT STMicroelectronics *****END OF FILE****/
User\main.c: 2 warnings, 0 errors
compiling system_stm32f4xx.c...
CMSIS\stm32f4xx_conf.h(101): warning:  #1-D: last line of file ends without a newline
  /************************ (C) COPYRIGHT STMicroelectronics *****END OF FILE****/
CMSIS\system_stm32f4xx.c: 1 warning, 0 errors
linking...
Program Size: Code=676 RO-data=408 RW-data=0 ZI-data=1632  
".\Objects\Diplom.axf" - 0 Error(s), 44 Warning(s).

<h2>Collection of Component include folders:</h2>
  C:\Users\NIL_RIMS_2\Documents\AndroidStudioProjects\DiplomSTM\RTE
  C:\Keil_v5\ARM\PACK\Keil\STM32F4xx_DFP\2.8.0\Drivers\CMSIS\Device\ST\STM32F4xx\Include

<h2>Collection of Component Files used:</h2>
Build Time Elapsed:  00:00:10
</pre>
</body>
</html>
