Component: ARM Compiler 5.06 update 1 (build 61) Tool: armlink [4d35a8]

==============================================================================

Section Cross References

    misc.o(i.NVIC_Init) refers to main.o(i.assert_failed) for assert_failed
    misc.o(i.NVIC_PriorityGroupConfig) refers to main.o(i.assert_failed) for assert_failed
    misc.o(i.NVIC_SetVectorTable) refers to main.o(i.assert_failed) for assert_failed
    misc.o(i.NVIC_SystemLPConfig) refers to main.o(i.assert_failed) for assert_failed
    misc.o(i.SysTick_CLKSourceConfig) refers to main.o(i.assert_failed) for assert_failed
    misc.o(.ARM.exidx) refers to misc.o(i.NVIC_PriorityGroupConfig) for i.NVIC_PriorityGroupConfig
    misc.o(.ARM.exidx) refers to misc.o(i.NVIC_Init) for i.NVIC_Init
    misc.o(.ARM.exidx) refers to misc.o(i.NVIC_SetVectorTable) for i.NVIC_SetVectorTable
    misc.o(.ARM.exidx) refers to misc.o(i.NVIC_SystemLPConfig) for i.NVIC_SystemLPConfig
    misc.o(.ARM.exidx) refers to misc.o(i.SysTick_CLKSourceConfig) for i.SysTick_CLKSourceConfig
    stm32f4xx_adc.o(i.ADC_AnalogWatchdogCmd) refers to main.o(i.assert_failed) for assert_failed
    stm32f4xx_adc.o(i.ADC_AnalogWatchdogSingleChannelConfig) refers to main.o(i.assert_failed) for assert_failed
    stm32f4xx_adc.o(i.ADC_AnalogWatchdogThresholdsConfig) refers to main.o(i.assert_failed) for assert_failed
    stm32f4xx_adc.o(i.ADC_AutoInjectedConvCmd) refers to main.o(i.assert_failed) for assert_failed
    stm32f4xx_adc.o(i.ADC_ClearFlag) refers to main.o(i.assert_failed) for assert_failed
    stm32f4xx_adc.o(i.ADC_ClearITPendingBit) refers to main.o(i.assert_failed) for assert_failed
    stm32f4xx_adc.o(i.ADC_Cmd) refers to main.o(i.assert_failed) for assert_failed
    stm32f4xx_adc.o(i.ADC_CommonInit) refers to main.o(i.assert_failed) for assert_failed
    stm32f4xx_adc.o(i.ADC_ContinuousModeCmd) refers to main.o(i.assert_failed) for assert_failed
    stm32f4xx_adc.o(i.ADC_DMACmd) refers to main.o(i.assert_failed) for assert_failed
    stm32f4xx_adc.o(i.ADC_DMARequestAfterLastTransferCmd) refers to main.o(i.assert_failed) for assert_failed
    stm32f4xx_adc.o(i.ADC_DeInit) refers to stm32f4xx_rcc.o(i.RCC_APB2PeriphResetCmd) for RCC_APB2PeriphResetCmd
    stm32f4xx_adc.o(i.ADC_DiscModeChannelCountConfig) refers to main.o(i.assert_failed) for assert_failed
    stm32f4xx_adc.o(i.ADC_DiscModeCmd) refers to main.o(i.assert_failed) for assert_failed
    stm32f4xx_adc.o(i.ADC_EOCOnEachRegularChannelCmd) refers to main.o(i.assert_failed) for assert_failed
    stm32f4xx_adc.o(i.ADC_ExternalTrigInjectedConvConfig) refers to main.o(i.assert_failed) for assert_failed
    stm32f4xx_adc.o(i.ADC_ExternalTrigInjectedConvEdgeConfig) refers to main.o(i.assert_failed) for assert_failed
    stm32f4xx_adc.o(i.ADC_GetConversionValue) refers to main.o(i.assert_failed) for assert_failed
    stm32f4xx_adc.o(i.ADC_GetFlagStatus) refers to main.o(i.assert_failed) for assert_failed
    stm32f4xx_adc.o(i.ADC_GetITStatus) refers to main.o(i.assert_failed) for assert_failed
    stm32f4xx_adc.o(i.ADC_GetInjectedConversionValue) refers to main.o(i.assert_failed) for assert_failed
    stm32f4xx_adc.o(i.ADC_GetSoftwareStartConvStatus) refers to main.o(i.assert_failed) for assert_failed
    stm32f4xx_adc.o(i.ADC_GetSoftwareStartInjectedConvCmdStatus) refers to main.o(i.assert_failed) for assert_failed
    stm32f4xx_adc.o(i.ADC_ITConfig) refers to main.o(i.assert_failed) for assert_failed
    stm32f4xx_adc.o(i.ADC_Init) refers to main.o(i.assert_failed) for assert_failed
    stm32f4xx_adc.o(i.ADC_InjectedChannelConfig) refers to main.o(i.assert_failed) for assert_failed
    stm32f4xx_adc.o(i.ADC_InjectedDiscModeCmd) refers to main.o(i.assert_failed) for assert_failed
    stm32f4xx_adc.o(i.ADC_InjectedSequencerLengthConfig) refers to main.o(i.assert_failed) for assert_failed
    stm32f4xx_adc.o(i.ADC_MultiModeDMARequestAfterLastTransferCmd) refers to main.o(i.assert_failed) for assert_failed
    stm32f4xx_adc.o(i.ADC_RegularChannelConfig) refers to main.o(i.assert_failed) for assert_failed
    stm32f4xx_adc.o(i.ADC_SetInjectedOffset) refers to main.o(i.assert_failed) for assert_failed
    stm32f4xx_adc.o(i.ADC_SoftwareStartConv) refers to main.o(i.assert_failed) for assert_failed
    stm32f4xx_adc.o(i.ADC_SoftwareStartInjectedConv) refers to main.o(i.assert_failed) for assert_failed
    stm32f4xx_adc.o(i.ADC_TempSensorVrefintCmd) refers to main.o(i.assert_failed) for assert_failed
    stm32f4xx_adc.o(i.ADC_VBATCmd) refers to main.o(i.assert_failed) for assert_failed
    stm32f4xx_adc.o(.ARM.exidx) refers to stm32f4xx_adc.o(i.ADC_DeInit) for i.ADC_DeInit
    stm32f4xx_adc.o(.ARM.exidx) refers to stm32f4xx_adc.o(i.ADC_Init) for i.ADC_Init
    stm32f4xx_adc.o(.ARM.exidx) refers to stm32f4xx_adc.o(i.ADC_StructInit) for i.ADC_StructInit
    stm32f4xx_adc.o(.ARM.exidx) refers to stm32f4xx_adc.o(i.ADC_CommonInit) for i.ADC_CommonInit
[...]
    stm32f4xx_i2c.o(.ARM.exidx) refers to stm32f4xx_i2c.o(i.I2C_ReceiveData) for i.I2C_ReceiveData
    stm32f4xx_i2c.o(.ARM.exidx) refers to stm32f4xx_i2c.o(i.I2C_TransmitPEC) for i.I2C_TransmitPEC
    stm32f4xx_i2c.o(.ARM.exidx) refers to stm32f4xx_i2c.o(i.I2C_PECPositionConfig) for i.I2C_PECPositionConfig
    stm32f4xx_i2c.o(.ARM.exidx) refers to stm32f4xx_i2c.o(i.I2C_CalculatePEC) for i.I2C_CalculatePEC
    stm32f4xx_i2c.o(.ARM.exidx) refers to stm32f4xx_i2c.o(i.I2C_GetPEC) for i.I2C_GetPEC
    stm32f4xx_i2c.o(.ARM.exidx) refers to stm32f4xx_i2c.o(i.I2C_DMACmd) for i.I2C_DMACmd
    stm32f4xx_i2c.o(.ARM.exidx) refers to stm32f4xx_i2c.o(i.I2C_DMALastTransferCmd) for i.I2C_DMALastTransferCmd
    stm32f4xx_i2c.o(.ARM.exidx) refers to stm32f4xx_i2c.o(i.I2C_ReadRegister) for i.I2C_ReadRegister
    stm32f4xx_i2c.o(.ARM.exidx) refers to stm32f4xx_i2c.o(i.I2C_ITConfig) for i.I2C_ITConfig
    stm32f4xx_i2c.o(.ARM.exidx) refers to stm32f4xx_i2c.o(i.I2C_CheckEvent) for i.I2C_CheckEvent
    stm32f4xx_i2c.o(.ARM.exidx) refers to stm32f4xx_i2c.o(i.I2C_GetLastEvent) for i.I2C_GetLastEvent
    stm32f4xx_i2c.o(.ARM.exidx) refers to stm32f4xx_i2c.o(i.I2C_GetFlagStatus) for i.I2C_GetFlagStatus
    stm32f4xx_i2c.o(.ARM.exidx) refers to stm32f4xx_i2c.o(i.I2C_ClearFlag) for i.I2C_ClearFlag
    stm32f4xx_i2c.o(.ARM.exidx) refers to stm32f4xx_i2c.o(i.I2C_GetITStatus) for i.I2C_GetITStatus
    stm32f4xx_i2c.o(.ARM.exidx) refers to stm32f4xx_i2c.o(i.I2C_ClearITPendingBit) for i.I2C_ClearITPendingBit
    stm32f4xx_iwdg.o(i.IWDG_GetFlagStatus) refers to main.o(i.assert_failed) for assert_failed
    stm32f4xx_iwdg.o(i.IWDG_SetPrescaler) refers to main.o(i.assert_failed) for assert_failed
    stm32f4xx_iwdg.o(i.IWDG_SetReload) refers to main.o(i.assert_failed) for assert_failed
    stm32f4xx_iwdg.o(i.IWDG_WriteAccessCmd) refers to main.o(i.assert_failed) for assert_failed
    stm32f4xx_iwdg.o(.ARM.exidx) refers to stm32f4xx_iwdg.o(i.IWDG_WriteAccessCmd) for i.IWDG_WriteAccessCmd
    stm32f4xx_iwdg.o(.ARM.exidx) refers to stm32f4xx_iwdg.o(i.IWDG_SetPrescaler) for i.IWDG_SetPrescaler
    stm32f4xx_iwdg.o(.ARM.exidx) refers to stm32f4xx_iwdg.o(i.IWDG_SetReload) for i.IWDG_SetReload
    stm32f4xx_iwdg.o(.ARM.exidx) refers to stm32f4xx_iwdg.o(i.IWDG_ReloadCounter) for i.IWDG_ReloadCounter
    stm32f4xx_iwdg.o(.ARM.exidx) refers to stm32f4xx_iwdg.o(i.IWDG_Enable) for i.IWDG_Enable
    stm32f4xx_iwdg.o(.ARM.exidx) refers to stm32f4xx_iwdg.o(i.IWDG_GetFlagStatus) for i.IWDG_GetFlagStatus
    stm32f4xx_ltdc.o(i.LTDC_CLUTCmd) refers to main.o(i.assert_failed) for assert_failed
    stm32f4xx_ltdc.o(i.LTDC_CLUTInit) refers to main.o(i.assert_failed) for assert_failed
    stm32f4xx_ltdc.o(i.LTDC_ClearFlag) refers to main.o(i.assert_failed) for assert_failed
    stm32f4xx_ltdc.o(i.LTDC_ClearITPendingBit) refers to main.o(i.assert_failed) for assert_failed
    stm32f4xx_ltdc.o(i.LTDC_Cmd) refers to main.o(i.assert_failed) for assert_failed
    stm32f4xx_ltdc.o(i.LTDC_ColorKeyingConfig) refers to main.o(i.assert_failed) for assert_failed
    stm32f4xx_ltdc.o(i.LTDC_DeInit) refers to stm32f4xx_rcc.o(i.RCC_APB2PeriphResetCmd) for RCC_APB2PeriphResetCmd
    stm32f4xx_ltdc.o(i.LTDC_DitherCmd) refers to main.o(i.assert_failed) for assert_failed
    stm32f4xx_ltdc.o(i.LTDC_GetCDStatus) refers to main.o(i.assert_failed) for assert_failed
    stm32f4xx_ltdc.o(i.LTDC_GetFlagStatus) refers to main.o(i.assert_failed) for assert_failed
    stm32f4xx_ltdc.o(i.LTDC_GetITStatus) refers to main.o(i.assert_failed) for assert_failed
    stm32f4xx_ltdc.o(i.LTDC_ITConfig) refers to main.o(i.assert_failed) for assert_failed
    stm32f4xx_ltdc.o(i.LTDC_Init) refers to main.o(i.assert_failed) for assert_failed
    stm32f4xx_ltdc.o(i.LTDC_LIPConfig) refers to main.o(i.assert_failed) for assert_failed
    stm32f4xx_ltdc.o(i.LTDC_LayerCmd) refers to main.o(i.assert_failed) for assert_failed
    stm32f4xx_ltdc.o(i.LTDC_LayerInit) refers to main.o(i.assert_failed) for assert_failed
    stm32f4xx_ltdc.o(i.LTDC_ReloadConfig) refers to main.o(i.assert_failed) for assert_failed
    stm32f4xx_ltdc.o(.ARM.exidx) refers to stm32f4xx_ltdc.o(i.LTDC_DeInit) for i.LTDC_DeInit
    stm32f4xx_ltdc.o(.ARM.exidx) refers to stm32f4xx_ltdc.o(i.LTDC_Init) for i.LTDC_Init
    stm32f4xx_ltdc.o(.ARM.exidx) refers to stm32f4xx_ltdc.o(i.LTDC_StructInit) for i.LTDC_StructInit
    stm32f4xx_ltdc.o(.ARM.exidx) refers to stm32f4xx_ltdc.o(i.LTDC_Cmd) for i.LTDC_Cmd
    stm32f4xx_ltdc.o(.ARM.exidx) refers to stm32f4xx_ltdc.o(i.LTDC_DitherCmd) for i.LTDC_DitherCmd
    stm32f4xx_ltdc.o(.ARM.exidx) refers to stm32f4xx_ltdc.o(i.LTDC_GetRGBWidth) for i.LTDC_GetRGBWidth
    stm32f4xx_ltdc.o(.ARM.exidx) refers to stm32f4xx_ltdc.o(i.LTDC_RGBStructInit) for i.LTDC_RGBStructInit
    stm32f4xx_ltdc.o(.ARM.exidx) refers to stm32f4xx_ltdc.o(i.LTDC_LIPConfig) for i.LTDC_LIPConfig
    stm32f4xx_ltdc.o(.ARM.exidx) refers to stm32f4xx_ltdc.o(i.LTDC_ReloadConfig) for i.LTDC_ReloadConfig
    stm32f4xx_ltdc.o(.ARM.exidx) refers to stm32f4xx_ltdc.o(i.LTDC_LayerInit) for i.LTDC_LayerInit
    stm32f4xx_ltdc.o(.ARM.exidx) refers to stm32f4xx_ltdc.o(i.LTDC_LayerStructInit) for i.LTDC_LayerStructInit
    stm32f4xx_ltdc.o(.ARM.exidx) refers to stm32f4xx_ltdc.o(i.LTDC_LayerCmd) for i.LTDC_LayerCmd
    stm32f4xx_ltdc.o(.ARM.exidx) refers to stm32f4xx_ltdc.o(i.LTDC_GetPosStatus) for i.LTDC_GetPosStatus
    stm32f4xx_ltdc.o(.ARM.exidx) refers to stm32f4xx_ltdc.o(i.LTDC_PosStructInit) for i.LTDC_PosStructInit
    stm32f4xx_ltdc.o(.ARM.exidx) refers to stm32f4xx_ltdc.o(i.LTDC_GetCDStatus) for i.LTDC_GetCDStatus
    stm32f4xx_ltdc.o(.ARM.exidx) refers to stm32f4xx_ltdc.o(i.LTDC_ColorKeyingConfig) for i.LTDC_ColorKeyingConfig
    stm32f4xx_ltdc.o(.ARM.exidx) refers to stm32f4xx_ltdc.o(i.LTDC_ColorKeyingStructInit) for i.LTDC_ColorKeyingStructInit
    stm32f4xx_ltdc.o(.ARM.exidx) refers to stm32f4xx_ltdc.o(i.LTDC_CLUTCmd) for i.LTDC_CLUTCmd
    stm32f4xx_ltdc.o(.ARM.exidx) refers to stm32f4xx_ltdc.o(i.LTDC_CLUTInit) for i.LTDC_CLUTInit
    stm32f4xx_ltdc.o(.ARM.exidx) refers to stm32f4xx_ltdc.o(i.LTDC_CLUTStructInit) for i.LTDC_CLUTStructInit
    stm32f4xx_ltdc.o(.ARM.exidx) refers to stm32f4xx_ltdc.o(i.LTDC_LayerPosition) for i.LTDC_LayerPosition
    stm32f4xx_ltdc.o(.ARM.exidx) refers to stm32f4xx_ltdc.o(i.LTDC_LayerAlpha) for i.LTDC_LayerAlpha
    stm32f4xx_ltdc.o(.ARM.exidx) refers to stm32f4xx_ltdc.o(i.LTDC_LayerAddress) for i.LTDC_LayerAddress
    stm32f4xx_ltdc.o(.ARM.exidx) refers to stm32f4xx_ltdc.o(i.LTDC_LayerSize) for i.LTDC_LayerSize
    stm32f4xx_ltdc.o(.ARM.exidx) refers to stm32f4xx_ltdc.o(i.LTDC_LayerPixelFormat) for i.LTDC_LayerPixelFormat
    stm32f4xx_ltdc.o(.ARM.exidx) refers to stm32f4xx_ltdc.o(i.LTDC_ITConfig) for i.LTDC_ITConfig
    stm32f4xx_ltdc.o(.ARM.exidx) refers to stm32f4xx_ltdc.o(i.LTDC_GetFlagStatus) for i.LTDC_GetFlagStatus
    stm32f4xx_ltdc.o(.ARM.exidx) refers to stm32f4xx_ltdc.o(i.LTDC_ClearFlag) for i.LTDC_ClearFlag
    stm32f4xx_ltdc.o(.ARM.exidx) refers to stm32f4xx_ltdc.o(i.LTDC_GetITStatus) for i.LTDC_GetITStatus
    stm32f4xx_ltdc.o(.ARM.exidx) refers to stm32f4xx_ltdc.o(i.LTDC_ClearITPendingBit) for i.LTDC_ClearITPendingBit
    stm32f4xx_pwr.o(i.PWR_BackupAccessCmd) refers to main.o(i.assert_failed) for assert_failed
    stm32f4xx_pwr.o(i.PWR_BackupRegulatorCmd) refers to main.o(i.assert_failed) for assert_failed
    stm32f4xx_pwr.o(i.PWR_ClearFlag) refers to main.o(i.assert_failed) for assert_failed
    stm32f4xx_pwr.o(i.PWR_DeInit) refers to stm32f4xx_rcc.o(i.RCC_APB1PeriphResetCmd) for RCC_APB1PeriphResetCmd
    stm32f4xx_pwr.o(i.PWR_EnterSTOPMode) refers to main.o(i.assert_failed) for assert_failed
    stm32f4xx_pwr.o(i.PWR_EnterUnderDriveSTOPMode) refers to main.o(i.assert_failed) for assert_failed
    stm32f4xx_pwr.o(i.PWR_FlashPowerDownCmd) refers to main.o(i.assert_failed) for assert_failed
    stm32f4xx_pwr.o(i.PWR_GetFlagStatus) refers to main.o(i.assert_failed) for assert_failed
    stm32f4xx_pwr.o(i.PWR_MainRegulatorModeConfig) refers to main.o(i.assert_failed) for assert_failed
    stm32f4xx_pwr.o(i.PWR_OverDriveCmd) refers to main.o(i.assert_failed) for assert_failed
    stm32f4xx_pwr.o(i.PWR_OverDriveSWCmd) refers to main.o(i.assert_failed) for assert_failed
    stm32f4xx_pwr.o(i.PWR_PVDCmd) refers to main.o(i.assert_failed) for assert_failed
    stm32f4xx_pwr.o(i.PWR_PVDLevelConfig) refers to main.o(i.assert_failed) for assert_failed
    stm32f4xx_pwr.o(i.PWR_UnderDriveCmd) refers to main.o(i.assert_failed) for assert_failed
    stm32f4xx_pwr.o(i.PWR_WakeUpPinCmd) refers to main.o(i.assert_failed) for assert_failed
    stm32f4xx_pwr.o(.ARM.exidx) refers to stm32f4xx_pwr.o(i.PWR_DeInit) for i.PWR_DeInit
    stm32f4xx_pwr.o(.ARM.exidx) refers to stm32f4xx_pwr.o(i.PWR_BackupAccessCmd) for i.PWR_BackupAccessCmd
    stm32f4xx_pwr.o(.ARM.exidx) refers to stm32f4xx_pwr.o(i.PWR_PVDLevelConfig) for i.PWR_PVDLevelConfig
    stm32f4xx_pwr.o(.ARM.exidx) refers to stm32f4xx_pwr.o(i.PWR_PVDCmd) for i.PWR_PVDCmd
    stm32f4xx_pwr.o(.ARM.exidx) refers to stm32f4xx_pwr.o(i.PWR_WakeUpPinCmd) for i.PWR_WakeUpPinCmd
    stm32f4xx_pwr.o(.ARM.exidx) refers to stm32f4xx_pwr.o(i.PWR_BackupRegulatorCmd) for i.PWR_BackupRegulatorCmd
    stm32f4xx_pwr.o(.ARM.exidx) refers to stm32f4xx_pwr.o(i.PWR_MainRegulatorModeConfig) for i.PWR_MainRegulatorModeConfig
    stm32f4xx_pwr.o(.ARM.exidx) refers to stm32f4xx_pwr.o(i.PWR_OverDriveCmd) for i.PWR_OverDriveCmd
    stm32f4xx_pwr.o(.ARM.exidx) refers to stm32f4xx_pwr.o(i.PWR_OverDriveSWCmd) for i.PWR_OverDriveSWCmd
    stm32f4xx_pwr.o(.ARM.exidx) refers to stm32f4xx_pwr.o(i.PWR_UnderDriveCmd) for i.PWR_UnderDriveCmd
    stm32f4xx_pwr.o(.ARM.exidx) refers to stm32f4xx_pwr.o(i.PWR_FlashPowerDownCmd) for i.PWR_FlashPowerDownCmd
    stm32f4xx_pwr.o(.ARM.exidx) refers to stm32f4xx_pwr.o(i.PWR_EnterSTOPMode) for i.PWR_EnterSTOPMode
    stm32f4xx_pwr.o(.ARM.exidx) refers to stm32f4xx_pwr.o(i.PWR_EnterUnderDriveSTOPMode) for i.PWR_EnterUnderDriveSTOPMode
    stm32f4xx_pwr.o(.ARM.exidx) refers to stm32f4xx_pwr.o(i.PWR_EnterSTANDBYMode) for i.PWR_EnterSTANDBYMode
    stm32f4xx_pwr.o(.ARM.exidx) refers to stm32f4xx_pwr.o(i.PWR_GetFlagStatus) for i.PWR_GetFlagStatus
    stm32f4xx_pwr.o(.ARM.exidx) refers to stm32f4xx_pwr.o(i.PWR_ClearFlag) for i.PWR_ClearFlag
    stm32f4xx_rcc.o(i.RCC_AHB1PeriphClockCmd) refers to main.o(i.assert_failed) for assert_failed
    stm32f4xx_rcc.o(i.RCC_AHB1PeriphClockLPModeCmd) refers to main.o(i.assert_failed) for assert_failed
    stm32f4xx_rcc.o(i.RCC_AHB1PeriphResetCmd) refers to main.o(i.assert_failed) for assert_failed
    stm32f4xx_rcc.o(i.RCC_AHB2PeriphClockCmd) refers to main.o(i.assert_failed) for assert_failed
    stm32f4xx_rcc.o(i.RCC_AHB2PeriphClockLPModeCmd) refers to main.o(i.assert_failed) for assert_failed
    stm32f4xx_rcc.o(i.RCC_AHB2PeriphResetCmd) refers to main.o(i.assert_failed) for assert_failed
    stm32f4xx_rcc.o(i.RCC_AHB3PeriphClockCmd) refers to main.o(i.assert_failed) for assert_failed
    stm32f4xx_rcc.o(i.RCC_AHB3PeriphClockLPModeCmd) refers to main.o(i.assert_failed) for assert_failed
    stm32f4xx_rcc.o(i.RCC_AHB3PeriphResetCmd) refers to main.o(i.assert_failed) for assert_failed
    stm32f4xx_rcc.o(i.RCC_APB1PeriphClockCmd) refers to main.o(i.assert_failed) for assert_failed
    stm32f4xx_rcc.o(i.RCC_APB1PeriphClockLPModeCmd) refers to main.o(i.assert_failed) for assert_failed
    stm32f4xx_rcc.o(i.RCC_APB1PeriphResetCmd) refers to main.o(i.assert_failed) for assert_failed
    stm32f4xx_rcc.o(i.RCC_APB2PeriphClockCmd) refers to main.o(i.assert_failed) for assert_failed
    stm32f4xx_rcc.o(i.RCC_APB2PeriphClockLPModeCmd) refers to main.o(i.assert_failed) for assert_failed
    stm32f4xx_rcc.o(i.RCC_APB2PeriphResetCmd) refers to main.o(i.assert_failed) for assert_failed
    stm32f4xx_rcc.o(i.RCC_AdjustHSICalibrationValue) refers to main.o(i.assert_failed) for assert_failed
    stm32f4xx_rcc.o(i.RCC_BackupResetCmd) refers to main.o(i.assert_failed) for assert_failed
    stm32f4xx_rcc.o(i.RCC_ClearITPendingBit) refers to main.o(i.assert_failed) for assert_failed
    stm32f4xx_rcc.o(i.RCC_ClockSecuritySystemCmd) refers to main.o(i.assert_failed) for assert_failed
    stm32f4xx_rcc.o(i.RCC_GetClocksFreq) refers to stm32f4xx_rcc.o(.data) for APBAHBPrescTable
    stm32f4xx_rcc.o(i.RCC_GetFlagStatus) refers to main.o(i.assert_failed) for assert_failed
    stm32f4xx_rcc.o(i.RCC_GetITStatus) refers to main.o(i.assert_failed) for assert_failed
    stm32f4xx_rcc.o(i.RCC_HCLKConfig) refers to main.o(i.assert_failed) for assert_failed
    stm32f4xx_rcc.o(i.RCC_HSEConfig) refers to main.o(i.assert_failed) for assert_failed
    stm32f4xx_rcc.o(i.RCC_HSICmd) refers to main.o(i.assert_failed) for assert_failed
    stm32f4xx_rcc.o(i.RCC_I2SCLKConfig) refers to main.o(i.assert_failed) for assert_failed
    stm32f4xx_rcc.o(i.RCC_ITConfig) refers to main.o(i.assert_failed) for assert_failed
    stm32f4xx_rcc.o(i.RCC_LSEConfig) refers to main.o(i.assert_failed) for assert_failed
    stm32f4xx_rcc.o(i.RCC_LSEModeConfig) refers to main.o(i.assert_failed) for assert_failed
    stm32f4xx_rcc.o(i.RCC_LSICmd) refers to main.o(i.assert_failed) for assert_failed
    stm32f4xx_rcc.o(i.RCC_LTDCCLKDivConfig) refers to main.o(i.assert_failed) for assert_failed
    stm32f4xx_rcc.o(i.RCC_MCO1Config) refers to main.o(i.assert_failed) for assert_failed
    stm32f4xx_rcc.o(i.RCC_MCO2Config) refers to main.o(i.assert_failed) for assert_failed
    stm32f4xx_rcc.o(i.RCC_PCLK1Config) refers to main.o(i.assert_failed) for assert_failed
    stm32f4xx_rcc.o(i.RCC_PCLK2Config) refers to main.o(i.assert_failed) for assert_failed
    stm32f4xx_rcc.o(i.RCC_PLLCmd) refers to main.o(i.assert_failed) for assert_failed
    stm32f4xx_rcc.o(i.RCC_PLLConfig) refers to main.o(i.assert_failed) for assert_failed
    stm32f4xx_rcc.o(i.RCC_PLLI2SCmd) refers to main.o(i.assert_failed) for assert_failed
    stm32f4xx_rcc.o(i.RCC_PLLI2SConfig) refers to main.o(i.assert_failed) for assert_failed
    stm32f4xx_rcc.o(i.RCC_PLLSAICmd) refers to main.o(i.assert_failed) for assert_failed
    stm32f4xx_rcc.o(i.RCC_PLLSAIConfig) refers to main.o(i.assert_failed) for assert_failed
    stm32f4xx_rcc.o(i.RCC_RTCCLKCmd) refers to main.o(i.assert_failed) for assert_failed
    stm32f4xx_rcc.o(i.RCC_RTCCLKConfig) refers to main.o(i.assert_failed) for assert_failed
    stm32f4xx_rcc.o(i.RCC_SAIBlockACLKConfig) refers to main.o(i.assert_failed) for assert_failed
    stm32f4xx_rcc.o(i.RCC_SAIBlockBCLKConfig) refers to main.o(i.assert_failed) for assert_failed
    stm32f4xx_rcc.o(i.RCC_SAIPLLI2SClkDivConfig) refers to main.o(i.assert_failed) for assert_failed
    stm32f4xx_rcc.o(i.RCC_SAIPLLSAIClkDivConfig) refers to main.o(i.assert_failed) for assert_failed
    stm32f4xx_rcc.o(i.RCC_SYSCLKConfig) refers to main.o(i.assert_failed) for assert_failed
    stm32f4xx_rcc.o(i.RCC_TIMCLKPresConfig) refers to main.o(i.assert_failed) for assert_failed
    stm32f4xx_rcc.o(i.RCC_WaitForHSEStartUp) refers to stm32f4xx_rcc.o(i.RCC_GetFlagStatus) for RCC_GetFlagStatus
    stm32f4xx_rcc.o(.ARM.exidx) refers to stm32f4xx_rcc.o(i.RCC_DeInit) for i.RCC_DeInit
    stm32f4xx_rcc.o(.ARM.exidx) refers to stm32f4xx_rcc.o(i.RCC_HSEConfig) for i.RCC_HSEConfig
    stm32f4xx_rcc.o(.ARM.exidx) refers to stm32f4xx_rcc.o(i.RCC_GetFlagStatus) for i.RCC_GetFlagStatus
    stm32f4xx_rcc.o(.ARM.exidx) refers to stm32f4xx_rcc.o(i.RCC_WaitForHSEStartUp) for i.RCC_WaitForHSEStartUp
    stm32f4xx_rcc.o(.ARM.exidx) refers to stm32f4xx_rcc.o(i.RCC_AdjustHSICalibrationValue) for i.RCC_AdjustHSICalibrationValue
    stm32f4xx_rcc.o(.ARM.exidx) refers to stm32f4xx_rcc.o(i.RCC_HSICmd) for i.RCC_HSICmd
    stm32f4xx_rcc.o(.ARM.exidx) refers to stm32f4xx_rcc.o(i.RCC_LSEConfig) for i.RCC_LSEConfig
    stm32f4xx_rcc.o(.ARM.exidx) refers to stm32f4xx_rcc.o(i.RCC_LSICmd) for i.RCC_LSICmd
    stm32f4xx_rcc.o(.ARM.exidx) refers to stm32f4xx_rcc.o(i.RCC_PLLConfig) for i.RCC_PLLConfig
    stm32f4xx_rcc.o(.ARM.exidx) refers to stm32f4xx_rcc.o(i.RCC_PLLCmd) for i.RCC_PLLCmd
    stm32f4xx_rcc.o(.ARM.exidx) refers to stm32f4xx_rcc.o(i.RCC_PLLI2SConfig) for i.RCC_PLLI2SConfig
    stm32f4xx_rcc.o(.ARM.exidx) refers to stm32f4xx_rcc.o(i.RCC_PLLI2SCmd) for i.RCC_PLLI2SCmd
    stm32f4xx_rcc.o(.ARM.exidx) refers to stm32f4xx_rcc.o(i.RCC_PLLSAIConfig) for i.RCC_PLLSAIConfig
    stm32f4xx_rcc.o(.ARM.exidx) refers to stm32f4xx_rcc.o(i.RCC_PLLSAICmd) for i.RCC_PLLSAICmd
    stm32f4xx_rcc.o(.ARM.exidx) refers to stm32f4xx_rcc.o(i.RCC_ClockSecuritySystemCmd) for i.RCC_ClockSecuritySystemCmd
    stm32f4xx_rcc.o(.ARM.exidx) refers to stm32f4xx_rcc.o(i.RCC_MCO1Config) for i.RCC_MCO1Config
    stm32f4xx_rcc.o(.ARM.exidx) refers to stm32f4xx_rcc.o(i.RCC_MCO2Config) for i.RCC_MCO2Config
    stm32f4xx_rcc.o(.ARM.exidx) refers to stm32f4xx_rcc.o(i.RCC_SYSCLKConfig) for i.RCC_SYSCLKConfig
    stm32f4xx_rcc.o(.ARM.exidx) refers to stm32f4xx_rcc.o(i.RCC_GetSYSCLKSource) for i.RCC_GetSYSCLKSource
    stm32f4xx_rcc.o(.ARM.exidx) refers to stm32f4xx_rcc.o(i.RCC_HCLKConfig) for i.RCC_HCLKConfig
    stm32f4xx_rcc.o(.ARM.exidx) refers to stm32f4xx_rcc.o(i.RCC_PCLK1Config) for i.RCC_PCLK1Config
    stm32f4xx_rcc.o(.ARM.exidx) refers to stm32f4xx_rcc.o(i.RCC_PCLK2Config) for i.RCC_PCLK2Config
    stm32f4xx_rcc.o(.ARM.exidx) refers to stm32f4xx_rcc.o(i.RCC_GetClocksFreq) for i.RCC_GetClocksFreq
    stm32f4xx_rcc.o(.ARM.exidx) refers to stm32f4xx_rcc.o(i.RCC_RTCCLKConfig) for i.RCC_RTCCLKConfig
    stm32f4xx_rcc.o(.ARM.exidx) refers to stm32f4xx_rcc.o(i.RCC_RTCCLKCmd) for i.RCC_RTCCLKCmd
    stm32f4xx_rcc.o(.ARM.exidx) refers to stm32f4xx_rcc.o(i.RCC_BackupResetCmd) for i.RCC_BackupResetCmd
    stm32f4xx_rcc.o(.ARM.exidx) refers to stm32f4xx_rcc.o(i.RCC_I2SCLKConfig) for i.RCC_I2SCLKConfig
    stm32f4xx_rcc.o(.ARM.exidx) refers to stm32f4xx_rcc.o(i.RCC_SAIBlockACLKConfig) for i.RCC_SAIBlockACLKConfig
    stm32f4xx_rcc.o(.ARM.exidx) refers to stm32f4xx_rcc.o(i.RCC_SAIBlockBCLKConfig) for i.RCC_SAIBlockBCLKConfig
    stm32f4xx_rcc.o(.ARM.exidx) refers to stm32f4xx_rcc.o(i.RCC_SAIPLLI2SClkDivConfig) for i.RCC_SAIPLLI2SClkDivConfig
    stm32f4xx_rcc.o(.ARM.exidx) refers to stm32f4xx_rcc.o(i.RCC_SAIPLLSAIClkDivConfig) for i.RCC_SAIPLLSAIClkDivConfig
    stm32f4xx_rcc.o(.ARM.exidx) refers to stm32f4xx_rcc.o(i.RCC_LTDCCLKDivConfig) for i.RCC_LTDCCLKDivConfig
    stm32f4xx_rcc.o(.ARM.exidx) refers to stm32f4xx_rcc.o(i.RCC_TIMCLKPresConfig) for i.RCC_TIMCLKPresConfig
    stm32f4xx_rcc.o(.ARM.exidx) refers to stm32f4xx_rcc.o(i.RCC_AHB1PeriphClockCmd) for i.RCC_AHB1PeriphClockCmd
    stm32f4xx_rcc.o(.ARM.exidx) refers to stm32f4xx_rcc.o(i.RCC_AHB2PeriphClockCmd) for i.RCC_AHB2PeriphClockCmd
    stm32f4xx_rcc.o(.ARM.exidx) refers to stm32f4xx_rcc.o(i.RCC_AHB3PeriphClockCmd) for i.RCC_AHB3PeriphClockCmd
    stm32f4xx_rcc.o(.ARM.exidx) refers to stm32f4xx_rcc.o(i.RCC_APB1PeriphClockCmd) for i.RCC_APB1PeriphClockCmd
    stm32f4xx_rcc.o(.ARM.exidx) refers to stm32f4xx_rcc.o(i.RCC_APB2PeriphClockCmd) for i.RCC_APB2PeriphClockCmd
    stm32f4xx_rcc.o(.ARM.exidx) refers to stm32f4xx_rcc.o(i.RCC_AHB1PeriphResetCmd) for i.RCC_AHB1PeriphResetCmd
    stm32f4xx_rcc.o(.ARM.exidx) refers to stm32f4xx_rcc.o(i.RCC_AHB2PeriphResetCmd) for i.RCC_AHB2PeriphResetCmd
    stm32f4xx_rcc.o(.ARM.exidx) refers to stm32f4xx_rcc.o(i.RCC_AHB3PeriphResetCmd) for i.RCC_AHB3PeriphResetCmd
    stm32f4xx_rcc.o(.ARM.exidx) refers to stm32f4xx_rcc.o(i.RCC_APB1PeriphResetCmd) for i.RCC_APB1PeriphResetCmd
    stm32f4xx_rcc.o(.ARM.exidx) refers to stm32f4xx_rcc.o(i.RCC_APB2PeriphResetCmd) for i.RCC_APB2PeriphResetCmd
    stm32f4xx_rcc.o(.ARM.exidx) refers to stm32f4xx_rcc.o(i.RCC_AHB1PeriphClockLPModeCmd) for i.RCC_AHB1PeriphClockLPModeCmd
    stm32f4xx_rcc.o(.ARM.exidx) refers to stm32f4xx_rcc.o(i.RCC_AHB2PeriphClockLPModeCmd) for i.RCC_AHB2PeriphClockLPModeCmd
    stm32f4xx_rcc.o(.ARM.exidx) refers to stm32f4xx_rcc.o(i.RCC_AHB3PeriphClockLPModeCmd) for i.RCC_AHB3PeriphClockLPModeCmd
    stm32f4xx_rcc.o(.ARM.exidx) refers to stm32f4xx_rcc.o(i.RCC_APB1PeriphClockLPModeCmd) for i.RCC_APB1PeriphClockLPModeCmd
    stm32f4xx_rcc.o(.ARM.exidx) refers to stm32f4xx_rcc.o(i.RCC_APB2PeriphClockLPModeCmd) for i.RCC_APB2PeriphClockLPModeCmd
    stm32f4xx_rcc.o(.ARM.exidx) refers to stm32f4xx_rcc.o(i.RCC_LSEModeConfig) for i.RCC_LSEModeConfig
    stm32f4xx_rcc.o(.ARM.exidx) refers to stm32f4xx_rcc.o(i.RCC_ITConfig) for i.RCC_ITConfig
    stm32f4xx_rcc.o(.ARM.exidx) refers to stm32f4xx_rcc.o(i.RCC_ClearFlag) for i.RCC_ClearFlag
    stm32f4xx_rcc.o(.ARM.exidx) refers to stm32f4xx_rcc.o(i.RCC_GetITStatus) for i.RCC_GetITStatus
    stm32f4xx_rcc.o(.ARM.exidx) refers to stm32f4xx_rcc.o(i.RCC_ClearITPendingBit) for i.RCC_ClearITPendingBit
    stm32f4xx_rng.o(i.RNG_ClearFlag) refers to main.o(i.assert_failed) for assert_failed
    stm32f4xx_rng.o(i.RNG_ClearITPendingBit) refers to main.o(i.assert_failed) for assert_failed
    stm32f4xx_rng.o(i.RNG_Cmd) refers to main.o(i.assert_failed) for assert_failed
    stm32f4xx_rng.o(i.RNG_DeInit) refers to stm32f4xx_rcc.o(i.RCC_AHB2PeriphResetCmd) for RCC_AHB2PeriphResetCmd
    stm32f4xx_rng.o(i.RNG_GetFlagStatus) refers to main.o(i.assert_failed) for assert_failed
    stm32f4xx_rng.o(i.RNG_GetITStatus) refers to main.o(i.assert_failed) for assert_failed
    stm32f4xx_rng.o(i.RNG_ITConfig) refers to main.o(i.assert_failed) for assert_failed
    stm32f4xx_rng.o(.ARM.exidx) refers to stm32f4xx_rng.o(i.RNG_DeInit) for i.RNG_DeInit
    stm32f4xx_rng.o(.ARM.exidx) refers to stm32f4xx_rng.o(i.RNG_Cmd) for i.RNG_Cmd
    stm32f4xx_rng.o(.ARM.exidx) refers to stm32f4xx_rng.o(i.RNG_GetRandomNumber) for i.RNG_GetRandomNumber
    stm32f4xx_rng.o(.ARM.exidx) refers to stm32f4xx_rng.o(i.RNG_ITConfig) for i.RNG_ITConfig
    stm32f4xx_rng.o(.ARM.exidx) refers to stm32f4xx_rng.o(i.RNG_GetFlagStatus) for i.RNG_GetFlagStatus
    stm32f4xx_rng.o(.ARM.exidx) refers to stm32f4xx_rng.o(i.RNG_ClearFlag) for i.RNG_ClearFlag
    stm32f4xx_rng.o(.ARM.exidx) refers to stm32f4xx_rng.o(i.RNG_GetITStatus) for i.RNG_GetITStatus
    stm32f4xx_rng.o(.ARM.exidx) refers to stm32f4xx_rng.o(i.RNG_ClearITPendingBit) for i.RNG_ClearITPendingBit
    stm32f4xx_rtc.o(i.RTC_AlarmCmd) refers to main.o(i.assert_failed) for assert_failed
    stm32f4xx_rtc.o(i.RTC_AlarmSubSecondConfig) refers to main.o(i.assert_failed) for assert_failed
    stm32f4xx_rtc.o(i.RTC_BypassShadowCmd) refers to main.o(i.assert_failed) for assert_failed
    stm32f4xx_rtc.o(i.RTC_CalibOutputCmd) refers to main.o(i.assert_failed) for assert_failed
    stm32f4xx_rtc.o(i.RTC_CalibOutputConfig) refers to main.o(i.assert_failed) for assert_failed
    stm32f4xx_rtc.o(i.RTC_ClearFlag) refers to main.o(i.assert_failed) for assert_failed
    stm32f4xx_rtc.o(i.RTC_ClearITPendingBit) refers to main.o(i.assert_failed) for assert_failed
    stm32f4xx_rtc.o(i.RTC_CoarseCalibCmd) refers to main.o(i.assert_failed) for assert_failed
    stm32f4xx_rtc.o(i.RTC_CoarseCalibCmd) refers to stm32f4xx_rtc.o(i.RTC_EnterInitMode) for RTC_EnterInitMode
    stm32f4xx_rtc.o(i.RTC_CoarseCalibCmd) refers to stm32f4xx_rtc.o(i.RTC_ExitInitMode) for RTC_ExitInitMode
    stm32f4xx_rtc.o(i.RTC_CoarseCalibConfig) refers to main.o(i.assert_failed) for assert_failed
    stm32f4xx_rtc.o(i.RTC_CoarseCalibConfig) refers to stm32f4xx_rtc.o(i.RTC_EnterInitMode) for RTC_EnterInitMode
    stm32f4xx_rtc.o(i.RTC_CoarseCalibConfig) refers to stm32f4xx_rtc.o(i.RTC_ExitInitMode) for RTC_ExitInitMode
    stm32f4xx_rtc.o(i.RTC_DayLightSavingConfig) refers to main.o(i.assert_failed) for assert_failed
    stm32f4xx_rtc.o(i.RTC_DeInit) refers to stm32f4xx_rtc.o(i.RTC_EnterInitMode) for RTC_EnterInitMode
    stm32f4xx_rtc.o(i.RTC_DeInit) refers to stm32f4xx_rtc.o(i.RTC_WaitForSynchro) for RTC_WaitForSynchro
    stm32f4xx_rtc.o(i.RTC_GetAlarm) refers to main.o(i.assert_failed) for assert_failed
    stm32f4xx_rtc.o(i.RTC_GetAlarm) refers to stm32f4xx_rtc.o(i._Z14RTC_Bcd2ToByteh) for RTC_Bcd2ToByte(unsigned char)
    stm32f4xx_rtc.o(i.RTC_GetDate) refers to main.o(i.assert_failed) for assert_failed
    stm32f4xx_rtc.o(i.RTC_GetDate) refers to stm32f4xx_rtc.o(i._Z14RTC_Bcd2ToByteh) for RTC_Bcd2ToByte(unsigned char)
    stm32f4xx_rtc.o(i.RTC_GetFlagStatus) refers to main.o(i.assert_failed) for assert_failed
    stm32f4xx_rtc.o(i.RTC_GetITStatus) refers to main.o(i.assert_failed) for assert_failed
    stm32f4xx_rtc.o(i.RTC_GetTime) refers to main.o(i.assert_failed) for assert_failed
    stm32f4xx_rtc.o(i.RTC_GetTime) refers to stm32f4xx_rtc.o(i._Z14RTC_Bcd2ToByteh) for RTC_Bcd2ToByte(unsigned char)
    stm32f4xx_rtc.o(i.RTC_GetTimeStamp) refers to main.o(i.assert_failed) for assert_failed
    stm32f4xx_rtc.o(i.RTC_GetTimeStamp) refers to stm32f4xx_rtc.o(i._Z14RTC_Bcd2ToByteh) for RTC_Bcd2ToByte(unsigned char)
    stm32f4xx_rtc.o(i.RTC_ITConfig) refers to main.o(i.assert_failed) for assert_failed
    stm32f4xx_rtc.o(i.RTC_Init) refers to main.o(i.assert_failed) for assert_failed
    stm32f4xx_rtc.o(i.RTC_Init) refers to stm32f4xx_rtc.o(i.RTC_EnterInitMode) for RTC_EnterInitMode
    stm32f4xx_rtc.o(i.RTC_Init) refers to stm32f4xx_rtc.o(i.RTC_ExitInitMode) for RTC_ExitInitMode
    stm32f4xx_rtc.o(i.RTC_OutputConfig) refers to main.o(i.assert_failed) for assert_failed
    stm32f4xx_rtc.o(i.RTC_OutputTypeConfig) refers to main.o(i.assert_failed) for assert_failed
    stm32f4xx_rtc.o(i.RTC_ReadBackupRegister) refers to main.o(i.assert_failed) for assert_failed
    stm32f4xx_rtc.o(i.RTC_RefClockCmd) refers to main.o(i.assert_failed) for assert_failed
    stm32f4xx_rtc.o(i.RTC_RefClockCmd) refers to stm32f4xx_rtc.o(i.RTC_EnterInitMode) for RTC_EnterInitMode
    stm32f4xx_rtc.o(i.RTC_RefClockCmd) refers to stm32f4xx_rtc.o(i.RTC_ExitInitMode) for RTC_ExitInitMode
    stm32f4xx_rtc.o(i.RTC_SetAlarm) refers to main.o(i.assert_failed) for assert_failed
    stm32f4xx_rtc.o(i.RTC_SetAlarm) refers to stm32f4xx_rtc.o(i._Z14RTC_Bcd2ToByteh) for RTC_Bcd2ToByte(unsigned char)
    stm32f4xx_rtc.o(i.RTC_SetAlarm) refers to stm32f4xx_rtc.o(i._Z14RTC_ByteToBcd2h) for RTC_ByteToBcd2(unsigned char)
    stm32f4xx_rtc.o(i.RTC_SetDate) refers to main.o(i.assert_failed) for assert_failed
    stm32f4xx_rtc.o(i.RTC_SetDate) refers to stm32f4xx_rtc.o(i._Z14RTC_Bcd2ToByteh) for RTC_Bcd2ToByte(unsigned char)
    stm32f4xx_rtc.o(i.RTC_SetDate) refers to stm32f4xx_rtc.o(i._Z14RTC_ByteToBcd2h) for RTC_ByteToBcd2(unsigned char)
    stm32f4xx_rtc.o(i.RTC_SetDate) refers to stm32f4xx_rtc.o(i.RTC_EnterInitMode) for RTC_EnterInitMode
    stm32f4xx_rtc.o(i.RTC_SetDate) refers to stm32f4xx_rtc.o(i.RTC_ExitInitMode) for RTC_ExitInitMode
    stm32f4xx_rtc.o(i.RTC_SetDate) refers to stm32f4xx_rtc.o(i.RTC_WaitForSynchro) for RTC_WaitForSynchro
    stm32f4xx_rtc.o(i.RTC_SetTime) refers to main.o(i.assert_failed) for assert_failed
    stm32f4xx_rtc.o(i.RTC_SetTime) refers to stm32f4xx_rtc.o(i._Z14RTC_Bcd2ToByteh) for RTC_Bcd2ToByte(unsigned char)
    stm32f4xx_rtc.o(i.RTC_SetTime) refers to stm32f4xx_rtc.o(i._Z14RTC_ByteToBcd2h) for RTC_ByteToBcd2(unsigned char)
    stm32f4xx_rtc.o(i.RTC_SetTime) refers to stm32f4xx_rtc.o(i.RTC_EnterInitMode) for RTC_EnterInitMode
    stm32f4xx_rtc.o(i.RTC_SetTime) refers to stm32f4xx_rtc.o(i.RTC_ExitInitMode) for RTC_ExitInitMode
    stm32f4xx_rtc.o(i.RTC_SetTime) refers to stm32f4xx_rtc.o(i.RTC_WaitForSynchro) for RTC_WaitForSynchro
    stm32f4xx_rtc.o(i.RTC_SetWakeUpCounter) refers to main.o(i.assert_failed) for assert_failed
    stm32f4xx_rtc.o(i.RTC_SmoothCalibConfig) refers to main.o(i.assert_failed) for assert_failed
    stm32f4xx_rtc.o(i.RTC_SynchroShiftConfig) refers to main.o(i.assert_failed) for assert_failed
    stm32f4xx_rtc.o(i.RTC_SynchroShiftConfig) refers to stm32f4xx_rtc.o(i.RTC_WaitForSynchro) for RTC_WaitForSynchro
    stm32f4xx_rtc.o(i.RTC_TamperCmd) refers to main.o(i.assert_failed) for assert_failed
    stm32f4xx_rtc.o(i.RTC_TamperFilterConfig) refers to main.o(i.assert_failed) for assert_failed
    stm32f4xx_rtc.o(i.RTC_TamperPinSelection) refers to main.o(i.assert_failed) for assert_failed
    stm32f4xx_rtc.o(i.RTC_TamperPinsPrechargeDuration) refers to main.o(i.assert_failed) for assert_failed
    stm32f4xx_rtc.o(i.RTC_TamperPullUpCmd) refers to main.o(i.assert_failed) for assert_failed
    stm32f4xx_rtc.o(i.RTC_TamperSamplingFreqConfig) refers to main.o(i.assert_failed) for assert_failed
    stm32f4xx_rtc.o(i.RTC_TamperTriggerConfig) refers to main.o(i.assert_failed) for assert_failed
    stm32f4xx_rtc.o(i.RTC_TimeStampCmd) refers to main.o(i.assert_failed) for assert_failed
    stm32f4xx_rtc.o(i.RTC_TimeStampOnTamperDetectionCmd) refers to main.o(i.assert_failed) for assert_failed
    stm32f4xx_rtc.o(i.RTC_TimeStampPinSelection) refers to main.o(i.assert_failed) for assert_failed
    stm32f4xx_rtc.o(i.RTC_WakeUpClockConfig) refers to main.o(i.assert_failed) for assert_failed
    stm32f4xx_rtc.o(i.RTC_WakeUpCmd) refers to main.o(i.assert_failed) for assert_failed
    stm32f4xx_rtc.o(i.RTC_WriteBackupRegister) refers to main.o(i.assert_failed) for assert_failed
    stm32f4xx_rtc.o(i.RTC_WriteProtectionCmd) refers to main.o(i.assert_failed) for assert_failed
    stm32f4xx_rtc.o(.ARM.exidx) refers to stm32f4xx_rtc.o(i.RTC_WaitForSynchro) for i.RTC_WaitForSynchro
    stm32f4xx_rtc.o(.ARM.exidx) refers to stm32f4xx_rtc.o(i.RTC_EnterInitMode) for i.RTC_EnterInitMode
    stm32f4xx_rtc.o(.ARM.exidx) refers to stm32f4xx_rtc.o(i.RTC_DeInit) for i.RTC_DeInit
    stm32f4xx_rtc.o(.ARM.exidx) refers to stm32f4xx_rtc.o(i.RTC_ExitInitMode) for i.RTC_ExitInitMode
    stm32f4xx_rtc.o(.ARM.exidx) refers to stm32f4xx_rtc.o(i.RTC_Init) for i.RTC_Init
    stm32f4xx_rtc.o(.ARM.exidx) refers to stm32f4xx_rtc.o(i.RTC_StructInit) for i.RTC_StructInit
    stm32f4xx_rtc.o(.ARM.exidx) refers to stm32f4xx_rtc.o(i.RTC_WriteProtectionCmd) for i.RTC_WriteProtectionCmd
    stm32f4xx_rtc.o(.ARM.exidx) refers to stm32f4xx_rtc.o(i.RTC_RefClockCmd) for i.RTC_RefClockCmd
    stm32f4xx_rtc.o(.ARM.exidx) refers to stm32f4xx_rtc.o(i.RTC_BypassShadowCmd) for i.RTC_BypassShadowCmd
    stm32f4xx_rtc.o(.ARM.exidx) refers to stm32f4xx_rtc.o(i._Z14RTC_ByteToBcd2h) for i._Z14RTC_ByteToBcd2h
    stm32f4xx_rtc.o(.ARM.exidx) refers to stm32f4xx_rtc.o(i._Z14RTC_Bcd2ToByteh) for i._Z14RTC_Bcd2ToByteh
    stm32f4xx_rtc.o(.ARM.exidx) refers to stm32f4xx_rtc.o(i.RTC_SetTime) for i.RTC_SetTime
    stm32f4xx_rtc.o(.ARM.exidx) refers to stm32f4xx_rtc.o(i.RTC_TimeStructInit) for i.RTC_TimeStructInit
    stm32f4xx_rtc.o(.ARM.exidx) refers to stm32f4xx_rtc.o(i.RTC_GetTime) for i.RTC_GetTime
    stm32f4xx_rtc.o(.ARM.exidx) refers to stm32f4xx_rtc.o(i.RTC_GetSubSecond) for i.RTC_GetSubSecond
    stm32f4xx_rtc.o(.ARM.exidx) refers to stm32f4xx_rtc.o(i.RTC_SetDate) for i.RTC_SetDate
    stm32f4xx_rtc.o(.ARM.exidx) refers to stm32f4xx_rtc.o(i.RTC_DateStructInit) for i.RTC_DateStructInit
    stm32f4xx_rtc.o(.ARM.exidx) refers to stm32f4xx_rtc.o(i.RTC_GetDate) for i.RTC_GetDate
    stm32f4xx_rtc.o(.ARM.exidx) refers to stm32f4xx_rtc.o(i.RTC_SetAlarm) for i.RTC_SetAlarm
    stm32f4xx_rtc.o(.ARM.exidx) refers to stm32f4xx_rtc.o(i.RTC_AlarmStructInit) for i.RTC_AlarmStructInit
    stm32f4xx_rtc.o(.ARM.exidx) refers to stm32f4xx_rtc.o(i.RTC_GetAlarm) for i.RTC_GetAlarm
    stm32f4xx_rtc.o(.ARM.exidx) refers to stm32f4xx_rtc.o(i.RTC_AlarmCmd) for i.RTC_AlarmCmd
    stm32f4xx_rtc.o(.ARM.exidx) refers to stm32f4xx_rtc.o(i.RTC_AlarmSubSecondConfig) for i.RTC_AlarmSubSecondConfig
    stm32f4xx_rtc.o(.ARM.exidx) refers to stm32f4xx_rtc.o(i.RTC_GetAlarmSubSecond) for i.RTC_GetAlarmSubSecond
    stm32f4xx_rtc.o(.ARM.exidx) refers to stm32f4xx_rtc.o(i.RTC_WakeUpClockConfig) for i.RTC_WakeUpClockConfig
    stm32f4xx_rtc.o(.ARM.exidx) refers to stm32f4xx_rtc.o(i.RTC_SetWakeUpCounter) for i.RTC_SetWakeUpCounter
    stm32f4xx_rtc.o(.ARM.exidx) refers to stm32f4xx_rtc.o(i.RTC_GetWakeUpCounter) for i.RTC_GetWakeUpCounter
    stm32f4xx_rtc.o(.ARM.exidx) refers to stm32f4xx_rtc.o(i.RTC_WakeUpCmd) for i.RTC_WakeUpCmd
    stm32f4xx_rtc.o(.ARM.exidx) refers to stm32f4xx_rtc.o(i.RTC_DayLightSavingConfig) for i.RTC_DayLightSavingConfig
    stm32f4xx_rtc.o(.ARM.exidx) refers to stm32f4xx_rtc.o(i.RTC_GetStoreOperation) for i.RTC_GetStoreOperation
    stm32f4xx_rtc.o(.ARM.exidx) refers to stm32f4xx_rtc.o(i.RTC_OutputConfig) for i.RTC_OutputConfig
    stm32f4xx_rtc.o(.ARM.exidx) refers to stm32f4xx_rtc.o(i.RTC_CoarseCalibConfig) for i.RTC_CoarseCalibConfig
    stm32f4xx_rtc.o(.ARM.exidx) refers to stm32f4xx_rtc.o(i.RTC_CoarseCalibCmd) for i.RTC_CoarseCalibCmd
    stm32f4xx_rtc.o(.ARM.exidx) refers to stm32f4xx_rtc.o(i.RTC_CalibOutputCmd) for i.RTC_CalibOutputCmd
    stm32f4xx_rtc.o(.ARM.exidx) refers to stm32f4xx_rtc.o(i.RTC_CalibOutputConfig) for i.RTC_CalibOutputConfig
    stm32f4xx_rtc.o(.ARM.exidx) refers to stm32f4xx_rtc.o(i.RTC_SmoothCalibConfig) for i.RTC_SmoothCalibConfig
    stm32f4xx_rtc.o(.ARM.exidx) refers to stm32f4xx_rtc.o(i.RTC_TimeStampCmd) for i.RTC_TimeStampCmd
    stm32f4xx_rtc.o(.ARM.exidx) refers to stm32f4xx_rtc.o(i.RTC_GetTimeStamp) for i.RTC_GetTimeStamp
    stm32f4xx_rtc.o(.ARM.exidx) refers to stm32f4xx_rtc.o(i.RTC_GetTimeStampSubSecond) for i.RTC_GetTimeStampSubSecond
    stm32f4xx_rtc.o(.ARM.exidx) refers to stm32f4xx_rtc.o(i.RTC_TamperTriggerConfig) for i.RTC_TamperTriggerConfig
    stm32f4xx_rtc.o(.ARM.exidx) refers to stm32f4xx_rtc.o(i.RTC_TamperCmd) for i.RTC_TamperCmd
    stm32f4xx_rtc.o(.ARM.exidx) refers to stm32f4xx_rtc.o(i.RTC_TamperFilterConfig) for i.RTC_TamperFilterConfig
    stm32f4xx_rtc.o(.ARM.exidx) refers to stm32f4xx_rtc.o(i.RTC_TamperSamplingFreqConfig) for i.RTC_TamperSamplingFreqConfig
    stm32f4xx_rtc.o(.ARM.exidx) refers to stm32f4xx_rtc.o(i.RTC_TamperPinsPrechargeDuration) for i.RTC_TamperPinsPrechargeDuration
    stm32f4xx_rtc.o(.ARM.exidx) refers to stm32f4xx_rtc.o(i.RTC_TimeStampOnTamperDetectionCmd) for i.RTC_TimeStampOnTamperDetectionCmd
    stm32f4xx_rtc.o(.ARM.exidx) refers to stm32f4xx_rtc.o(i.RTC_TamperPullUpCmd) for i.RTC_TamperPullUpCmd
    stm32f4xx_rtc.o(.ARM.exidx) refers to stm32f4xx_rtc.o(i.RTC_WriteBackupRegister) for i.RTC_WriteBackupRegister
    stm32f4xx_rtc.o(.ARM.exidx) refers to stm32f4xx_rtc.o(i.RTC_ReadBackupRegister) for i.RTC_ReadBackupRegister
    stm32f4xx_rtc.o(.ARM.exidx) refers to stm32f4xx_rtc.o(i.RTC_TamperPinSelection) for i.RTC_TamperPinSelection
    stm32f4xx_rtc.o(.ARM.exidx) refers to stm32f4xx_rtc.o(i.RTC_TimeStampPinSelection) for i.RTC_TimeStampPinSelection
    stm32f4xx_rtc.o(.ARM.exidx) refers to stm32f4xx_rtc.o(i.RTC_OutputTypeConfig) for i.RTC_OutputTypeConfig
    stm32f4xx_rtc.o(.ARM.exidx) refers to stm32f4xx_rtc.o(i.RTC_SynchroShiftConfig) for i.RTC_SynchroShiftConfig
    stm32f4xx_rtc.o(.ARM.exidx) refers to stm32f4xx_rtc.o(i.RTC_ITConfig) for i.RTC_ITConfig
    stm32f4xx_rtc.o(.ARM.exidx) refers to stm32f4xx_rtc.o(i.RTC_GetFlagStatus) for i.RTC_GetFlagStatus
    stm32f4xx_rtc.o(.ARM.exidx) refers to stm32f4xx_rtc.o(i.RTC_ClearFlag) for i.RTC_ClearFlag
    stm32f4xx_rtc.o(.ARM.exidx) refers to stm32f4xx_rtc.o(i.RTC_GetITStatus) for i.RTC_GetITStatus
    stm32f4xx_rtc.o(.ARM.exidx) refers to stm32f4xx_rtc.o(i.RTC_ClearITPendingBit) for i.RTC_ClearITPendingBit
    stm32f4xx_sai.o(i.SAI_ClearFlag) refers to main.o(i.assert_failed) for assert_failed
    stm32f4xx_sai.o(i.SAI_ClearITPendingBit) refers to main.o(i.assert_failed) for assert_failed
    stm32f4xx_sai.o(i.SAI_Cmd) refers to main.o(i.assert_failed) for assert_failed
    stm32f4xx_sai.o(i.SAI_CompandingModeConfig) refers to main.o(i.assert_failed) for assert_failed
    stm32f4xx_sai.o(i.SAI_DMACmd) refers to main.o(i.assert_failed) for assert_failed
    stm32f4xx_sai.o(i.SAI_DeInit) refers to main.o(i.assert_failed) for assert_failed
    stm32f4xx_sai.o(i.SAI_DeInit) refers to stm32f4xx_rcc.o(i.RCC_APB2PeriphResetCmd) for RCC_APB2PeriphResetCmd
    stm32f4xx_sai.o(i.SAI_FlushFIFO) refers to main.o(i.assert_failed) for assert_failed
    stm32f4xx_sai.o(i.SAI_FrameInit) refers to main.o(i.assert_failed) for assert_failed
    stm32f4xx_sai.o(i.SAI_GetCmdStatus) refers to main.o(i.assert_failed) for assert_failed
    stm32f4xx_sai.o(i.SAI_GetFIFOStatus) refers to main.o(i.assert_failed) for assert_failed
    stm32f4xx_sai.o(i.SAI_GetFlagStatus) refers to main.o(i.assert_failed) for assert_failed
    stm32f4xx_sai.o(i.SAI_GetITStatus) refers to main.o(i.assert_failed) for assert_failed
    stm32f4xx_sai.o(i.SAI_ITConfig) refers to main.o(i.assert_failed) for assert_failed
    stm32f4xx_sai.o(i.SAI_Init) refers to main.o(i.assert_failed) for assert_failed
    stm32f4xx_sai.o(i.SAI_MonoModeConfig) refers to main.o(i.assert_failed) for assert_failed
    stm32f4xx_sai.o(i.SAI_MuteFrameCounterConfig) refers to main.o(i.assert_failed) for assert_failed
    stm32f4xx_sai.o(i.SAI_MuteModeCmd) refers to main.o(i.assert_failed) for assert_failed
    stm32f4xx_sai.o(i.SAI_MuteValueConfig) refers to main.o(i.assert_failed) for assert_failed
    stm32f4xx_sai.o(i.SAI_ReceiveData) refers to main.o(i.assert_failed) for assert_failed
    stm32f4xx_sai.o(i.SAI_SendData) refers to main.o(i.assert_failed) for assert_failed
    stm32f4xx_sai.o(i.SAI_SlotInit) refers to main.o(i.assert_failed) for assert_failed
    stm32f4xx_sai.o(i.SAI_TRIStateConfig) refers to main.o(i.assert_failed) for assert_failed
    stm32f4xx_sai.o(.ARM.exidx) refers to stm32f4xx_sai.o(i.SAI_DeInit) for i.SAI_DeInit
    stm32f4xx_sai.o(.ARM.exidx) refers to stm32f4xx_sai.o(i.SAI_Init) for i.SAI_Init
    stm32f4xx_sai.o(.ARM.exidx) refers to stm32f4xx_sai.o(i.SAI_FrameInit) for i.SAI_FrameInit
    stm32f4xx_sai.o(.ARM.exidx) refers to stm32f4xx_sai.o(i.SAI_SlotInit) for i.SAI_SlotInit
    stm32f4xx_sai.o(.ARM.exidx) refers to stm32f4xx_sai.o(i.SAI_StructInit) for i.SAI_StructInit
    stm32f4xx_sai.o(.ARM.exidx) refers to stm32f4xx_sai.o(i.SAI_FrameStructInit) for i.SAI_FrameStructInit
    stm32f4xx_sai.o(.ARM.exidx) refers to stm32f4xx_sai.o(i.SAI_SlotStructInit) for i.SAI_SlotStructInit
    stm32f4xx_sai.o(.ARM.exidx) refers to stm32f4xx_sai.o(i.SAI_Cmd) for i.SAI_Cmd
    stm32f4xx_sai.o(.ARM.exidx) refers to stm32f4xx_sai.o(i.SAI_MonoModeConfig) for i.SAI_MonoModeConfig
    stm32f4xx_sai.o(.ARM.exidx) refers to stm32f4xx_sai.o(i.SAI_TRIStateConfig) for i.SAI_TRIStateConfig
    stm32f4xx_sai.o(.ARM.exidx) refers to stm32f4xx_sai.o(i.SAI_CompandingModeConfig) for i.SAI_CompandingModeConfig
    stm32f4xx_sai.o(.ARM.exidx) refers to stm32f4xx_sai.o(i.SAI_MuteModeCmd) for i.SAI_MuteModeCmd
    stm32f4xx_sai.o(.ARM.exidx) refers to stm32f4xx_sai.o(i.SAI_MuteValueConfig) for i.SAI_MuteValueConfig
    stm32f4xx_sai.o(.ARM.exidx) refers to stm32f4xx_sai.o(i.SAI_MuteFrameCounterConfig) for i.SAI_MuteFrameCounterConfig
    stm32f4xx_sai.o(.ARM.exidx) refers to stm32f4xx_sai.o(i.SAI_FlushFIFO) for i.SAI_FlushFIFO
    stm32f4xx_sai.o(.ARM.exidx) refers to stm32f4xx_sai.o(i.SAI_ReceiveData) for i.SAI_ReceiveData
    stm32f4xx_sai.o(.ARM.exidx) refers to stm32f4xx_sai.o(i.SAI_SendData) for i.SAI_SendData
    stm32f4xx_sai.o(.ARM.exidx) refers to stm32f4xx_sai.o(i.SAI_DMACmd) for i.SAI_DMACmd
    stm32f4xx_sai.o(.ARM.exidx) refers to stm32f4xx_sai.o(i.SAI_ITConfig) for i.SAI_ITConfig
    stm32f4xx_sai.o(.ARM.exidx) refers to stm32f4xx_sai.o(i.SAI_GetFlagStatus) for i.SAI_GetFlagStatus
    stm32f4xx_sai.o(.ARM.exidx) refers to stm32f4xx_sai.o(i.SAI_ClearFlag) for i.SAI_ClearFlag
    stm32f4xx_sai.o(.ARM.exidx) refers to stm32f4xx_sai.o(i.SAI_GetITStatus) for i.SAI_GetITStatus
    stm32f4xx_sai.o(.ARM.exidx) refers to stm32f4xx_sai.o(i.SAI_ClearITPendingBit) for i.SAI_ClearITPendingBit
    stm32f4xx_sai.o(.ARM.exidx) refers to stm32f4xx_sai.o(i.SAI_GetCmdStatus) for i.SAI_GetCmdStatus
    stm32f4xx_sai.o(.ARM.exidx) refers to stm32f4xx_sai.o(i.SAI_GetFIFOStatus) for i.SAI_GetFIFOStatus
    stm32f4xx_sdio.o(i.SDIO_CEATAITCmd) refers to main.o(i.assert_failed) for assert_failed
    stm32f4xx_sdio.o(i.SDIO_ClearFlag) refers to main.o(i.assert_failed) for assert_failed
    stm32f4xx_sdio.o(i.SDIO_ClearITPendingBit) refers to main.o(i.assert_failed) for assert_failed
    stm32f4xx_sdio.o(i.SDIO_ClockCmd) refers to main.o(i.assert_failed) for assert_failed
    stm32f4xx_sdio.o(i.SDIO_CommandCompletionCmd) refers to main.o(i.assert_failed) for assert_failed
    stm32f4xx_sdio.o(i.SDIO_DMACmd) refers to main.o(i.assert_failed) for assert_failed
    stm32f4xx_sdio.o(i.SDIO_DataConfig) refers to main.o(i.assert_failed) for assert_failed
    stm32f4xx_sdio.o(i.SDIO_DeInit) refers to stm32f4xx_rcc.o(i.RCC_APB2PeriphResetCmd) for RCC_APB2PeriphResetCmd
    stm32f4xx_sdio.o(i.SDIO_GetFlagStatus) refers to main.o(i.assert_failed) for assert_failed
    stm32f4xx_sdio.o(i.SDIO_GetITStatus) refers to main.o(i.assert_failed) for assert_failed
    stm32f4xx_sdio.o(i.SDIO_GetResponse) refers to main.o(i.assert_failed) for assert_failed
    stm32f4xx_sdio.o(i.SDIO_ITConfig) refers to main.o(i.assert_failed) for assert_failed
    stm32f4xx_sdio.o(i.SDIO_Init) refers to main.o(i.assert_failed) for assert_failed
    stm32f4xx_sdio.o(i.SDIO_SendCEATACmd) refers to main.o(i.assert_failed) for assert_failed
    stm32f4xx_sdio.o(i.SDIO_SendCommand) refers to main.o(i.assert_failed) for assert_failed
    stm32f4xx_sdio.o(i.SDIO_SendSDIOSuspendCmd) refers to main.o(i.assert_failed) for assert_failed
    stm32f4xx_sdio.o(i.SDIO_SetPowerState) refers to main.o(i.assert_failed) for assert_failed
    stm32f4xx_sdio.o(i.SDIO_SetSDIOOperation) refers to main.o(i.assert_failed) for assert_failed
    stm32f4xx_sdio.o(i.SDIO_SetSDIOReadWaitMode) refers to main.o(i.assert_failed) for assert_failed
    stm32f4xx_sdio.o(i.SDIO_StartSDIOReadWait) refers to main.o(i.assert_failed) for assert_failed
    stm32f4xx_sdio.o(i.SDIO_StopSDIOReadWait) refers to main.o(i.assert_failed) for assert_failed
    stm32f4xx_sdio.o(.ARM.exidx) refers to stm32f4xx_sdio.o(i.SDIO_DeInit) for i.SDIO_DeInit
    stm32f4xx_sdio.o(.ARM.exidx) refers to stm32f4xx_sdio.o(i.SDIO_Init) for i.SDIO_Init
    stm32f4xx_sdio.o(.ARM.exidx) refers to stm32f4xx_sdio.o(i.SDIO_StructInit) for i.SDIO_StructInit
    stm32f4xx_sdio.o(.ARM.exidx) refers to stm32f4xx_sdio.o(i.SDIO_ClockCmd) for i.SDIO_ClockCmd
    stm32f4xx_sdio.o(.ARM.exidx) refers to stm32f4xx_sdio.o(i.SDIO_SetPowerState) for i.SDIO_SetPowerState
    stm32f4xx_sdio.o(.ARM.exidx) refers to stm32f4xx_sdio.o(i.SDIO_GetPowerState) for i.SDIO_GetPowerState
    stm32f4xx_sdio.o(.ARM.exidx) refers to stm32f4xx_sdio.o(i.SDIO_SendCommand) for i.SDIO_SendCommand
    stm32f4xx_sdio.o(.ARM.exidx) refers to stm32f4xx_sdio.o(i.SDIO_CmdStructInit) for i.SDIO_CmdStructInit
    stm32f4xx_sdio.o(.ARM.exidx) refers to stm32f4xx_sdio.o(i.SDIO_GetCommandResponse) for i.SDIO_GetCommandResponse
    stm32f4xx_sdio.o(.ARM.exidx) refers to stm32f4xx_sdio.o(i.SDIO_GetResponse) for i.SDIO_GetResponse
    stm32f4xx_sdio.o(.ARM.exidx) refers to stm32f4xx_sdio.o(i.SDIO_DataConfig) for i.SDIO_DataConfig
    stm32f4xx_sdio.o(.ARM.exidx) refers to stm32f4xx_sdio.o(i.SDIO_DataStructInit) for i.SDIO_DataStructInit
    stm32f4xx_sdio.o(.ARM.exidx) refers to stm32f4xx_sdio.o(i.SDIO_GetDataCounter) for i.SDIO_GetDataCounter
    stm32f4xx_sdio.o(.ARM.exidx) refers to stm32f4xx_sdio.o(i.SDIO_ReadData) for i.SDIO_ReadData
    stm32f4xx_sdio.o(.ARM.exidx) refers to stm32f4xx_sdio.o(i.SDIO_WriteData) for i.SDIO_WriteData
    stm32f4xx_sdio.o(.ARM.exidx) refers to stm32f4xx_sdio.o(i.SDIO_GetFIFOCount) for i.SDIO_GetFIFOCount
    stm32f4xx_sdio.o(.ARM.exidx) refers to stm32f4xx_sdio.o(i.SDIO_StartSDIOReadWait) for i.SDIO_StartSDIOReadWait
    stm32f4xx_sdio.o(.ARM.exidx) refers to stm32f4xx_sdio.o(i.SDIO_StopSDIOReadWait) for i.SDIO_StopSDIOReadWait
    stm32f4xx_sdio.o(.ARM.exidx) refers to stm32f4xx_sdio.o(i.SDIO_SetSDIOReadWaitMode) for i.SDIO_SetSDIOReadWaitMode
    stm32f4xx_sdio.o(.ARM.exidx) refers to stm32f4xx_sdio.o(i.SDIO_SetSDIOOperation) for i.SDIO_SetSDIOOperation
    stm32f4xx_sdio.o(.ARM.exidx) refers to stm32f4xx_sdio.o(i.SDIO_SendSDIOSuspendCmd) for i.SDIO_SendSDIOSuspendCmd
    stm32f4xx_sdio.o(.ARM.exidx) refers to stm32f4xx_sdio.o(i.SDIO_CommandCompletionCmd) for i.SDIO_CommandCompletionCmd
    stm32f4xx_sdio.o(.ARM.exidx) refers to stm32f4xx_sdio.o(i.SDIO_CEATAITCmd) for i.SDIO_CEATAITCmd
    stm32f4xx_sdio.o(.ARM.exidx) refers to stm32f4xx_sdio.o(i.SDIO_SendCEATACmd) for i.SDIO_SendCEATACmd
    stm32f4xx_sdio.o(.ARM.exidx) refers to stm32f4xx_sdio.o(i.SDIO_DMACmd) for i.SDIO_DMACmd
    stm32f4xx_sdio.o(.ARM.exidx) refers to stm32f4xx_sdio.o(i.SDIO_ITConfig) for i.SDIO_ITConfig
    stm32f4xx_sdio.o(.ARM.exidx) refers to stm32f4xx_sdio.o(i.SDIO_GetFlagStatus) for i.SDIO_GetFlagStatus
    stm32f4xx_sdio.o(.ARM.exidx) refers to stm32f4xx_sdio.o(i.SDIO_ClearFlag) for i.SDIO_ClearFlag
    stm32f4xx_sdio.o(.ARM.exidx) refers to stm32f4xx_sdio.o(i.SDIO_GetITStatus) for i.SDIO_GetITStatus
    stm32f4xx_sdio.o(.ARM.exidx) refers to stm32f4xx_sdio.o(i.SDIO_ClearITPendingBit) for i.SDIO_ClearITPendingBit
    stm32f4xx_spi.o(i.I2S_Cmd) refers to main.o(i.assert_failed) for assert_failed
    stm32f4xx_spi.o(i.I2S_FullDuplexConfig) refers to main.o(i.assert_failed) for assert_failed
    stm32f4xx_spi.o(i.I2S_Init) refers to main.o(i.assert_failed) for assert_failed
    stm32f4xx_spi.o(i.SPI_BiDirectionalLineConfig) refers to main.o(i.assert_failed) for assert_failed
    stm32f4xx_spi.o(i.SPI_CalculateCRC) refers to main.o(i.assert_failed) for assert_failed
    stm32f4xx_spi.o(i.SPI_Cmd) refers to main.o(i.assert_failed) for assert_failed
    stm32f4xx_spi.o(i.SPI_DataSizeConfig) refers to main.o(i.assert_failed) for assert_failed
    stm32f4xx_spi.o(i.SPI_GetCRC) refers to main.o(i.assert_failed) for assert_failed
    stm32f4xx_spi.o(i.SPI_GetCRCPolynomial) refers to main.o(i.assert_failed) for assert_failed
    stm32f4xx_spi.o(i.SPI_I2S_ClearFlag) refers to main.o(i.assert_failed) for assert_failed
    stm32f4xx_spi.o(i.SPI_I2S_ClearITPendingBit) refers to main.o(i.assert_failed) for assert_failed
    stm32f4xx_spi.o(i.SPI_I2S_DMACmd) refers to main.o(i.assert_failed) for assert_failed
    stm32f4xx_spi.o(i.SPI_I2S_DeInit) refers to main.o(i.assert_failed) for assert_failed
    stm32f4xx_spi.o(i.SPI_I2S_DeInit) refers to stm32f4xx_rcc.o(i.RCC_APB2PeriphResetCmd) for RCC_APB2PeriphResetCmd
    stm32f4xx_spi.o(i.SPI_I2S_DeInit) refers to stm32f4xx_rcc.o(i.RCC_APB1PeriphResetCmd) for RCC_APB1PeriphResetCmd
    stm32f4xx_spi.o(i.SPI_I2S_GetFlagStatus) refers to main.o(i.assert_failed) for assert_failed
    stm32f4xx_spi.o(i.SPI_I2S_GetITStatus) refers to main.o(i.assert_failed) for assert_failed
    stm32f4xx_spi.o(i.SPI_I2S_ITConfig) refers to main.o(i.assert_failed) for assert_failed
    stm32f4xx_spi.o(i.SPI_I2S_ReceiveData) refers to main.o(i.assert_failed) for assert_failed
    stm32f4xx_spi.o(i.SPI_I2S_SendData) refers to main.o(i.assert_failed) for assert_failed
    stm32f4xx_spi.o(i.SPI_Init) refers to main.o(i.assert_failed) for assert_failed
    stm32f4xx_spi.o(i.SPI_NSSInternalSoftwareConfig) refers to main.o(i.assert_failed) for assert_failed
    stm32f4xx_spi.o(i.SPI_SSOutputCmd) refers to main.o(i.assert_failed) for assert_failed
    stm32f4xx_spi.o(i.SPI_TIModeCmd) refers to main.o(i.assert_failed) for assert_failed
    stm32f4xx_spi.o(i.SPI_TransmitCRC) refers to main.o(i.assert_failed) for assert_failed
    stm32f4xx_spi.o(.ARM.exidx) refers to stm32f4xx_spi.o(i.SPI_I2S_DeInit) for i.SPI_I2S_DeInit
    stm32f4xx_spi.o(.ARM.exidx) refers to stm32f4xx_spi.o(i.SPI_Init) for i.SPI_Init
    stm32f4xx_spi.o(.ARM.exidx) refers to stm32f4xx_spi.o(i.I2S_Init) for i.I2S_Init
    stm32f4xx_spi.o(.ARM.exidx) refers to stm32f4xx_spi.o(i.SPI_StructInit) for i.SPI_StructInit
    stm32f4xx_spi.o(.ARM.exidx) refers to stm32f4xx_spi.o(i.I2S_StructInit) for i.I2S_StructInit
    stm32f4xx_spi.o(.ARM.exidx) refers to stm32f4xx_spi.o(i.SPI_Cmd) for i.SPI_Cmd
    stm32f4xx_spi.o(.ARM.exidx) refers to stm32f4xx_spi.o(i.I2S_Cmd) for i.I2S_Cmd
    stm32f4xx_spi.o(.ARM.exidx) refers to stm32f4xx_spi.o(i.SPI_DataSizeConfig) for i.SPI_DataSizeConfig
    stm32f4xx_spi.o(.ARM.exidx) refers to stm32f4xx_spi.o(i.SPI_BiDirectionalLineConfig) for i.SPI_BiDirectionalLineConfig
    stm32f4xx_spi.o(.ARM.exidx) refers to stm32f4xx_spi.o(i.SPI_NSSInternalSoftwareConfig) for i.SPI_NSSInternalSoftwareConfig
    stm32f4xx_spi.o(.ARM.exidx) refers to stm32f4xx_spi.o(i.SPI_SSOutputCmd) for i.SPI_SSOutputCmd
    stm32f4xx_spi.o(.ARM.exidx) refers to stm32f4xx_spi.o(i.SPI_TIModeCmd) for i.SPI_TIModeCmd
    stm32f4xx_spi.o(.ARM.exidx) refers to stm32f4xx_spi.o(i.I2S_FullDuplexConfig) for i.I2S_FullDuplexConfig
    stm32f4xx_spi.o(.ARM.exidx) refers to stm32f4xx_spi.o(i.SPI_I2S_ReceiveData) for i.SPI_I2S_ReceiveData
    stm32f4xx_spi.o(.ARM.exidx) refers to stm32f4xx_spi.o(i.SPI_I2S_SendData) for i.SPI_I2S_SendData
    stm32f4xx_spi.o(.ARM.exidx) refers to stm32f4xx_spi.o(i.SPI_CalculateCRC) for i.SPI_CalculateCRC
    stm32f4xx_spi.o(.ARM.exidx) refers to stm32f4xx_spi.o(i.SPI_TransmitCRC) for i.SPI_TransmitCRC
    stm32f4xx_spi.o(.ARM.exidx) refers to stm32f4xx_spi.o(i.SPI_GetCRC) for i.SPI_GetCRC
    stm32f4xx_spi.o(.ARM.exidx) refers to stm32f4xx_spi.o(i.SPI_GetCRCPolynomial) for i.SPI_GetCRCPolynomial
    stm32f4xx_spi.o(.ARM.exidx) refers to stm32f4xx_spi.o(i.SPI_I2S_DMACmd) for i.SPI_I2S_DMACmd
    stm32f4xx_spi.o(.ARM.exidx) refers to stm32f4xx_spi.o(i.SPI_I2S_ITConfig) for i.SPI_I2S_ITConfig
    stm32f4xx_spi.o(.ARM.exidx) refers to stm32f4xx_spi.o(i.SPI_I2S_GetFlagStatus) for i.SPI_I2S_GetFlagStatus
    stm32f4xx_spi.o(.ARM.exidx) refers to stm32f4xx_spi.o(i.SPI_I2S_ClearFlag) for i.SPI_I2S_ClearFlag
    stm32f4xx_spi.o(.ARM.exidx) refers to stm32f4xx_spi.o(i.SPI_I2S_GetITStatus) for i.SPI_I2S_GetITStatus
    stm32f4xx_spi.o(.ARM.exidx) refers to stm32f4xx_spi.o(i.SPI_I2S_ClearITPendingBit) for i.SPI_I2S_ClearITPendingBit
    stm32f4xx_syscfg.o(i.SYSCFG_CompensationCellCmd) refers to main.o(i.assert_failed) for assert_failed
    stm32f4xx_syscfg.o(i.SYSCFG_DeInit) refers to stm32f4xx_rcc.o(i.RCC_APB2PeriphResetCmd) for RCC_APB2PeriphResetCmd
    stm32f4xx_syscfg.o(i.SYSCFG_ETH_MediaInterfaceConfig) refers to main.o(i.assert_failed) for assert_failed
    stm32f4xx_syscfg.o(i.SYSCFG_EXTILineConfig) refers to main.o(i.assert_failed) for assert_failed
    stm32f4xx_syscfg.o(i.SYSCFG_MemoryRemapConfig) refers to main.o(i.assert_failed) for assert_failed
    stm32f4xx_syscfg.o(i.SYSCFG_MemorySwappingBank) refers to main.o(i.assert_failed) for assert_failed
    stm32f4xx_syscfg.o(.ARM.exidx) refers to stm32f4xx_syscfg.o(i.SYSCFG_DeInit) for i.SYSCFG_DeInit
    stm32f4xx_syscfg.o(.ARM.exidx) refers to stm32f4xx_syscfg.o(i.SYSCFG_MemoryRemapConfig) for i.SYSCFG_MemoryRemapConfig
    stm32f4xx_syscfg.o(.ARM.exidx) refers to stm32f4xx_syscfg.o(i.SYSCFG_MemorySwappingBank) for i.SYSCFG_MemorySwappingBank
    stm32f4xx_syscfg.o(.ARM.exidx) refers to stm32f4xx_syscfg.o(i.SYSCFG_EXTILineConfig) for i.SYSCFG_EXTILineConfig
    stm32f4xx_syscfg.o(.ARM.exidx) refers to stm32f4xx_syscfg.o(i.SYSCFG_ETH_MediaInterfaceConfig) for i.SYSCFG_ETH_MediaInterfaceConfig
    stm32f4xx_syscfg.o(.ARM.exidx) refers to stm32f4xx_syscfg.o(i.SYSCFG_CompensationCellCmd) for i.SYSCFG_CompensationCellCmd
    stm32f4xx_syscfg.o(.ARM.exidx) refers to stm32f4xx_syscfg.o(i.SYSCFG_GetCompensationCellStatus) for i.SYSCFG_GetCompensationCellStatus
    stm32f4xx_tim.o(i.TIM_ARRPreloadConfig) refers to main.o(i.assert_failed) for assert_failed
    stm32f4xx_tim.o(i.TIM_BDTRConfig) refers to main.o(i.assert_failed) for assert_failed
    stm32f4xx_tim.o(i.TIM_CCPreloadControl) refers to main.o(i.assert_failed) for assert_failed
    stm32f4xx_tim.o(i.TIM_CCxCmd) refers to main.o(i.assert_failed) for assert_failed
    stm32f4xx_tim.o(i.TIM_CCxNCmd) refers to main.o(i.assert_failed) for assert_failed
    stm32f4xx_tim.o(i.TIM_ClearFlag) refers to main.o(i.assert_failed) for assert_failed
    stm32f4xx_tim.o(i.TIM_ClearITPendingBit) refers to main.o(i.assert_failed) for assert_failed
    stm32f4xx_tim.o(i.TIM_ClearOC1Ref) refers to main.o(i.assert_failed) for assert_failed
    stm32f4xx_tim.o(i.TIM_ClearOC2Ref) refers to main.o(i.assert_failed) for assert_failed
    stm32f4xx_tim.o(i.TIM_ClearOC3Ref) refers to main.o(i.assert_failed) for assert_failed
    stm32f4xx_tim.o(i.TIM_ClearOC4Ref) refers to main.o(i.assert_failed) for assert_failed
    stm32f4xx_tim.o(i.TIM_Cmd) refers to main.o(i.assert_failed) for assert_failed
    stm32f4xx_tim.o(i.TIM_CounterModeConfig) refers to main.o(i.assert_failed) for assert_failed
    stm32f4xx_tim.o(i.TIM_CtrlPWMOutputs) refers to main.o(i.assert_failed) for assert_failed
    stm32f4xx_tim.o(i.TIM_DMACmd) refers to main.o(i.assert_failed) for assert_failed
    stm32f4xx_tim.o(i.TIM_DMAConfig) refers to main.o(i.assert_failed) for assert_failed
    stm32f4xx_tim.o(i.TIM_DeInit) refers to main.o(i.assert_failed) for assert_failed
    stm32f4xx_tim.o(i.TIM_DeInit) refers to stm32f4xx_rcc.o(i.RCC_APB2PeriphResetCmd) for RCC_APB2PeriphResetCmd
    stm32f4xx_tim.o(i.TIM_DeInit) refers to stm32f4xx_rcc.o(i.RCC_APB1PeriphResetCmd) for RCC_APB1PeriphResetCmd
    stm32f4xx_tim.o(i.TIM_ETRClockMode1Config) refers to main.o(i.assert_failed) for assert_failed
    stm32f4xx_tim.o(i.TIM_ETRClockMode1Config) refers to stm32f4xx_tim.o(i.TIM_ETRConfig) for TIM_ETRConfig
    stm32f4xx_tim.o(i.TIM_ETRClockMode2Config) refers to main.o(i.assert_failed) for assert_failed
    stm32f4xx_tim.o(i.TIM_ETRClockMode2Config) refers to stm32f4xx_tim.o(i.TIM_ETRConfig) for TIM_ETRConfig
    stm32f4xx_tim.o(i.TIM_ETRConfig) refers to main.o(i.assert_failed) for assert_failed
    stm32f4xx_tim.o(i.TIM_EncoderInterfaceConfig) refers to main.o(i.assert_failed) for assert_failed
    stm32f4xx_tim.o(i.TIM_ForcedOC1Config) refers to main.o(i.assert_failed) for assert_failed
    stm32f4xx_tim.o(i.TIM_ForcedOC2Config) refers to main.o(i.assert_failed) for assert_failed
    stm32f4xx_tim.o(i.TIM_ForcedOC3Config) refers to main.o(i.assert_failed) for assert_failed
    stm32f4xx_tim.o(i.TIM_ForcedOC4Config) refers to main.o(i.assert_failed) for assert_failed
    stm32f4xx_tim.o(i.TIM_GenerateEvent) refers to main.o(i.assert_failed) for assert_failed
    stm32f4xx_tim.o(i.TIM_GetCapture1) refers to main.o(i.assert_failed) for assert_failed
    stm32f4xx_tim.o(i.TIM_GetCapture2) refers to main.o(i.assert_failed) for assert_failed
    stm32f4xx_tim.o(i.TIM_GetCapture3) refers to main.o(i.assert_failed) for assert_failed
    stm32f4xx_tim.o(i.TIM_GetCapture4) refers to main.o(i.assert_failed) for assert_failed
    stm32f4xx_tim.o(i.TIM_GetCounter) refers to main.o(i.assert_failed) for assert_failed
    stm32f4xx_tim.o(i.TIM_GetFlagStatus) refers to main.o(i.assert_failed) for assert_failed
    stm32f4xx_tim.o(i.TIM_GetITStatus) refers to main.o(i.assert_failed) for assert_failed
    stm32f4xx_tim.o(i.TIM_GetPrescaler) refers to main.o(i.assert_failed) for assert_failed
    stm32f4xx_tim.o(i.TIM_ICInit) refers to main.o(i.assert_failed) for assert_failed
    stm32f4xx_tim.o(i.TIM_ICInit) refers to stm32f4xx_tim.o(i._Z10TI1_ConfigP11TIM_TypeDefttt) for TI1_Config(TIM_TypeDef*, unsigned short, unsigned short, unsigned short)
    stm32f4xx_tim.o(i.TIM_ICInit) refers to stm32f4xx_tim.o(i.TIM_SetIC1Prescaler) for TIM_SetIC1Prescaler
    stm32f4xx_tim.o(i.TIM_ICInit) refers to stm32f4xx_tim.o(i._Z10TI2_ConfigP11TIM_TypeDefttt) for TI2_Config(TIM_TypeDef*, unsigned short, unsigned short, unsigned short)
    stm32f4xx_tim.o(i.TIM_ICInit) refers to stm32f4xx_tim.o(i.TIM_SetIC2Prescaler) for TIM_SetIC2Prescaler
    stm32f4xx_tim.o(i.TIM_ICInit) refers to stm32f4xx_tim.o(i._Z10TI3_ConfigP11TIM_TypeDefttt) for TI3_Config(TIM_TypeDef*, unsigned short, unsigned short, unsigned short)
    stm32f4xx_tim.o(i.TIM_ICInit) refers to stm32f4xx_tim.o(i.TIM_SetIC3Prescaler) for TIM_SetIC3Prescaler
    stm32f4xx_tim.o(i.TIM_ICInit) refers to stm32f4xx_tim.o(i._Z10TI4_ConfigP11TIM_TypeDefttt) for TI4_Config(TIM_TypeDef*, unsigned short, unsigned short, unsigned short)
    stm32f4xx_tim.o(i.TIM_ICInit) refers to stm32f4xx_tim.o(i.TIM_SetIC4Prescaler) for TIM_SetIC4Prescaler
    stm32f4xx_tim.o(i.TIM_ITConfig) refers to main.o(i.assert_failed) for assert_failed
    stm32f4xx_tim.o(i.TIM_ITRxExternalClockConfig) refers to main.o(i.assert_failed) for assert_failed
    stm32f4xx_tim.o(i.TIM_ITRxExternalClockConfig) refers to stm32f4xx_tim.o(i.TIM_SelectInputTrigger) for TIM_SelectInputTrigger
    stm32f4xx_tim.o(i.TIM_InternalClockConfig) refers to main.o(i.assert_failed) for assert_failed
    stm32f4xx_tim.o(i.TIM_OC1FastConfig) refers to main.o(i.assert_failed) for assert_failed
    stm32f4xx_tim.o(i.TIM_OC1Init) refers to main.o(i.assert_failed) for assert_failed
    stm32f4xx_tim.o(i.TIM_OC1NPolarityConfig) refers to main.o(i.assert_failed) for assert_failed
    stm32f4xx_tim.o(i.TIM_OC1PolarityConfig) refers to main.o(i.assert_failed) for assert_failed
    stm32f4xx_tim.o(i.TIM_OC1PreloadConfig) refers to main.o(i.assert_failed) for assert_failed
    stm32f4xx_tim.o(i.TIM_OC2FastConfig) refers to main.o(i.assert_failed) for assert_failed
    stm32f4xx_tim.o(i.TIM_OC2Init) refers to main.o(i.assert_failed) for assert_failed
    stm32f4xx_tim.o(i.TIM_OC2NPolarityConfig) refers to main.o(i.assert_failed) for assert_failed
    stm32f4xx_tim.o(i.TIM_OC2PolarityConfig) refers to main.o(i.assert_failed) for assert_failed
    stm32f4xx_tim.o(i.TIM_OC2PreloadConfig) refers to main.o(i.assert_failed) for assert_failed
    stm32f4xx_tim.o(i.TIM_OC3FastConfig) refers to main.o(i.assert_failed) for assert_failed
    stm32f4xx_tim.o(i.TIM_OC3Init) refers to main.o(i.assert_failed) for assert_failed
    stm32f4xx_tim.o(i.TIM_OC3NPolarityConfig) refers to main.o(i.assert_failed) for assert_failed
    stm32f4xx_tim.o(i.TIM_OC3PolarityConfig) refers to main.o(i.assert_failed) for assert_failed
    stm32f4xx_tim.o(i.TIM_OC3PreloadConfig) refers to main.o(i.assert_failed) for assert_failed
    stm32f4xx_tim.o(i.TIM_OC4FastConfig) refers to main.o(i.assert_failed) for assert_failed
    stm32f4xx_tim.o(i.TIM_OC4Init) refers to main.o(i.assert_failed) for assert_failed
    stm32f4xx_tim.o(i.TIM_OC4PolarityConfig) refers to main.o(i.assert_failed) for assert_failed
    stm32f4xx_tim.o(i.TIM_OC4PreloadConfig) refers to main.o(i.assert_failed) for assert_failed
    stm32f4xx_tim.o(i.TIM_PWMIConfig) refers to main.o(i.assert_failed) for assert_failed
    stm32f4xx_tim.o(i.TIM_PWMIConfig) refers to stm32f4xx_tim.o(i._Z10TI1_ConfigP11TIM_TypeDefttt) for TI1_Config(TIM_TypeDef*, unsigned short, unsigned short, unsigned short)
    stm32f4xx_tim.o(i.TIM_PWMIConfig) refers to stm32f4xx_tim.o(i.TIM_SetIC1Prescaler) for TIM_SetIC1Prescaler
    stm32f4xx_tim.o(i.TIM_PWMIConfig) refers to stm32f4xx_tim.o(i._Z10TI2_ConfigP11TIM_TypeDefttt) for TI2_Config(TIM_TypeDef*, unsigned short, unsigned short, unsigned short)
    stm32f4xx_tim.o(i.TIM_PWMIConfig) refers to stm32f4xx_tim.o(i.TIM_SetIC2Prescaler) for TIM_SetIC2Prescaler
    stm32f4xx_tim.o(i.TIM_PrescalerConfig) refers to main.o(i.assert_failed) for assert_failed
    stm32f4xx_tim.o(i.TIM_RemapConfig) refers to main.o(i.assert_failed) for assert_failed
    stm32f4xx_tim.o(i.TIM_SelectCCDMA) refers to main.o(i.assert_failed) for assert_failed
    stm32f4xx_tim.o(i.TIM_SelectCOM) refers to main.o(i.assert_failed) for assert_failed
    stm32f4xx_tim.o(i.TIM_SelectHallSensor) refers to main.o(i.assert_failed) for assert_failed
    stm32f4xx_tim.o(i.TIM_SelectInputTrigger) refers to main.o(i.assert_failed) for assert_failed
    stm32f4xx_tim.o(i.TIM_SelectMasterSlaveMode) refers to main.o(i.assert_failed) for assert_failed
    stm32f4xx_tim.o(i.TIM_SelectOCxM) refers to main.o(i.assert_failed) for assert_failed
    stm32f4xx_tim.o(i.TIM_SelectOnePulseMode) refers to main.o(i.assert_failed) for assert_failed
    stm32f4xx_tim.o(i.TIM_SelectOutputTrigger) refers to main.o(i.assert_failed) for assert_failed
    stm32f4xx_tim.o(i.TIM_SelectSlaveMode) refers to main.o(i.assert_failed) for assert_failed
    stm32f4xx_tim.o(i.TIM_SetAutoreload) refers to main.o(i.assert_failed) for assert_failed
    stm32f4xx_tim.o(i.TIM_SetClockDivision) refers to main.o(i.assert_failed) for assert_failed
    stm32f4xx_tim.o(i.TIM_SetCompare1) refers to main.o(i.assert_failed) for assert_failed
    stm32f4xx_tim.o(i.TIM_SetCompare2) refers to main.o(i.assert_failed) for assert_failed
    stm32f4xx_tim.o(i.TIM_SetCompare3) refers to main.o(i.assert_failed) for assert_failed
    stm32f4xx_tim.o(i.TIM_SetCompare4) refers to main.o(i.assert_failed) for assert_failed
    stm32f4xx_tim.o(i.TIM_SetCounter) refers to main.o(i.assert_failed) for assert_failed
    stm32f4xx_tim.o(i.TIM_SetIC1Prescaler) refers to main.o(i.assert_failed) for assert_failed
    stm32f4xx_tim.o(i.TIM_SetIC2Prescaler) refers to main.o(i.assert_failed) for assert_failed
    stm32f4xx_tim.o(i.TIM_SetIC3Prescaler) refers to main.o(i.assert_failed) for assert_failed
    stm32f4xx_tim.o(i.TIM_SetIC4Prescaler) refers to main.o(i.assert_failed) for assert_failed
    stm32f4xx_tim.o(i.TIM_TIxExternalClockConfig) refers to main.o(i.assert_failed) for assert_failed
    stm32f4xx_tim.o(i.TIM_TIxExternalClockConfig) refers to stm32f4xx_tim.o(i._Z10TI2_ConfigP11TIM_TypeDefttt) for TI2_Config(TIM_TypeDef*, unsigned short, unsigned short, unsigned short)
    stm32f4xx_tim.o(i.TIM_TIxExternalClockConfig) refers to stm32f4xx_tim.o(i._Z10TI1_ConfigP11TIM_TypeDefttt) for TI1_Config(TIM_TypeDef*, unsigned short, unsigned short, unsigned short)
    stm32f4xx_tim.o(i.TIM_TIxExternalClockConfig) refers to stm32f4xx_tim.o(i.TIM_SelectInputTrigger) for TIM_SelectInputTrigger
    stm32f4xx_tim.o(i.TIM_TimeBaseInit) refers to main.o(i.assert_failed) for assert_failed
    stm32f4xx_tim.o(i.TIM_UpdateDisableConfig) refers to main.o(i.assert_failed) for assert_failed
    stm32f4xx_tim.o(i.TIM_UpdateRequestConfig) refers to main.o(i.assert_failed) for assert_failed
    stm32f4xx_tim.o(.ARM.exidx) refers to stm32f4xx_tim.o(i.TIM_DeInit) for i.TIM_DeInit
    stm32f4xx_tim.o(.ARM.exidx) refers to stm32f4xx_tim.o(i.TIM_TimeBaseInit) for i.TIM_TimeBaseInit
    stm32f4xx_tim.o(.ARM.exidx) refers to stm32f4xx_tim.o(i.TIM_TimeBaseStructInit) for i.TIM_TimeBaseStructInit
    stm32f4xx_tim.o(.ARM.exidx) refers to stm32f4xx_tim.o(i.TIM_PrescalerConfig) for i.TIM_PrescalerConfig
    stm32f4xx_tim.o(.ARM.exidx) refers to stm32f4xx_tim.o(i.TIM_CounterModeConfig) for i.TIM_CounterModeConfig
    stm32f4xx_tim.o(.ARM.exidx) refers to stm32f4xx_tim.o(i.TIM_SetCounter) for i.TIM_SetCounter
    stm32f4xx_tim.o(.ARM.exidx) refers to stm32f4xx_tim.o(i.TIM_SetAutoreload) for i.TIM_SetAutoreload
    stm32f4xx_tim.o(.ARM.exidx) refers to stm32f4xx_tim.o(i.TIM_GetCounter) for i.TIM_GetCounter
    stm32f4xx_tim.o(.ARM.exidx) refers to stm32f4xx_tim.o(i.TIM_GetPrescaler) for i.TIM_GetPrescaler
    stm32f4xx_tim.o(.ARM.exidx) refers to stm32f4xx_tim.o(i.TIM_UpdateDisableConfig) for i.TIM_UpdateDisableConfig
    stm32f4xx_tim.o(.ARM.exidx) refers to stm32f4xx_tim.o(i.TIM_UpdateRequestConfig) for i.TIM_UpdateRequestConfig
    stm32f4xx_tim.o(.ARM.exidx) refers to stm32f4xx_tim.o(i.TIM_ARRPreloadConfig) for i.TIM_ARRPreloadConfig
    stm32f4xx_tim.o(.ARM.exidx) refers to stm32f4xx_tim.o(i.TIM_SelectOnePulseMode) for i.TIM_SelectOnePulseMode
    stm32f4xx_tim.o(.ARM.exidx) refers to stm32f4xx_tim.o(i.TIM_SetClockDivision) for i.TIM_SetClockDivision
    stm32f4xx_tim.o(.ARM.exidx) refers to stm32f4xx_tim.o(i.TIM_Cmd) for i.TIM_Cmd
    stm32f4xx_tim.o(.ARM.exidx) refers to stm32f4xx_tim.o(i.TIM_OC1Init) for i.TIM_OC1Init
    stm32f4xx_tim.o(.ARM.exidx) refers to stm32f4xx_tim.o(i.TIM_OC2Init) for i.TIM_OC2Init
    stm32f4xx_tim.o(.ARM.exidx) refers to stm32f4xx_tim.o(i.TIM_OC3Init) for i.TIM_OC3Init
    stm32f4xx_tim.o(.ARM.exidx) refers to stm32f4xx_tim.o(i.TIM_OC4Init) for i.TIM_OC4Init
    stm32f4xx_tim.o(.ARM.exidx) refers to stm32f4xx_tim.o(i.TIM_OCStructInit) for i.TIM_OCStructInit
    stm32f4xx_tim.o(.ARM.exidx) refers to stm32f4xx_tim.o(i.TIM_SelectOCxM) for i.TIM_SelectOCxM
    stm32f4xx_tim.o(.ARM.exidx) refers to stm32f4xx_tim.o(i.TIM_SetCompare1) for i.TIM_SetCompare1
    stm32f4xx_tim.o(.ARM.exidx) refers to stm32f4xx_tim.o(i.TIM_SetCompare2) for i.TIM_SetCompare2
    stm32f4xx_tim.o(.ARM.exidx) refers to stm32f4xx_tim.o(i.TIM_SetCompare3) for i.TIM_SetCompare3
    stm32f4xx_tim.o(.ARM.exidx) refers to stm32f4xx_tim.o(i.TIM_SetCompare4) for i.TIM_SetCompare4
    stm32f4xx_tim.o(.ARM.exidx) refers to stm32f4xx_tim.o(i.TIM_ForcedOC1Config) for i.TIM_ForcedOC1Config
    stm32f4xx_tim.o(.ARM.exidx) refers to stm32f4xx_tim.o(i.TIM_ForcedOC2Config) for i.TIM_ForcedOC2Config
    stm32f4xx_tim.o(.ARM.exidx) refers to stm32f4xx_tim.o(i.TIM_ForcedOC3Config) for i.TIM_ForcedOC3Config
    stm32f4xx_tim.o(.ARM.exidx) refers to stm32f4xx_tim.o(i.TIM_ForcedOC4Config) for i.TIM_ForcedOC4Config
    stm32f4xx_tim.o(.ARM.exidx) refers to stm32f4xx_tim.o(i.TIM_OC1PreloadConfig) for i.TIM_OC1PreloadConfig
    stm32f4xx_tim.o(.ARM.exidx) refers to stm32f4xx_tim.o(i.TIM_OC2PreloadConfig) for i.TIM_OC2PreloadConfig
    stm32f4xx_tim.o(.ARM.exidx) refers to stm32f4xx_tim.o(i.TIM_OC3PreloadConfig) for i.TIM_OC3PreloadConfig
    stm32f4xx_tim.o(.ARM.exidx) refers to stm32f4xx_tim.o(i.TIM_OC4PreloadConfig) for i.TIM_OC4PreloadConfig
    stm32f4xx_tim.o(.ARM.exidx) refers to stm32f4xx_tim.o(i.TIM_OC1FastConfig) for i.TIM_OC1FastConfig
    stm32f4xx_tim.o(.ARM.exidx) refers to stm32f4xx_tim.o(i.TIM_OC2FastConfig) for i.TIM_OC2FastConfig
    stm32f4xx_tim.o(.ARM.exidx) refers to stm32f4xx_tim.o(i.TIM_OC3FastConfig) for i.TIM_OC3FastConfig
    stm32f4xx_tim.o(.ARM.exidx) refers to stm32f4xx_tim.o(i.TIM_OC4FastConfig) for i.TIM_OC4FastConfig
    stm32f4xx_tim.o(.ARM.exidx) refers to stm32f4xx_tim.o(i.TIM_ClearOC1Ref) for i.TIM_ClearOC1Ref
    stm32f4xx_tim.o(.ARM.exidx) refers to stm32f4xx_tim.o(i.TIM_ClearOC2Ref) for i.TIM_ClearOC2Ref
    stm32f4xx_tim.o(.ARM.exidx) refers to stm32f4xx_tim.o(i.TIM_ClearOC3Ref) for i.TIM_ClearOC3Ref
    stm32f4xx_tim.o(.ARM.exidx) refers to stm32f4xx_tim.o(i.TIM_ClearOC4Ref) for i.TIM_ClearOC4Ref
    stm32f4xx_tim.o(.ARM.exidx) refers to stm32f4xx_tim.o(i.TIM_OC1PolarityConfig) for i.TIM_OC1PolarityConfig
    stm32f4xx_tim.o(.ARM.exidx) refers to stm32f4xx_tim.o(i.TIM_OC1NPolarityConfig) for i.TIM_OC1NPolarityConfig
    stm32f4xx_tim.o(.ARM.exidx) refers to stm32f4xx_tim.o(i.TIM_OC2PolarityConfig) for i.TIM_OC2PolarityConfig
    stm32f4xx_tim.o(.ARM.exidx) refers to stm32f4xx_tim.o(i.TIM_OC2NPolarityConfig) for i.TIM_OC2NPolarityConfig
    stm32f4xx_tim.o(.ARM.exidx) refers to stm32f4xx_tim.o(i.TIM_OC3PolarityConfig) for i.TIM_OC3PolarityConfig
    stm32f4xx_tim.o(.ARM.exidx) refers to stm32f4xx_tim.o(i.TIM_OC3NPolarityConfig) for i.TIM_OC3NPolarityConfig
    stm32f4xx_tim.o(.ARM.exidx) refers to stm32f4xx_tim.o(i.TIM_OC4PolarityConfig) for i.TIM_OC4PolarityConfig
    stm32f4xx_tim.o(.ARM.exidx) refers to stm32f4xx_tim.o(i.TIM_CCxCmd) for i.TIM_CCxCmd
    stm32f4xx_tim.o(.ARM.exidx) refers to stm32f4xx_tim.o(i.TIM_CCxNCmd) for i.TIM_CCxNCmd
    stm32f4xx_tim.o(.ARM.exidx) refers to stm32f4xx_tim.o(i.TIM_SetIC4Prescaler) for i.TIM_SetIC4Prescaler
    stm32f4xx_tim.o(.ARM.exidx) refers to stm32f4xx_tim.o(i._Z10TI4_ConfigP11TIM_TypeDefttt) for i._Z10TI4_ConfigP11TIM_TypeDefttt
    stm32f4xx_tim.o(.ARM.exidx) refers to stm32f4xx_tim.o(i.TIM_SetIC3Prescaler) for i.TIM_SetIC3Prescaler
    stm32f4xx_tim.o(.ARM.exidx) refers to stm32f4xx_tim.o(i._Z10TI3_ConfigP11TIM_TypeDefttt) for i._Z10TI3_ConfigP11TIM_TypeDefttt
    stm32f4xx_tim.o(.ARM.exidx) refers to stm32f4xx_tim.o(i.TIM_SetIC2Prescaler) for i.TIM_SetIC2Prescaler
    stm32f4xx_tim.o(.ARM.exidx) refers to stm32f4xx_tim.o(i._Z10TI2_ConfigP11TIM_TypeDefttt) for i._Z10TI2_ConfigP11TIM_TypeDefttt
    stm32f4xx_tim.o(.ARM.exidx) refers to stm32f4xx_tim.o(i.TIM_SetIC1Prescaler) for i.TIM_SetIC1Prescaler
    stm32f4xx_tim.o(.ARM.exidx) refers to stm32f4xx_tim.o(i._Z10TI1_ConfigP11TIM_TypeDefttt) for i._Z10TI1_ConfigP11TIM_TypeDefttt
    stm32f4xx_tim.o(.ARM.exidx) refers to stm32f4xx_tim.o(i.TIM_ICInit) for i.TIM_ICInit
    stm32f4xx_tim.o(.ARM.exidx) refers to stm32f4xx_tim.o(i.TIM_ICStructInit) for i.TIM_ICStructInit
    stm32f4xx_tim.o(.ARM.exidx) refers to stm32f4xx_tim.o(i.TIM_PWMIConfig) for i.TIM_PWMIConfig
    stm32f4xx_tim.o(.ARM.exidx) refers to stm32f4xx_tim.o(i.TIM_GetCapture1) for i.TIM_GetCapture1
    stm32f4xx_tim.o(.ARM.exidx) refers to stm32f4xx_tim.o(i.TIM_GetCapture2) for i.TIM_GetCapture2
    stm32f4xx_tim.o(.ARM.exidx) refers to stm32f4xx_tim.o(i.TIM_GetCapture3) for i.TIM_GetCapture3
    stm32f4xx_tim.o(.ARM.exidx) refers to stm32f4xx_tim.o(i.TIM_GetCapture4) for i.TIM_GetCapture4
    stm32f4xx_tim.o(.ARM.exidx) refers to stm32f4xx_tim.o(i.TIM_BDTRConfig) for i.TIM_BDTRConfig
    stm32f4xx_tim.o(.ARM.exidx) refers to stm32f4xx_tim.o(i.TIM_BDTRStructInit) for i.TIM_BDTRStructInit
    stm32f4xx_tim.o(.ARM.exidx) refers to stm32f4xx_tim.o(i.TIM_CtrlPWMOutputs) for i.TIM_CtrlPWMOutputs
    stm32f4xx_tim.o(.ARM.exidx) refers to stm32f4xx_tim.o(i.TIM_SelectCOM) for i.TIM_SelectCOM
    stm32f4xx_tim.o(.ARM.exidx) refers to stm32f4xx_tim.o(i.TIM_CCPreloadControl) for i.TIM_CCPreloadControl
    stm32f4xx_tim.o(.ARM.exidx) refers to stm32f4xx_tim.o(i.TIM_ITConfig) for i.TIM_ITConfig
    stm32f4xx_tim.o(.ARM.exidx) refers to stm32f4xx_tim.o(i.TIM_GenerateEvent) for i.TIM_GenerateEvent
    stm32f4xx_tim.o(.ARM.exidx) refers to stm32f4xx_tim.o(i.TIM_GetFlagStatus) for i.TIM_GetFlagStatus
    stm32f4xx_tim.o(.ARM.exidx) refers to stm32f4xx_tim.o(i.TIM_ClearFlag) for i.TIM_ClearFlag
    stm32f4xx_tim.o(.ARM.exidx) refers to stm32f4xx_tim.o(i.TIM_GetITStatus) for i.TIM_GetITStatus
    stm32f4xx_tim.o(.ARM.exidx) refers to stm32f4xx_tim.o(i.TIM_ClearITPendingBit) for i.TIM_ClearITPendingBit
    stm32f4xx_tim.o(.ARM.exidx) refers to stm32f4xx_tim.o(i.TIM_DMAConfig) for i.TIM_DMAConfig
    stm32f4xx_tim.o(.ARM.exidx) refers to stm32f4xx_tim.o(i.TIM_DMACmd) for i.TIM_DMACmd
    stm32f4xx_tim.o(.ARM.exidx) refers to stm32f4xx_tim.o(i.TIM_SelectCCDMA) for i.TIM_SelectCCDMA
    stm32f4xx_tim.o(.ARM.exidx) refers to stm32f4xx_tim.o(i.TIM_InternalClockConfig) for i.TIM_InternalClockConfig
    stm32f4xx_tim.o(.ARM.exidx) refers to stm32f4xx_tim.o(i.TIM_SelectInputTrigger) for i.TIM_SelectInputTrigger
    stm32f4xx_tim.o(.ARM.exidx) refers to stm32f4xx_tim.o(i.TIM_ITRxExternalClockConfig) for i.TIM_ITRxExternalClockConfig
    stm32f4xx_tim.o(.ARM.exidx) refers to stm32f4xx_tim.o(i.TIM_TIxExternalClockConfig) for i.TIM_TIxExternalClockConfig
    stm32f4xx_tim.o(.ARM.exidx) refers to stm32f4xx_tim.o(i.TIM_ETRConfig) for i.TIM_ETRConfig
    stm32f4xx_tim.o(.ARM.exidx) refers to stm32f4xx_tim.o(i.TIM_ETRClockMode1Config) for i.TIM_ETRClockMode1Config
    stm32f4xx_tim.o(.ARM.exidx) refers to stm32f4xx_tim.o(i.TIM_ETRClockMode2Config) for i.TIM_ETRClockMode2Config
    stm32f4xx_tim.o(.ARM.exidx) refers to stm32f4xx_tim.o(i.TIM_SelectOutputTrigger) for i.TIM_SelectOutputTrigger
    stm32f4xx_tim.o(.ARM.exidx) refers to stm32f4xx_tim.o(i.TIM_SelectSlaveMode) for i.TIM_SelectSlaveMode
    stm32f4xx_tim.o(.ARM.exidx) refers to stm32f4xx_tim.o(i.TIM_SelectMasterSlaveMode) for i.TIM_SelectMasterSlaveMode
    stm32f4xx_tim.o(.ARM.exidx) refers to stm32f4xx_tim.o(i.TIM_EncoderInterfaceConfig) for i.TIM_EncoderInterfaceConfig
    stm32f4xx_tim.o(.ARM.exidx) refers to stm32f4xx_tim.o(i.TIM_SelectHallSensor) for i.TIM_SelectHallSensor
    stm32f4xx_tim.o(.ARM.exidx) refers to stm32f4xx_tim.o(i.TIM_RemapConfig) for i.TIM_RemapConfig
    stm32f4xx_usart.o(i.USART_ClearFlag) refers to main.o(i.assert_failed) for assert_failed
    stm32f4xx_usart.o(i.USART_ClearITPendingBit) refers to main.o(i.assert_failed) for assert_failed
    stm32f4xx_usart.o(i.USART_ClockInit) refers to main.o(i.assert_failed) for assert_failed
    stm32f4xx_usart.o(i.USART_Cmd) refers to main.o(i.assert_failed) for assert_failed
    stm32f4xx_usart.o(i.USART_DMACmd) refers to main.o(i.assert_failed) for assert_failed
    stm32f4xx_usart.o(i.USART_DeInit) refers to main.o(i.assert_failed) for assert_failed
    stm32f4xx_usart.o(i.USART_DeInit) refers to stm32f4xx_rcc.o(i.RCC_APB2PeriphResetCmd) for RCC_APB2PeriphResetCmd
    stm32f4xx_usart.o(i.USART_DeInit) refers to stm32f4xx_rcc.o(i.RCC_APB1PeriphResetCmd) for RCC_APB1PeriphResetCmd
    stm32f4xx_usart.o(i.USART_GetFlagStatus) refers to main.o(i.assert_failed) for assert_failed
    stm32f4xx_usart.o(i.USART_GetITStatus) refers to main.o(i.assert_failed) for assert_failed
    stm32f4xx_usart.o(i.USART_HalfDuplexCmd) refers to main.o(i.assert_failed) for assert_failed
    stm32f4xx_usart.o(i.USART_ITConfig) refers to main.o(i.assert_failed) for assert_failed
    stm32f4xx_usart.o(i.USART_Init) refers to main.o(i.assert_failed) for assert_failed
    stm32f4xx_usart.o(i.USART_Init) refers to stm32f4xx_rcc.o(i.RCC_GetClocksFreq) for RCC_GetClocksFreq
    stm32f4xx_usart.o(i.USART_IrDACmd) refers to main.o(i.assert_failed) for assert_failed
    stm32f4xx_usart.o(i.USART_IrDAConfig) refers to main.o(i.assert_failed) for assert_failed
    stm32f4xx_usart.o(i.USART_LINBreakDetectLengthConfig) refers to main.o(i.assert_failed) for assert_failed
    stm32f4xx_usart.o(i.USART_LINCmd) refers to main.o(i.assert_failed) for assert_failed
    stm32f4xx_usart.o(i.USART_OneBitMethodCmd) refers to main.o(i.assert_failed) for assert_failed
    stm32f4xx_usart.o(i.USART_OverSampling8Cmd) refers to main.o(i.assert_failed) for assert_failed
    stm32f4xx_usart.o(i.USART_ReceiveData) refers to main.o(i.assert_failed) for assert_failed
    stm32f4xx_usart.o(i.USART_ReceiverWakeUpCmd) refers to main.o(i.assert_failed) for assert_failed
    stm32f4xx_usart.o(i.USART_SendBreak) refers to main.o(i.assert_failed) for assert_failed
    stm32f4xx_usart.o(i.USART_SendData) refers to main.o(i.assert_failed) for assert_failed
    stm32f4xx_usart.o(i.USART_SetAddress) refers to main.o(i.assert_failed) for assert_failed
    stm32f4xx_usart.o(i.USART_SetGuardTime) refers to main.o(i.assert_failed) for assert_failed
    stm32f4xx_usart.o(i.USART_SetPrescaler) refers to main.o(i.assert_failed) for assert_failed
    stm32f4xx_usart.o(i.USART_SmartCardCmd) refers to main.o(i.assert_failed) for assert_failed
    stm32f4xx_usart.o(i.USART_SmartCardNACKCmd) refers to main.o(i.assert_failed) for assert_failed
    stm32f4xx_usart.o(i.USART_WakeUpConfig) refers to main.o(i.assert_failed) for assert_failed
    stm32f4xx_usart.o(.ARM.exidx) refers to stm32f4xx_usart.o(i.USART_DeInit) for i.USART_DeInit
    stm32f4xx_usart.o(.ARM.exidx) refers to stm32f4xx_usart.o(i.USART_Init) for i.USART_Init
    stm32f4xx_usart.o(.ARM.exidx) refers to stm32f4xx_usart.o(i.USART_StructInit) for i.USART_StructInit
    stm32f4xx_usart.o(.ARM.exidx) refers to stm32f4xx_usart.o(i.USART_ClockInit) for i.USART_ClockInit
    stm32f4xx_usart.o(.ARM.exidx) refers to stm32f4xx_usart.o(i.USART_ClockStructInit) for i.USART_ClockStructInit
    stm32f4xx_usart.o(.ARM.exidx) refers to stm32f4xx_usart.o(i.USART_Cmd) for i.USART_Cmd
    stm32f4xx_usart.o(.ARM.exidx) refers to stm32f4xx_usart.o(i.USART_SetPrescaler) for i.USART_SetPrescaler
    stm32f4xx_usart.o(.ARM.exidx) refers to stm32f4xx_usart.o(i.USART_OverSampling8Cmd) for i.USART_OverSampling8Cmd
    stm32f4xx_usart.o(.ARM.exidx) refers to stm32f4xx_usart.o(i.USART_OneBitMethodCmd) for i.USART_OneBitMethodCmd
    stm32f4xx_usart.o(.ARM.exidx) refers to stm32f4xx_usart.o(i.USART_SendData) for i.USART_SendData
    stm32f4xx_usart.o(.ARM.exidx) refers to stm32f4xx_usart.o(i.USART_ReceiveData) for i.USART_ReceiveData
    stm32f4xx_usart.o(.ARM.exidx) refers to stm32f4xx_usart.o(i.USART_SetAddress) for i.USART_SetAddress
    stm32f4xx_usart.o(.ARM.exidx) refers to stm32f4xx_usart.o(i.USART_ReceiverWakeUpCmd) for i.USART_ReceiverWakeUpCmd
    stm32f4xx_usart.o(.ARM.exidx) refers to stm32f4xx_usart.o(i.USART_WakeUpConfig) for i.USART_WakeUpConfig
    stm32f4xx_usart.o(.ARM.exidx) refers to stm32f4xx_usart.o(i.USART_LINBreakDetectLengthConfig) for i.USART_LINBreakDetectLengthConfig
    stm32f4xx_usart.o(.ARM.exidx) refers to stm32f4xx_usart.o(i.USART_LINCmd) for i.USART_LINCmd
    stm32f4xx_usart.o(.ARM.exidx) refers to stm32f4xx_usart.o(i.USART_SendBreak) for i.USART_SendBreak
    stm32f4xx_usart.o(.ARM.exidx) refers to stm32f4xx_usart.o(i.USART_HalfDuplexCmd) for i.USART_HalfDuplexCmd
    stm32f4xx_usart.o(.ARM.exidx) refers to stm32f4xx_usart.o(i.USART_SetGuardTime) for i.USART_SetGuardTime
    stm32f4xx_usart.o(.ARM.exidx) refers to stm32f4xx_usart.o(i.USART_SmartCardCmd) for i.USART_SmartCardCmd
    stm32f4xx_usart.o(.ARM.exidx) refers to stm32f4xx_usart.o(i.USART_SmartCardNACKCmd) for i.USART_SmartCardNACKCmd
    stm32f4xx_usart.o(.ARM.exidx) refers to stm32f4xx_usart.o(i.USART_IrDAConfig) for i.USART_IrDAConfig
    stm32f4xx_usart.o(.ARM.exidx) refers to stm32f4xx_usart.o(i.USART_IrDACmd) for i.USART_IrDACmd
    stm32f4xx_usart.o(.ARM.exidx) refers to stm32f4xx_usart.o(i.USART_DMACmd) for i.USART_DMACmd
    stm32f4xx_usart.o(.ARM.exidx) refers to stm32f4xx_usart.o(i.USART_ITConfig) for i.USART_ITConfig
    stm32f4xx_usart.o(.ARM.exidx) refers to stm32f4xx_usart.o(i.USART_GetFlagStatus) for i.USART_GetFlagStatus
    stm32f4xx_usart.o(.ARM.exidx) refers to stm32f4xx_usart.o(i.USART_ClearFlag) for i.USART_ClearFlag
    stm32f4xx_usart.o(.ARM.exidx) refers to stm32f4xx_usart.o(i.USART_GetITStatus) for i.USART_GetITStatus
    stm32f4xx_usart.o(.ARM.exidx) refers to stm32f4xx_usart.o(i.USART_ClearITPendingBit) for i.USART_ClearITPendingBit
    stm32f4xx_wwdg.o(i.WWDG_DeInit) refers to stm32f4xx_rcc.o(i.RCC_APB1PeriphResetCmd) for RCC_APB1PeriphResetCmd
    stm32f4xx_wwdg.o(i.WWDG_Enable) refers to main.o(i.assert_failed) for assert_failed
    stm32f4xx_wwdg.o(i.WWDG_SetCounter) refers to main.o(i.assert_failed) for assert_failed
    stm32f4xx_wwdg.o(i.WWDG_SetPrescaler) refers to main.o(i.assert_failed) for assert_failed
    stm32f4xx_wwdg.o(i.WWDG_SetWindowValue) refers to main.o(i.assert_failed) for assert_failed
    stm32f4xx_wwdg.o(.ARM.exidx) refers to stm32f4xx_wwdg.o(i.WWDG_DeInit) for i.WWDG_DeInit
    stm32f4xx_wwdg.o(.ARM.exidx) refers to stm32f4xx_wwdg.o(i.WWDG_SetPrescaler) for i.WWDG_SetPrescaler
    stm32f4xx_wwdg.o(.ARM.exidx) refers to stm32f4xx_wwdg.o(i.WWDG_SetWindowValue) for i.WWDG_SetWindowValue
    stm32f4xx_wwdg.o(.ARM.exidx) refers to stm32f4xx_wwdg.o(i.WWDG_EnableIT) for i.WWDG_EnableIT
    stm32f4xx_wwdg.o(.ARM.exidx) refers to stm32f4xx_wwdg.o(i.WWDG_SetCounter) for i.WWDG_SetCounter
    stm32f4xx_wwdg.o(.ARM.exidx) refers to stm32f4xx_wwdg.o(i.WWDG_Enable) for i.WWDG_Enable
    stm32f4xx_wwdg.o(.ARM.exidx) refers to stm32f4xx_wwdg.o(i.WWDG_GetFlagStatus) for i.WWDG_GetFlagStatus
    stm32f4xx_wwdg.o(.ARM.exidx) refers to stm32f4xx_wwdg.o(i.WWDG_ClearFlag) for i.WWDG_ClearFlag
    main.o(.ARM.exidx) refers to main.o(i.main) for i.main
    main.o(.ARM.exidx) refers to main.o(i.assert_failed) for i.assert_failed
    system_stm32f4xx.o(i.SystemCoreClockUpdate) refers to system_stm32f4xx.o(.data) for SystemCoreClock
    system_stm32f4xx.o(i.SystemInit) refers to system_stm32f4xx.o(i._Z11SetSysClockv) for SetSysClock()
    system_stm32f4xx.o(.ARM.exidx) refers to system_stm32f4xx.o(i._Z11SetSysClockv) for i._Z11SetSysClockv
    system_stm32f4xx.o(.ARM.exidx) refers to system_stm32f4xx.o(i.SystemInit) for i.SystemInit
    system_stm32f4xx.o(.ARM.exidx) refers to system_stm32f4xx.o(i.SystemCoreClockUpdate) for i.SystemCoreClockUpdate
    startup_stm32f40_41xxx.o(STACK) refers (Special) to heapauxi.o(.text) for __use_two_region_memory
    startup_stm32f40_41xxx.o(HEAP) refers (Special) to heapauxi.o(.text) for __use_two_region_memory
    startup_stm32f40_41xxx.o(RESET) refers (Special) to heapauxi.o(.text) for __use_two_region_memory
    startup_stm32f40_41xxx.o(RESET) refers to startup_stm32f40_41xxx.o(STACK) for __initial_sp
    startup_stm32f40_41xxx.o(RESET) refers to startup_stm32f40_41xxx.o(.text) for Reset_Handler
    startup_stm32f40_41xxx.o(.text) refers (Special) to heapauxi.o(.text) for __use_two_region_memory
    startup_stm32f40_41xxx.o(.text) refers to system_stm32f4xx.o(i.SystemInit) for SystemInit
    startup_stm32f40_41xxx.o(.text) refers to __main.o(!!!main) for __main
    startup_stm32f40_41xxx.o(.text) refers to startup_stm32f40_41xxx.o(HEAP) for Heap_Mem
    startup_stm32f40_41xxx.o(.text) refers to startup_stm32f40_41xxx.o(STACK) for Stack_Mem
    mtsp.o(i._ZN4MTSPC1Eihh) refers to usartmtsp.o(i._Z15InitAllForUSARTi) for InitAllForUSART(int)
    mtsp.o(i._ZN4MTSPC1Eihh) refers to mtsp.o(.bss) for bufferRx_Master
    mtsp.o(i._ZN4MTSPC1Eihh) refers to usartmtsp.o(.bss) for bufferRx_Master
    mtsp.o(.ARM.exidx) refers to mtsp.o(i._ZN4MTSPC1Eihh) for i._ZN4MTSPC1Eihh
    crc_calc.o(i._Z10CRC16_calcPhh) refers to rt_memcpy_w.o(.text) for __aeabi_memcpy4
    crc_calc.o(i._Z10CRC16_calcPhh) refers to crc_calc.o(.constdata) for .constdata
    crc_calc.o(i._Z9CRC8_calcPhh) refers to rt_memcpy_w.o(.text) for __aeabi_memcpy4
    crc_calc.o(i._Z9CRC8_calcPhh) refers to crc_calc.o(.constdata) for .constdata
    crc_calc.o(.ARM.exidx) refers to crc_calc.o(i._Z10CRC16_calcPhh) for i._Z10CRC16_calcPhh
    crc_calc.o(.ARM.exidx) refers to crc_calc.o(i._Z9CRC8_calcPhh) for i._Z9CRC8_calcPhh
    crc_calc.o(.ARM.exidx) refers to crc_calc.o(i._Z3Lowt) for i._Z3Lowt
    crc_calc.o(.ARM.exidx) refers to crc_calc.o(i._Z6Heightt) for i._Z6Heightt
    usartmtsp.o(i._Z15InitAllForUSARTi) refers to usartmtsp.o(i._Z8InitGPIOv) for InitGPIO()
    usartmtsp.o(i._Z15InitAllForUSARTi) refers to usartmtsp.o(i._Z9InitUSARTi) for InitUSART(int)
    usartmtsp.o(i._Z15InitAllForUSARTi) refers to usartmtsp.o(i._Z7InitDMAv) for InitDMA()
    usartmtsp.o(i._Z7InitDMAv) refers to stm32f4xx_dma.o(i.DMA_Init) for DMA_Init
    usartmtsp.o(i._Z7InitDMAv) refers to stm32f4xx_usart.o(i.USART_DMACmd) for USART_DMACmd
    usartmtsp.o(i._Z7InitDMAv) refers to usartmtsp.o(i._Z14NVIC_EnableIRQ4IRQn) for NVIC_EnableIRQ(IRQn)
    usartmtsp.o(i._Z7InitDMAv) refers to stm32f4xx_dma.o(i.DMA_ITConfig) for DMA_ITConfig
    usartmtsp.o(i._Z7InitDMAv) refers to mtsp.o(.bss) for bufferTx_Master
    usartmtsp.o(i._Z7InitDMAv) refers to usartmtsp.o(.bss) for bufferTx_Master
    usartmtsp.o(i._Z8InitGPIOv) refers to stm32f4xx_rcc.o(i.RCC_AHB1PeriphClockCmd) for RCC_AHB1PeriphClockCmd
    usartmtsp.o(i._Z8InitGPIOv) refers to stm32f4xx_gpio.o(i.GPIO_Init) for GPIO_Init
    usartmtsp.o(i._Z8InitGPIOv) refers to stm32f4xx_gpio.o(i.GPIO_PinAFConfig) for GPIO_PinAFConfig
    usartmtsp.o(i._Z9InitUSARTi) refers to stm32f4xx_rcc.o(i.RCC_APB2PeriphClockCmd) for RCC_APB2PeriphClockCmd
    usartmtsp.o(i._Z9InitUSARTi) refers to stm32f4xx_usart.o(i.USART_Init) for USART_Init
    usartmtsp.o(i._Z9InitUSARTi) refers to usartmtsp.o(i._Z14NVIC_EnableIRQ4IRQn) for NVIC_EnableIRQ(IRQn)
    usartmtsp.o(i._Z9InitUSARTi) refers to stm32f4xx_usart.o(i.USART_ITConfig) for USART_ITConfig
    usartmtsp.o(i._Z9InitUSARTi) refers to stm32f4xx_usart.o(i.USART_Cmd) for USART_Cmd
    usartmtsp.o(.ARM.exidx) refers to usartmtsp.o(i._Z9InitUSARTi) for i._Z9InitUSARTi
    usartmtsp.o(.ARM.exidx) refers to usartmtsp.o(i._Z7InitDMAv) for i._Z7InitDMAv
    usartmtsp.o(.ARM.exidx) refers to usartmtsp.o(i._Z8InitGPIOv) for i._Z8InitGPIOv
    usartmtsp.o(.ARM.exidx) refers to usartmtsp.o(i._Z15InitAllForUSARTi) for i._Z15InitAllForUSARTi
    usartmtsp.o(.ARM.exidx) refers to usartmtsp.o(i._Z14NVIC_EnableIRQ4IRQn) for i._Z14NVIC_EnableIRQ4IRQn
    __main.o(!!!main) refers to __rtentry.o(.ARM.Collect$$rtentry$$00000000) for __rt_entry
    __rtentry.o(.ARM.Collect$$rtentry$$00000000) refers (Special) to __rtentry2.o(.ARM.Collect$$rtentry$$0000000A) for __rt_entry_li
    __rtentry.o(.ARM.Collect$$rtentry$$00000000) refers (Special) to __rtentry2.o(.ARM.Collect$$rtentry$$0000000D) for __rt_entry_main
    __rtentry.o(.ARM.Collect$$rtentry$$00000000) refers (Special) to __rtentry2.o(.ARM.Collect$$rtentry$$0000000C) for __rt_entry_postli_1
    __rtentry.o(.ARM.Collect$$rtentry$$00000000) refers (Special) to __rtentry2.o(.ARM.Collect$$rtentry$$00000009) for __rt_entry_postsh_1
    __rtentry.o(.ARM.Collect$$rtentry$$00000000) refers (Special) to __rtentry2.o(.ARM.Collect$$rtentry$$00000002) for __rt_entry_presh_1
    __rtentry.o(.ARM.Collect$$rtentry$$00000000) refers (Special) to __rtentry4.o(.ARM.Collect$$rtentry$$00000004) for __rt_entry_sh
    __rtentry2.o(.ARM.Collect$$rtentry$$00000008) refers to boardinit2.o(.text) for _platform_post_stackheap_init
    __rtentry2.o(.ARM.Collect$$rtentry$$0000000A) refers to libinit.o(.ARM.Collect$$libinit$$00000000) for __rt_lib_init
    __rtentry2.o(.ARM.Collect$$rtentry$$0000000B) refers to boardinit3.o(.text) for _platform_post_lib_init
    __rtentry2.o(.ARM.Collect$$rtentry$$0000000D) refers to main.o(i.main) for main
    __rtentry2.o(.ARM.Collect$$rtentry$$0000000D) refers to exit.o(.text) for exit
    __rtentry2.o(.ARM.exidx) refers to __rtentry2.o(.ARM.Collect$$rtentry$$00000001) for .ARM.Collect$$rtentry$$00000001
    __rtentry2.o(.ARM.exidx) refers to __rtentry2.o(.ARM.Collect$$rtentry$$00000008) for .ARM.Collect$$rtentry$$00000008
    __rtentry2.o(.ARM.exidx) refers to __rtentry2.o(.ARM.Collect$$rtentry$$0000000A) for .ARM.Collect$$rtentry$$0000000A
    __rtentry2.o(.ARM.exidx) refers to __rtentry2.o(.ARM.Collect$$rtentry$$0000000B) for .ARM.Collect$$rtentry$$0000000B
    __rtentry2.o(.ARM.exidx) refers to __rtentry2.o(.ARM.Collect$$rtentry$$0000000D) for .ARM.Collect$$rtentry$$0000000D
    __rtentry4.o(.ARM.Collect$$rtentry$$00000004) refers to sys_stackheap_outer.o(.text) for __user_setup_stackheap
    __rtentry4.o(.ARM.exidx) refers to __rtentry4.o(.ARM.Collect$$rtentry$$00000004) for .ARM.Collect$$rtentry$$00000004
    sys_stackheap_outer.o(.text) refers to libspace.o(.text) for __user_perproc_libspace
    sys_stackheap_outer.o(.text) refers to startup_stm32f40_41xxx.o(.text) for __user_initial_stackheap
    exit.o(.text) refers to rtexit.o(.ARM.Collect$$rtexit$$00000000) for __rt_exit
    libinit.o(.ARM.Collect$$libinit$$00000000) refers (Special) to libinit2.o(.ARM.Collect$$libinit$$0000002E) for __rt_lib_init_alloca_1
    libinit.o(.ARM.Collect$$libinit$$00000000) refers (Special) to libinit2.o(.ARM.Collect$$libinit$$0000002C) for __rt_lib_init_argv_1
    libinit.o(.ARM.Collect$$libinit$$00000000) refers (Special) to libinit2.o(.ARM.Collect$$libinit$$0000001B) for __rt_lib_init_atexit_1
    libinit.o(.ARM.Collect$$libinit$$00000000) refers (Special) to libinit2.o(.ARM.Collect$$libinit$$00000021) for __rt_lib_init_clock_1
    libinit.o(.ARM.Collect$$libinit$$00000000) refers (Special) to libinit2.o(.ARM.Collect$$libinit$$00000032) for __rt_lib_init_cpp_1
    libinit.o(.ARM.Collect$$libinit$$00000000) refers (Special) to libinit2.o(.ARM.Collect$$libinit$$00000030) for __rt_lib_init_exceptions_1
    libinit.o(.ARM.Collect$$libinit$$00000000) refers (Special) to libinit2.o(.ARM.Collect$$libinit$$00000001) for __rt_lib_init_fp_1
    libinit.o(.ARM.Collect$$libinit$$00000000) refers (Special) to libinit2.o(.ARM.Collect$$libinit$$0000001F) for __rt_lib_init_fp_trap_1
    libinit.o(.ARM.Collect$$libinit$$00000000) refers (Special) to libinit2.o(.ARM.Collect$$libinit$$00000023) for __rt_lib_init_getenv_1
    libinit.o(.ARM.Collect$$libinit$$00000000) refers (Special) to libinit2.o(.ARM.Collect$$libinit$$0000000A) for __rt_lib_init_heap_1
    libinit.o(.ARM.Collect$$libinit$$00000000) refers (Special) to libinit2.o(.ARM.Collect$$libinit$$00000011) for __rt_lib_init_lc_collate_1
    libinit.o(.ARM.Collect$$libinit$$00000000) refers (Special) to libinit2.o(.ARM.Collect$$libinit$$00000013) for __rt_lib_init_lc_ctype_1
    libinit.o(.ARM.Collect$$libinit$$00000000) refers (Special) to libinit2.o(.ARM.Collect$$libinit$$00000015) for __rt_lib_init_lc_monetary_1
    libinit.o(.ARM.Collect$$libinit$$00000000) refers (Special) to libinit2.o(.ARM.Collect$$libinit$$00000017) for __rt_lib_init_lc_numeric_1
    libinit.o(.ARM.Collect$$libinit$$00000000) refers (Special) to libinit2.o(.ARM.Collect$$libinit$$00000019) for __rt_lib_init_lc_time_1
    libinit.o(.ARM.Collect$$libinit$$00000000) refers (Special) to libinit2.o(.ARM.Collect$$libinit$$00000004) for __rt_lib_init_preinit_1
    libinit.o(.ARM.Collect$$libinit$$00000000) refers (Special) to libinit2.o(.ARM.Collect$$libinit$$0000000E) for __rt_lib_init_rand_1
    libinit.o(.ARM.Collect$$libinit$$00000000) refers (Special) to libinit2.o(.ARM.Collect$$libinit$$00000033) for __rt_lib_init_return
    libinit.o(.ARM.Collect$$libinit$$00000000) refers (Special) to libinit2.o(.ARM.Collect$$libinit$$0000001D) for __rt_lib_init_signal_1
    libinit.o(.ARM.Collect$$libinit$$00000000) refers (Special) to libinit2.o(.ARM.Collect$$libinit$$00000025) for __rt_lib_init_stdio_1
    libinit.o(.ARM.Collect$$libinit$$00000000) refers (Special) to libinit2.o(.ARM.Collect$$libinit$$0000000C) for __rt_lib_init_user_alloc_1
    libspace.o(.text) refers to libspace.o(.bss) for __libspace_start
    rtexit.o(.ARM.Collect$$rtexit$$00000000) refers (Special) to rtexit2.o(.ARM.Collect$$rtexit$$00000004) for __rt_exit_exit
    rtexit.o(.ARM.Collect$$rtexit$$00000000) refers (Special) to rtexit2.o(.ARM.Collect$$rtexit$$00000003) for __rt_exit_ls
    rtexit.o(.ARM.Collect$$rtexit$$00000000) refers (Special) to rtexit2.o(.ARM.Collect$$rtexit$$00000002) for __rt_exit_prels_1
    rtexit.o(.ARM.exidx) refers (Special) to rtexit2.o(.ARM.Collect$$rtexit$$00000004) for __rt_exit_exit
    rtexit.o(.ARM.exidx) refers (Special) to rtexit2.o(.ARM.Collect$$rtexit$$00000003) for __rt_exit_ls
    rtexit.o(.ARM.exidx) refers (Special) to rtexit2.o(.ARM.Collect$$rtexit$$00000002) for __rt_exit_prels_1
    rtexit.o(.ARM.exidx) refers to rtexit.o(.ARM.Collect$$rtexit$$00000000) for .ARM.Collect$$rtexit$$00000000
    libinit2.o(.ARM.Collect$$libinit$$00000001) refers to fpinit.o(x$fpl$fpinit) for _fp_init
    libinit2.o(.ARM.Collect$$libinit$$00000010) refers to libinit2.o(.ARM.Collect$$libinit$$0000000F) for .ARM.Collect$$libinit$$0000000F
    libinit2.o(.ARM.Collect$$libinit$$00000012) refers to libinit2.o(.ARM.Collect$$libinit$$0000000F) for .ARM.Collect$$libinit$$0000000F
    libinit2.o(.ARM.Collect$$libinit$$00000014) refers to libinit2.o(.ARM.Collect$$libinit$$0000000F) for .ARM.Collect$$libinit$$0000000F
    libinit2.o(.ARM.Collect$$libinit$$00000016) refers to libinit2.o(.ARM.Collect$$libinit$$0000000F) for .ARM.Collect$$libinit$$0000000F
    libinit2.o(.ARM.Collect$$libinit$$00000018) refers to libinit2.o(.ARM.Collect$$libinit$$0000000F) for .ARM.Collect$$libinit$$0000000F
    libinit2.o(.ARM.Collect$$libinit$$00000026) refers to argv_veneer.o(.emb_text) for __ARM_argv_veneer
    libinit2.o(.ARM.Collect$$libinit$$00000027) refers to argv_veneer.o(.emb_text) for __ARM_argv_veneer
    rtexit2.o(.ARM.Collect$$rtexit$$00000003) refers to libshutdown.o(.ARM.Collect$$libshutdown$$00000000) for __rt_lib_shutdown
    rtexit2.o(.ARM.Collect$$rtexit$$00000004) refers to sys_exit.o(.text) for _sys_exit
    rtexit2.o(.ARM.exidx) refers to rtexit2.o(.ARM.Collect$$rtexit$$00000001) for .ARM.Collect$$rtexit$$00000001
    rtexit2.o(.ARM.exidx) refers to rtexit2.o(.ARM.Collect$$rtexit$$00000003) for .ARM.Collect$$rtexit$$00000003
    rtexit2.o(.ARM.exidx) refers to rtexit2.o(.ARM.Collect$$rtexit$$00000004) for .ARM.Collect$$rtexit$$00000004
    argv_veneer.o(.emb_text) refers to no_argv.o(.text) for __ARM_get_argv
    sys_exit.o(.text) refers (Special) to use_no_semi.o(.text) for __I$use$semihosting
    sys_exit.o(.text) refers (Special) to indicate_semi.o(.text) for __semihosting_library_function
    _get_argv_nomalloc.o(.text) refers (Special) to hrguard.o(.text) for __heap_region$guard
    _get_argv_nomalloc.o(.text) refers to defsig_rtmem_outer.o(.text) for __rt_SIGRTMEM
    _get_argv_nomalloc.o(.text) refers to sys_command.o(.text) for _sys_command_string
    libshutdown.o(.ARM.Collect$$libshutdown$$00000000) refers (Special) to libshutdown2.o(.ARM.Collect$$libshutdown$$00000002) for __rt_lib_shutdown_cpp_1
    libshutdown.o(.ARM.Collect$$libshutdown$$00000000) refers (Special) to libshutdown2.o(.ARM.Collect$$libshutdown$$00000007) for __rt_lib_shutdown_fp_trap_1
    libshutdown.o(.ARM.Collect$$libshutdown$$00000000) refers (Special) to libshutdown2.o(.ARM.Collect$$libshutdown$$0000000F) for __rt_lib_shutdown_heap_1
    libshutdown.o(.ARM.Collect$$libshutdown$$00000000) refers (Special) to libshutdown2.o(.ARM.Collect$$libshutdown$$00000010) for __rt_lib_shutdown_return
    libshutdown.o(.ARM.Collect$$libshutdown$$00000000) refers (Special) to libshutdown2.o(.ARM.Collect$$libshutdown$$0000000A) for __rt_lib_shutdown_signal_1
    libshutdown.o(.ARM.Collect$$libshutdown$$00000000) refers (Special) to libshutdown2.o(.ARM.Collect$$libshutdown$$00000004) for __rt_lib_shutdown_stdio_1
    libshutdown.o(.ARM.Collect$$libshutdown$$00000000) refers (Special) to libshutdown2.o(.ARM.Collect$$libshutdown$$0000000C) for __rt_lib_shutdown_user_alloc_1
    sys_command.o(.text) refers (Special) to use_no_semi.o(.text) for __I$use$semihosting
    sys_command.o(.text) refers (Special) to indicate_semi.o(.text) for __semihosting_library_function
    defsig_rtmem_outer.o(.text) refers to defsig_rtmem_inner.o(.text) for __rt_SIGRTMEM_inner
    defsig_rtmem_outer.o(.text) refers to defsig_exit.o(.text) for __sig_exit
    defsig_rtmem_formal.o(.text) refers to rt_raise.o(.text) for __rt_raise
    rt_raise.o(.text) refers to __raise.o(.text) for __raise
    rt_raise.o(.text) refers to sys_exit.o(.text) for _sys_exit
    defsig_exit.o(.text) refers to sys_exit.o(.text) for _sys_exit
    defsig_rtmem_inner.o(.text) refers to defsig_general.o(.text) for __default_signal_display
    __raise.o(.text) refers to defsig.o(CL$$defsig) for __default_signal_handler
    defsig_general.o(.text) refers to sys_wrch.o(.text) for _ttywrch
    sys_wrch.o(.text) refers (Special) to use_no_semi.o(.text) for __I$use$semihosting
    sys_wrch.o(.text) refers (Special) to indicate_semi.o(.text) for __semihosting_library_function
    defsig.o(CL$$defsig) refers to defsig_rtmem_inner.o(.text) for __rt_SIGRTMEM_inner
    defsig_abrt_inner.o(.text) refers to defsig_general.o(.text) for __default_signal_display
    defsig_fpe_inner.o(.text) refers to defsig_general.o(.text) for __default_signal_display
    defsig_rtred_inner.o(.text) refers to defsig_general.o(.text) for __default_signal_display
    defsig_stak_inner.o(.text) refers to defsig_general.o(.text) for __default_signal_display
    defsig_pvfn_inner.o(.text) refers to defsig_general.o(.text) for __default_signal_display
    defsig_cppl_inner.o(.text) refers to defsig_general.o(.text) for __default_signal_display
    defsig_segv_inner.o(.text) refers to defsig_general.o(.text) for __default_signal_display
    defsig_other.o(.text) refers to defsig_general.o(.text) for __default_signal_display

