Component: ARM Compiler 5.06 update 1 (build 61) Tool: armlink [4d35a8]

==============================================================================

Section Cross References

    misc.o(i.NVIC_Init) refers to main.o(i.assert_failed) for assert_failed
    misc.o(i.NVIC_PriorityGroupConfig) refers to main.o(i.assert_failed) for assert_failed
    misc.o(i.NVIC_SetVectorTable) refers to main.o(i.assert_failed) for assert_failed
    misc.o(i.NVIC_SystemLPConfig) refers to main.o(i.assert_failed) for assert_failed
    misc.o(i.SysTick_CLKSourceConfig) refers to main.o(i.assert_failed) for assert_failed
    misc.o(.ARM.exidx) refers to misc.o(i.NVIC_PriorityGroupConfig) for i.NVIC_PriorityGroupConfig
    misc.o(.ARM.exidx) refers to misc.o(i.NVIC_Init) for i.NVIC_Init
    misc.o(.ARM.exidx) refers to misc.o(i.NVIC_SetVectorTable) for i.NVIC_SetVectorTable
    misc.o(.ARM.exidx) refers to misc.o(i.NVIC_SystemLPConfig) for i.NVIC_SystemLPConfig
    misc.o(.ARM.exidx) refers to misc.o(i.SysTick_CLKSourceConfig) for i.SysTick_CLKSourceConfig
    stm32f4xx_adc.o(i.ADC_AnalogWatchdogCmd) refers to main.o(i.assert_failed) for assert_failed
    stm32f4xx_adc.o(i.ADC_AnalogWatchdogSingleChannelConfig) refers to main.o(i.assert_failed) for assert_failed
    stm32f4xx_adc.o(i.ADC_AnalogWatchdogThresholdsConfig) refers to main.o(i.assert_failed) for assert_failed
    stm32f4xx_adc.o(i.ADC_AutoInjectedConvCmd) refers to main.o(i.assert_failed) for assert_failed
    stm32f4xx_adc.o(i.ADC_ClearFlag) refers to main.o(i.assert_failed) for assert_failed
    stm32f4xx_adc.o(i.ADC_ClearITPendingBit) refers to main.o(i.assert_failed) for assert_failed
    stm32f4xx_adc.o(i.ADC_Cmd) refers to main.o(i.assert_failed) for assert_failed
    stm32f4xx_adc.o(i.ADC_CommonInit) refers to main.o(i.assert_failed) for assert_failed
    stm32f4xx_adc.o(i.ADC_ContinuousModeCmd) refers to main.o(i.assert_failed) for assert_failed
    stm32f4xx_adc.o(i.ADC_DMACmd) refers to main.o(i.assert_failed) for assert_failed
    stm32f4xx_adc.o(i.ADC_DMARequestAfterLastTransferCmd) refers to main.o(i.assert_failed) for assert_failed
    stm32f4xx_adc.o(i.ADC_DeInit) refers to stm32f4xx_rcc.o(i.RCC_APB2PeriphResetCmd) for RCC_APB2PeriphResetCmd
    stm32f4xx_adc.o(i.ADC_DiscModeChannelCountConfig) refers to main.o(i.assert_failed) for assert_failed
    stm32f4xx_adc.o(i.ADC_DiscModeCmd) refers to main.o(i.assert_failed) for assert_failed
    stm32f4xx_adc.o(i.ADC_EOCOnEachRegularChannelCmd) refers to main.o(i.assert_failed) for assert_failed
    stm32f4xx_adc.o(i.ADC_ExternalTrigInjectedConvConfig) refers to main.o(i.assert_failed) for assert_failed
    stm32f4xx_adc.o(i.ADC_ExternalTrigInjectedConvEdgeConfig) refers to main.o(i.assert_failed) for assert_failed
    stm32f4xx_adc.o(i.ADC_GetConversionValue) refers to main.o(i.assert_failed) for assert_failed
    stm32f4xx_adc.o(i.ADC_GetFlagStatus) refers to main.o(i.assert_failed) for assert_failed
    stm32f4xx_adc.o(i.ADC_GetITStatus) refers to main.o(i.assert_failed) for assert_failed
    stm32f4xx_adc.o(i.ADC_GetInjectedConversionValue) refers to main.o(i.assert_failed) for assert_failed
    stm32f4xx_adc.o(i.ADC_GetSoftwareStartConvStatus) refers to main.o(i.assert_failed) for assert_failed
    stm32f4xx_adc.o(i.ADC_GetSoftwareStartInjectedConvCmdStatus) refers to main.o(i.assert_failed) for assert_failed
    stm32f4xx_adc.o(i.ADC_ITConfig) refers to main.o(i.assert_failed) for assert_failed
    stm32f4xx_adc.o(i.ADC_Init) refers to main.o(i.assert_failed) for assert_failed
    stm32f4xx_adc.o(i.ADC_InjectedChannelConfig) refers to main.o(i.assert_failed) for assert_failed
    stm32f4xx_adc.o(i.ADC_InjectedDiscModeCmd) refers to main.o(i.assert_failed) for assert_failed
    stm32f4xx_adc.o(i.ADC_InjectedSequencerLengthConfig) refers to main.o(i.assert_failed) for assert_failed
    stm32f4xx_adc.o(i.ADC_MultiModeDMARequestAfterLastTransferCmd) refers to main.o(i.assert_failed) for assert_failed
    stm32f4xx_adc.o(i.ADC_RegularChannelConfig) refers to main.o(i.assert_failed) for assert_failed
    stm32f4xx_adc.o(i.ADC_SetInjectedOffset) refers to main.o(i.assert_failed) for assert_failed
    stm32f4xx_adc.o(i.ADC_SoftwareStartConv) refers to main.o(i.assert_failed) for assert_failed
    stm32f4xx_adc.o(i.ADC_SoftwareStartInjectedConv) refers to main.o(i.assert_failed) for assert_failed
    stm32f4xx_adc.o(i.ADC_TempSensorVrefintCmd) refers to main.o(i.assert_failed) for assert_failed
    stm32f4xx_adc.o(i.ADC_VBATCmd) refers to main.o(i.assert_failed) for assert_failed
    stm32f4xx_adc.o(.ARM.exidx) refers to stm32f4xx_adc.o(i.ADC_DeInit) for i.ADC_DeInit
    stm32f4xx_adc.o(.ARM.exidx) refers to stm32f4xx_adc.o(i.ADC_Init) for i.ADC_Init
    stm32f4xx_adc.o(.ARM.exidx) refers to stm32f4xx_adc.o(i.ADC_StructInit) for i.ADC_StructInit
    stm32f4xx_adc.o(.ARM.exidx) refers to stm32f4xx_adc.o(i.ADC_CommonInit) for i.ADC_CommonInit
[...]
    Removing stm32f4xx_rcc.o(i.RCC_AHB1PeriphClockLPModeCmd), (104 bytes).
    Removing stm32f4xx_rcc.o(i.RCC_AHB1PeriphResetCmd), (104 bytes).
    Removing stm32f4xx_rcc.o(i.RCC_AHB2PeriphClockCmd), (100 bytes).
    Removing stm32f4xx_rcc.o(i.RCC_AHB2PeriphClockLPModeCmd), (100 bytes).
    Removing stm32f4xx_rcc.o(i.RCC_AHB2PeriphResetCmd), (100 bytes).
    Removing stm32f4xx_rcc.o(i.RCC_AHB3PeriphClockCmd), (100 bytes).
    Removing stm32f4xx_rcc.o(i.RCC_AHB3PeriphClockLPModeCmd), (100 bytes).
    Removing stm32f4xx_rcc.o(i.RCC_AHB3PeriphResetCmd), (100 bytes).
    Removing stm32f4xx_rcc.o(i.RCC_APB1PeriphClockCmd), (100 bytes).
    Removing stm32f4xx_rcc.o(i.RCC_APB1PeriphClockLPModeCmd), (100 bytes).
    Removing stm32f4xx_rcc.o(i.RCC_APB1PeriphResetCmd), (100 bytes).
    Removing stm32f4xx_rcc.o(i.RCC_APB2PeriphClockCmd), (104 bytes).
    Removing stm32f4xx_rcc.o(i.RCC_APB2PeriphClockLPModeCmd), (104 bytes).
    Removing stm32f4xx_rcc.o(i.RCC_APB2PeriphResetCmd), (104 bytes).
    Removing stm32f4xx_rcc.o(i.RCC_AdjustHSICalibrationValue), (68 bytes).
    Removing stm32f4xx_rcc.o(i.RCC_BackupResetCmd), (56 bytes).
    Removing stm32f4xx_rcc.o(i.RCC_ClearFlag), (20 bytes).
    Removing stm32f4xx_rcc.o(i.RCC_ClearITPendingBit), (52 bytes).
    Removing stm32f4xx_rcc.o(i.RCC_ClockSecuritySystemCmd), (56 bytes).
    Removing stm32f4xx_rcc.o(i.RCC_DeInit), (100 bytes).
    Removing stm32f4xx_rcc.o(i.RCC_GetClocksFreq), (232 bytes).
    Removing stm32f4xx_rcc.o(i.RCC_GetFlagStatus), (164 bytes).
    Removing stm32f4xx_rcc.o(i.RCC_GetITStatus), (96 bytes).
    Removing stm32f4xx_rcc.o(i.RCC_GetSYSCLKSource), (16 bytes).
    Removing stm32f4xx_rcc.o(i.RCC_HCLKConfig), (96 bytes).
    Removing stm32f4xx_rcc.o(i.RCC_HSEConfig), (68 bytes).
    Removing stm32f4xx_rcc.o(i.RCC_HSICmd), (56 bytes).
    Removing stm32f4xx_rcc.o(i.RCC_I2SCLKConfig), (56 bytes).
    Removing stm32f4xx_rcc.o(i.RCC_ITConfig), (100 bytes).
    Removing stm32f4xx_rcc.o(i.RCC_LSEConfig), (96 bytes).
    Removing stm32f4xx_rcc.o(i.RCC_LSEModeConfig), (84 bytes).
    Removing stm32f4xx_rcc.o(i.RCC_LSICmd), (56 bytes).
    Removing stm32f4xx_rcc.o(i.RCC_LTDCCLKDivConfig), (80 bytes).
    Removing stm32f4xx_rcc.o(i.RCC_MCO1Config), (128 bytes).
    Removing stm32f4xx_rcc.o(i.RCC_MCO2Config), (128 bytes).
    Removing stm32f4xx_rcc.o(i.RCC_PCLK1Config), (88 bytes).
    Removing stm32f4xx_rcc.o(i.RCC_PCLK2Config), (88 bytes).
    Removing stm32f4xx_rcc.o(i.RCC_PLLCmd), (56 bytes).
    Removing stm32f4xx_rcc.o(i.RCC_PLLConfig), (184 bytes).
    Removing stm32f4xx_rcc.o(i.RCC_PLLI2SCmd), (56 bytes).
    Removing stm32f4xx_rcc.o(i.RCC_PLLI2SConfig), (88 bytes).
    Removing stm32f4xx_rcc.o(i.RCC_PLLSAICmd), (56 bytes).
    Removing stm32f4xx_rcc.o(i.RCC_PLLSAIConfig), (116 bytes).
    Removing stm32f4xx_rcc.o(i.RCC_RTCCLKCmd), (56 bytes).
    Removing stm32f4xx_rcc.o(i.RCC_RTCCLKConfig), (412 bytes).
    Removing stm32f4xx_rcc.o(i.RCC_SAIBlockACLKConfig), (76 bytes).
    Removing stm32f4xx_rcc.o(i.RCC_SAIBlockBCLKConfig), (76 bytes).
    Removing stm32f4xx_rcc.o(i.RCC_SAIPLLI2SClkDivConfig), (72 bytes).
    Removing stm32f4xx_rcc.o(i.RCC_SAIPLLSAIClkDivConfig), (76 bytes).
    Removing stm32f4xx_rcc.o(i.RCC_SYSCLKConfig), (72 bytes).
    Removing stm32f4xx_rcc.o(i.RCC_TIMCLKPresConfig), (56 bytes).
    Removing stm32f4xx_rcc.o(i.RCC_WaitForHSEStartUp), (56 bytes).
    Removing stm32f4xx_rcc.o(.ARM.exidx), (8 bytes).
    Removing stm32f4xx_rcc.o(.ARM.exidx), (8 bytes).
    Removing stm32f4xx_rcc.o(.ARM.exidx), (8 bytes).
    Removing stm32f4xx_rcc.o(.ARM.exidx), (8 bytes).
    Removing stm32f4xx_rcc.o(.ARM.exidx), (8 bytes).
    Removing stm32f4xx_rcc.o(.ARM.exidx), (8 bytes).
    Removing stm32f4xx_rcc.o(.ARM.exidx), (8 bytes).
    Removing stm32f4xx_rcc.o(.ARM.exidx), (8 bytes).
    Removing stm32f4xx_rcc.o(.ARM.exidx), (8 bytes).
    Removing stm32f4xx_rcc.o(.ARM.exidx), (8 bytes).
    Removing stm32f4xx_rcc.o(.ARM.exidx), (8 bytes).
    Removing stm32f4xx_rcc.o(.ARM.exidx), (8 bytes).
    Removing stm32f4xx_rcc.o(.ARM.exidx), (8 bytes).
    Removing stm32f4xx_rcc.o(.ARM.exidx), (8 bytes).
    Removing stm32f4xx_rcc.o(.ARM.exidx), (8 bytes).
    Removing stm32f4xx_rcc.o(.ARM.exidx), (8 bytes).
    Removing stm32f4xx_rcc.o(.ARM.exidx), (8 bytes).
    Removing stm32f4xx_rcc.o(.ARM.exidx), (8 bytes).
    Removing stm32f4xx_rcc.o(.ARM.exidx), (8 bytes).
    Removing stm32f4xx_rcc.o(.ARM.exidx), (8 bytes).
    Removing stm32f4xx_rcc.o(.ARM.exidx), (8 bytes).
    Removing stm32f4xx_rcc.o(.ARM.exidx), (8 bytes).
    Removing stm32f4xx_rcc.o(.ARM.exidx), (8 bytes).
    Removing stm32f4xx_rcc.o(.ARM.exidx), (8 bytes).
    Removing stm32f4xx_rcc.o(.ARM.exidx), (8 bytes).
    Removing stm32f4xx_rcc.o(.ARM.exidx), (8 bytes).
    Removing stm32f4xx_rcc.o(.ARM.exidx), (8 bytes).
    Removing stm32f4xx_rcc.o(.ARM.exidx), (8 bytes).
    Removing stm32f4xx_rcc.o(.ARM.exidx), (8 bytes).
    Removing stm32f4xx_rcc.o(.ARM.exidx), (8 bytes).
    Removing stm32f4xx_rcc.o(.ARM.exidx), (8 bytes).
    Removing stm32f4xx_rcc.o(.ARM.exidx), (8 bytes).
    Removing stm32f4xx_rcc.o(.ARM.exidx), (8 bytes).
    Removing stm32f4xx_rcc.o(.ARM.exidx), (8 bytes).
    Removing stm32f4xx_rcc.o(.ARM.exidx), (8 bytes).
    Removing stm32f4xx_rcc.o(.ARM.exidx), (8 bytes).
    Removing stm32f4xx_rcc.o(.ARM.exidx), (8 bytes).
    Removing stm32f4xx_rcc.o(.ARM.exidx), (8 bytes).
    Removing stm32f4xx_rcc.o(.ARM.exidx), (8 bytes).
    Removing stm32f4xx_rcc.o(.ARM.exidx), (8 bytes).
    Removing stm32f4xx_rcc.o(.ARM.exidx), (8 bytes).
    Removing stm32f4xx_rcc.o(.ARM.exidx), (8 bytes).
    Removing stm32f4xx_rcc.o(.ARM.exidx), (8 bytes).
    Removing stm32f4xx_rcc.o(.ARM.exidx), (8 bytes).
    Removing stm32f4xx_rcc.o(.ARM.exidx), (8 bytes).
    Removing stm32f4xx_rcc.o(.ARM.exidx), (8 bytes).
    Removing stm32f4xx_rcc.o(.ARM.exidx), (8 bytes).
    Removing stm32f4xx_rcc.o(.ARM.exidx), (8 bytes).
    Removing stm32f4xx_rcc.o(.ARM.exidx), (8 bytes).
    Removing stm32f4xx_rcc.o(.ARM.exidx), (8 bytes).
    Removing stm32f4xx_rcc.o(.ARM.exidx), (8 bytes).
    Removing stm32f4xx_rcc.o(.ARM.exidx), (8 bytes).
    Removing stm32f4xx_rcc.o(.ARM.exidx), (8 bytes).
    Removing stm32f4xx_rcc.o(.data), (16 bytes).
    Removing stm32f4xx_rng.o(.rev16_text), (4 bytes).
    Removing stm32f4xx_rng.o(.revsh_text), (4 bytes).
    Removing stm32f4xx_rng.o(.rrx_text), (6 bytes).
    Removing stm32f4xx_rng.o(i.RNG_ClearFlag), (64 bytes).
    Removing stm32f4xx_rng.o(i.RNG_ClearITPendingBit), (64 bytes).
    Removing stm32f4xx_rng.o(i.RNG_Cmd), (80 bytes).
    Removing stm32f4xx_rng.o(i.RNG_DeInit), (20 bytes).
    Removing stm32f4xx_rng.o(i.RNG_GetFlagStatus), (76 bytes).
    Removing stm32f4xx_rng.o(i.RNG_GetITStatus), (72 bytes).
    Removing stm32f4xx_rng.o(i.RNG_GetRandomNumber), (12 bytes).
    Removing stm32f4xx_rng.o(i.RNG_ITConfig), (80 bytes).
    Removing stm32f4xx_rng.o(.ARM.exidx), (8 bytes).
    Removing stm32f4xx_rng.o(.ARM.exidx), (8 bytes).
    Removing stm32f4xx_rng.o(.ARM.exidx), (8 bytes).
    Removing stm32f4xx_rng.o(.ARM.exidx), (8 bytes).
    Removing stm32f4xx_rng.o(.ARM.exidx), (8 bytes).
    Removing stm32f4xx_rng.o(.ARM.exidx), (8 bytes).
    Removing stm32f4xx_rng.o(.ARM.exidx), (8 bytes).
    Removing stm32f4xx_rng.o(.ARM.exidx), (8 bytes).
    Removing stm32f4xx_rtc.o(.rev16_text), (4 bytes).
    Removing stm32f4xx_rtc.o(.revsh_text), (4 bytes).
    Removing stm32f4xx_rtc.o(.rrx_text), (6 bytes).
    Removing stm32f4xx_rtc.o(i.RTC_AlarmCmd), (180 bytes).
    Removing stm32f4xx_rtc.o(i.RTC_AlarmStructInit), (22 bytes).
    Removing stm32f4xx_rtc.o(i.RTC_AlarmSubSecondConfig), (232 bytes).
    Removing stm32f4xx_rtc.o(i.RTC_BypassShadowCmd), (104 bytes).
    Removing stm32f4xx_rtc.o(i.RTC_CalibOutputCmd), (104 bytes).
    Removing stm32f4xx_rtc.o(i.RTC_CalibOutputConfig), (96 bytes).
    Removing stm32f4xx_rtc.o(i.RTC_ClearFlag), (80 bytes).
    Removing stm32f4xx_rtc.o(i.RTC_ClearITPendingBit), (80 bytes).
    Removing stm32f4xx_rtc.o(i.RTC_CoarseCalibCmd), (124 bytes).
    Removing stm32f4xx_rtc.o(i.RTC_CoarseCalibConfig), (116 bytes).
    Removing stm32f4xx_rtc.o(i.RTC_DateStructInit), (14 bytes).
    Removing stm32f4xx_rtc.o(i.RTC_DayLightSavingConfig), (128 bytes).
    Removing stm32f4xx_rtc.o(i.RTC_DeInit), (212 bytes).
    Removing stm32f4xx_rtc.o(i.RTC_EnterInitMode), (80 bytes).
    Removing stm32f4xx_rtc.o(i.RTC_ExitInitMode), (20 bytes).
    Removing stm32f4xx_rtc.o(i.RTC_GetAlarm), (184 bytes).
    Removing stm32f4xx_rtc.o(i.RTC_GetAlarmSubSecond), (36 bytes).
    Removing stm32f4xx_rtc.o(i.RTC_GetDate), (120 bytes).
    Removing stm32f4xx_rtc.o(i.RTC_GetFlagStatus), (144 bytes).
    Removing stm32f4xx_rtc.o(i.RTC_GetITStatus), (136 bytes).
    Removing stm32f4xx_rtc.o(i.RTC_GetStoreOperation), (16 bytes).
    Removing stm32f4xx_rtc.o(i.RTC_GetSubSecond), (12 bytes).
    Removing stm32f4xx_rtc.o(i.RTC_GetTime), (124 bytes).
    Removing stm32f4xx_rtc.o(i.RTC_GetTimeStamp), (192 bytes).
    Removing stm32f4xx_rtc.o(i.RTC_GetTimeStampSubSecond), (12 bytes).
    Removing stm32f4xx_rtc.o(i.RTC_GetWakeUpCounter), (12 bytes).
    Removing stm32f4xx_rtc.o(i.RTC_ITConfig), (172 bytes).
    Removing stm32f4xx_rtc.o(i.RTC_Init), (184 bytes).
    Removing stm32f4xx_rtc.o(i.RTC_OutputConfig), (136 bytes).
    Removing stm32f4xx_rtc.o(i.RTC_OutputTypeConfig), (76 bytes).
    Removing stm32f4xx_rtc.o(i.RTC_ReadBackupRegister), (144 bytes).
    Removing stm32f4xx_rtc.o(i.RTC_RefClockCmd), (124 bytes).
    Removing stm32f4xx_rtc.o(i.RTC_SetAlarm), (684 bytes).
    Removing stm32f4xx_rtc.o(i.RTC_SetDate), (420 bytes).
    Removing stm32f4xx_rtc.o(i.RTC_SetTime), (452 bytes).
    Removing stm32f4xx_rtc.o(i.RTC_SetWakeUpCounter), (72 bytes).
    Removing stm32f4xx_rtc.o(i.RTC_SmoothCalibConfig), (200 bytes).
    Removing stm32f4xx_rtc.o(i.RTC_StructInit), (14 bytes).
    Removing stm32f4xx_rtc.o(i.RTC_SynchroShiftConfig), (188 bytes).
    Removing stm32f4xx_rtc.o(i.RTC_TamperCmd), (96 bytes).
    Removing stm32f4xx_rtc.o(i.RTC_TamperFilterConfig), (88 bytes).
    Removing stm32f4xx_rtc.o(i.RTC_TamperPinSelection), (76 bytes).
    Removing stm32f4xx_rtc.o(i.RTC_TamperPinsPrechargeDuration), (88 bytes).
    Removing stm32f4xx_rtc.o(i.RTC_TamperPullUpCmd), (80 bytes).
    Removing stm32f4xx_rtc.o(i.RTC_TamperSamplingFreqConfig), (112 bytes).
    Removing stm32f4xx_rtc.o(i.RTC_TamperTriggerConfig), (104 bytes).
    Removing stm32f4xx_rtc.o(i.RTC_TimeStampCmd), (120 bytes).
    Removing stm32f4xx_rtc.o(i.RTC_TimeStampOnTamperDetectionCmd), (80 bytes).
    Removing stm32f4xx_rtc.o(i.RTC_TimeStampPinSelection), (76 bytes).
    Removing stm32f4xx_rtc.o(i.RTC_TimeStructInit), (12 bytes).
    Removing stm32f4xx_rtc.o(i.RTC_WaitForSynchro), (96 bytes).
    Removing stm32f4xx_rtc.o(i.RTC_WakeUpClockConfig), (108 bytes).
    Removing stm32f4xx_rtc.o(i.RTC_WakeUpCmd), (164 bytes).
    Removing stm32f4xx_rtc.o(i.RTC_WriteBackupRegister), (148 bytes).
    Removing stm32f4xx_rtc.o(i.RTC_WriteProtectionCmd), (72 bytes).
    Removing stm32f4xx_rtc.o(i._Z14RTC_Bcd2ToByteh), (22 bytes).
    Removing stm32f4xx_rtc.o(i._Z14RTC_ByteToBcd2h), (28 bytes).
    Removing stm32f4xx_rtc.o(.ARM.exidx), (8 bytes).
    Removing stm32f4xx_rtc.o(.ARM.exidx), (8 bytes).
    Removing stm32f4xx_rtc.o(.ARM.exidx), (8 bytes).
    Removing stm32f4xx_rtc.o(.ARM.exidx), (8 bytes).
    Removing stm32f4xx_rtc.o(.ARM.exidx), (8 bytes).
    Removing stm32f4xx_rtc.o(.ARM.exidx), (8 bytes).
    Removing stm32f4xx_rtc.o(.ARM.exidx), (8 bytes).
    Removing stm32f4xx_rtc.o(.ARM.exidx), (8 bytes).
    Removing stm32f4xx_rtc.o(.ARM.exidx), (8 bytes).
    Removing stm32f4xx_rtc.o(.ARM.exidx), (8 bytes).
    Removing stm32f4xx_rtc.o(.ARM.exidx), (8 bytes).
    Removing stm32f4xx_rtc.o(.ARM.exidx), (8 bytes).
    Removing stm32f4xx_rtc.o(.ARM.exidx), (8 bytes).
    Removing stm32f4xx_rtc.o(.ARM.exidx), (8 bytes).
    Removing stm32f4xx_rtc.o(.ARM.exidx), (8 bytes).
    Removing stm32f4xx_rtc.o(.ARM.exidx), (8 bytes).
    Removing stm32f4xx_rtc.o(.ARM.exidx), (8 bytes).
    Removing stm32f4xx_rtc.o(.ARM.exidx), (8 bytes).
    Removing stm32f4xx_rtc.o(.ARM.exidx), (8 bytes).
    Removing stm32f4xx_rtc.o(.ARM.exidx), (8 bytes).
    Removing stm32f4xx_rtc.o(.ARM.exidx), (8 bytes).
    Removing stm32f4xx_rtc.o(.ARM.exidx), (8 bytes).
    Removing stm32f4xx_rtc.o(.ARM.exidx), (8 bytes).
    Removing stm32f4xx_rtc.o(.ARM.exidx), (8 bytes).
    Removing stm32f4xx_rtc.o(.ARM.exidx), (8 bytes).
    Removing stm32f4xx_rtc.o(.ARM.exidx), (8 bytes).
    Removing stm32f4xx_rtc.o(.ARM.exidx), (8 bytes).
    Removing stm32f4xx_rtc.o(.ARM.exidx), (8 bytes).
    Removing stm32f4xx_rtc.o(.ARM.exidx), (8 bytes).
    Removing stm32f4xx_rtc.o(.ARM.exidx), (8 bytes).
    Removing stm32f4xx_rtc.o(.ARM.exidx), (8 bytes).
    Removing stm32f4xx_rtc.o(.ARM.exidx), (8 bytes).
    Removing stm32f4xx_rtc.o(.ARM.exidx), (8 bytes).
    Removing stm32f4xx_rtc.o(.ARM.exidx), (8 bytes).
    Removing stm32f4xx_rtc.o(.ARM.exidx), (8 bytes).
    Removing stm32f4xx_rtc.o(.ARM.exidx), (8 bytes).
    Removing stm32f4xx_rtc.o(.ARM.exidx), (8 bytes).
    Removing stm32f4xx_rtc.o(.ARM.exidx), (8 bytes).
    Removing stm32f4xx_rtc.o(.ARM.exidx), (8 bytes).
    Removing stm32f4xx_rtc.o(.ARM.exidx), (8 bytes).
    Removing stm32f4xx_rtc.o(.ARM.exidx), (8 bytes).
    Removing stm32f4xx_rtc.o(.ARM.exidx), (8 bytes).
    Removing stm32f4xx_rtc.o(.ARM.exidx), (8 bytes).
    Removing stm32f4xx_rtc.o(.ARM.exidx), (8 bytes).
    Removing stm32f4xx_rtc.o(.ARM.exidx), (8 bytes).
    Removing stm32f4xx_rtc.o(.ARM.exidx), (8 bytes).
    Removing stm32f4xx_rtc.o(.ARM.exidx), (8 bytes).
    Removing stm32f4xx_rtc.o(.ARM.exidx), (8 bytes).
    Removing stm32f4xx_rtc.o(.ARM.exidx), (8 bytes).
    Removing stm32f4xx_rtc.o(.ARM.exidx), (8 bytes).
    Removing stm32f4xx_rtc.o(.ARM.exidx), (8 bytes).
    Removing stm32f4xx_rtc.o(.ARM.exidx), (8 bytes).
    Removing stm32f4xx_rtc.o(.ARM.exidx), (8 bytes).
    Removing stm32f4xx_rtc.o(.ARM.exidx), (8 bytes).
    Removing stm32f4xx_rtc.o(.ARM.exidx), (8 bytes).
    Removing stm32f4xx_rtc.o(.ARM.exidx), (8 bytes).
    Removing stm32f4xx_rtc.o(.ARM.exidx), (8 bytes).
    Removing stm32f4xx_sai.o(.rev16_text), (4 bytes).
    Removing stm32f4xx_sai.o(.revsh_text), (4 bytes).
    Removing stm32f4xx_sai.o(.rrx_text), (6 bytes).
    Removing stm32f4xx_sai.o(i.SAI_ClearFlag), (108 bytes).
    Removing stm32f4xx_sai.o(i.SAI_ClearITPendingBit), (108 bytes).
    Removing stm32f4xx_sai.o(i.SAI_Cmd), (100 bytes).
    Removing stm32f4xx_sai.o(i.SAI_CompandingModeConfig), (116 bytes).
    Removing stm32f4xx_sai.o(i.SAI_DMACmd), (100 bytes).
    Removing stm32f4xx_sai.o(i.SAI_DeInit), (76 bytes).
    Removing stm32f4xx_sai.o(i.SAI_FlushFIFO), (68 bytes).
    Removing stm32f4xx_sai.o(i.SAI_FrameInit), (224 bytes).
    Removing stm32f4xx_sai.o(i.SAI_FrameStructInit), (18 bytes).
    Removing stm32f4xx_sai.o(i.SAI_GetCmdStatus), (80 bytes).
    Removing stm32f4xx_sai.o(i.SAI_GetFIFOStatus), (72 bytes).
    Removing stm32f4xx_sai.o(i.SAI_GetFlagStatus), (120 bytes).
    Removing stm32f4xx_sai.o(i.SAI_GetITStatus), (132 bytes).
    Removing stm32f4xx_sai.o(i.SAI_ITConfig), (140 bytes).
    Removing stm32f4xx_sai.o(i.SAI_Init), (392 bytes).
    Removing stm32f4xx_sai.o(i.SAI_MonoModeConfig), (80 bytes).
    Removing stm32f4xx_sai.o(i.SAI_MuteFrameCounterConfig), (96 bytes).
    Removing stm32f4xx_sai.o(i.SAI_MuteModeCmd), (100 bytes).
    Removing stm32f4xx_sai.o(i.SAI_MuteValueConfig), (96 bytes).
    Removing stm32f4xx_sai.o(i.SAI_ReceiveData), (64 bytes).
    Removing stm32f4xx_sai.o(i.SAI_SendData), (64 bytes).
    Removing stm32f4xx_sai.o(i.SAI_SlotInit), (180 bytes).
    Removing stm32f4xx_sai.o(i.SAI_SlotStructInit), (16 bytes).
    Removing stm32f4xx_sai.o(i.SAI_StructInit), (28 bytes).
    Removing stm32f4xx_sai.o(i.SAI_TRIStateConfig), (96 bytes).
    Removing stm32f4xx_sai.o(.ARM.exidx), (8 bytes).
    Removing stm32f4xx_sai.o(.ARM.exidx), (8 bytes).
    Removing stm32f4xx_sai.o(.ARM.exidx), (8 bytes).
    Removing stm32f4xx_sai.o(.ARM.exidx), (8 bytes).
    Removing stm32f4xx_sai.o(.ARM.exidx), (8 bytes).
    Removing stm32f4xx_sai.o(.ARM.exidx), (8 bytes).
    Removing stm32f4xx_sai.o(.ARM.exidx), (8 bytes).
    Removing stm32f4xx_sai.o(.ARM.exidx), (8 bytes).
    Removing stm32f4xx_sai.o(.ARM.exidx), (8 bytes).
    Removing stm32f4xx_sai.o(.ARM.exidx), (8 bytes).
    Removing stm32f4xx_sai.o(.ARM.exidx), (8 bytes).
    Removing stm32f4xx_sai.o(.ARM.exidx), (8 bytes).
    Removing stm32f4xx_sai.o(.ARM.exidx), (8 bytes).
    Removing stm32f4xx_sai.o(.ARM.exidx), (8 bytes).
    Removing stm32f4xx_sai.o(.ARM.exidx), (8 bytes).
    Removing stm32f4xx_sai.o(.ARM.exidx), (8 bytes).
    Removing stm32f4xx_sai.o(.ARM.exidx), (8 bytes).
    Removing stm32f4xx_sai.o(.ARM.exidx), (8 bytes).
    Removing stm32f4xx_sai.o(.ARM.exidx), (8 bytes).
    Removing stm32f4xx_sai.o(.ARM.exidx), (8 bytes).
    Removing stm32f4xx_sai.o(.ARM.exidx), (8 bytes).
    Removing stm32f4xx_sai.o(.ARM.exidx), (8 bytes).
    Removing stm32f4xx_sai.o(.ARM.exidx), (8 bytes).
    Removing stm32f4xx_sai.o(.ARM.exidx), (8 bytes).
    Removing stm32f4xx_sai.o(.ARM.exidx), (8 bytes).
    Removing stm32f4xx_sdio.o(.rev16_text), (4 bytes).
    Removing stm32f4xx_sdio.o(.revsh_text), (4 bytes).
    Removing stm32f4xx_sdio.o(.rrx_text), (6 bytes).
    Removing stm32f4xx_sdio.o(i.SDIO_CEATAITCmd), (64 bytes).
    Removing stm32f4xx_sdio.o(i.SDIO_ClearFlag), (68 bytes).
    Removing stm32f4xx_sdio.o(i.SDIO_ClearITPendingBit), (68 bytes).
    Removing stm32f4xx_sdio.o(i.SDIO_ClockCmd), (60 bytes).
    Removing stm32f4xx_sdio.o(i.SDIO_CmdStructInit), (14 bytes).
    Removing stm32f4xx_sdio.o(i.SDIO_CommandCompletionCmd), (60 bytes).
    Removing stm32f4xx_sdio.o(i.SDIO_DMACmd), (60 bytes).
    Removing stm32f4xx_sdio.o(i.SDIO_DataConfig), (268 bytes).
    Removing stm32f4xx_sdio.o(i.SDIO_DataStructInit), (20 bytes).
    Removing stm32f4xx_sdio.o(i.SDIO_DeInit), (22 bytes).
    Removing stm32f4xx_sdio.o(i.SDIO_GetCommandResponse), (12 bytes).
    Removing stm32f4xx_sdio.o(i.SDIO_GetDataCounter), (12 bytes).
    Removing stm32f4xx_sdio.o(i.SDIO_GetFIFOCount), (12 bytes).
    Removing stm32f4xx_sdio.o(i.SDIO_GetFlagStatus), (196 bytes).
    Removing stm32f4xx_sdio.o(i.SDIO_GetITStatus), (196 bytes).
    Removing stm32f4xx_sdio.o(i.SDIO_GetPowerState), (16 bytes).
    Removing stm32f4xx_sdio.o(i.SDIO_GetResponse), (80 bytes).
    Removing stm32f4xx_sdio.o(i.SDIO_ITConfig), (104 bytes).
    Removing stm32f4xx_sdio.o(i.SDIO_Init), (208 bytes).
    Removing stm32f4xx_sdio.o(i.SDIO_ReadData), (12 bytes).
    Removing stm32f4xx_sdio.o(i.SDIO_SendCEATACmd), (60 bytes).
    Removing stm32f4xx_sdio.o(i.SDIO_SendCommand), (180 bytes).
    Removing stm32f4xx_sdio.o(i.SDIO_SendSDIOSuspendCmd), (60 bytes).
    Removing stm32f4xx_sdio.o(i.SDIO_SetPowerState), (60 bytes).
    Removing stm32f4xx_sdio.o(i.SDIO_SetSDIOOperation), (60 bytes).
    Removing stm32f4xx_sdio.o(i.SDIO_SetSDIOReadWaitMode), (60 bytes).
    Removing stm32f4xx_sdio.o(i.SDIO_StartSDIOReadWait), (60 bytes).
    Removing stm32f4xx_sdio.o(i.SDIO_StopSDIOReadWait), (60 bytes).
    Removing stm32f4xx_sdio.o(i.SDIO_StructInit), (16 bytes).
    Removing stm32f4xx_sdio.o(i.SDIO_WriteData), (12 bytes).
    Removing stm32f4xx_sdio.o(.ARM.exidx), (8 bytes).
    Removing stm32f4xx_sdio.o(.ARM.exidx), (8 bytes).
    Removing stm32f4xx_sdio.o(.ARM.exidx), (8 bytes).
    Removing stm32f4xx_sdio.o(.ARM.exidx), (8 bytes).
    Removing stm32f4xx_sdio.o(.ARM.exidx), (8 bytes).
    Removing stm32f4xx_sdio.o(.ARM.exidx), (8 bytes).
    Removing stm32f4xx_sdio.o(.ARM.exidx), (8 bytes).
    Removing stm32f4xx_sdio.o(.ARM.exidx), (8 bytes).
    Removing stm32f4xx_sdio.o(.ARM.exidx), (8 bytes).
    Removing stm32f4xx_sdio.o(.ARM.exidx), (8 bytes).
    Removing stm32f4xx_sdio.o(.ARM.exidx), (8 bytes).
    Removing stm32f4xx_sdio.o(.ARM.exidx), (8 bytes).
    Removing stm32f4xx_sdio.o(.ARM.exidx), (8 bytes).
    Removing stm32f4xx_sdio.o(.ARM.exidx), (8 bytes).
    Removing stm32f4xx_sdio.o(.ARM.exidx), (8 bytes).
    Removing stm32f4xx_sdio.o(.ARM.exidx), (8 bytes).
    Removing stm32f4xx_sdio.o(.ARM.exidx), (8 bytes).
    Removing stm32f4xx_sdio.o(.ARM.exidx), (8 bytes).
    Removing stm32f4xx_sdio.o(.ARM.exidx), (8 bytes).
    Removing stm32f4xx_sdio.o(.ARM.exidx), (8 bytes).
    Removing stm32f4xx_sdio.o(.ARM.exidx), (8 bytes).
    Removing stm32f4xx_sdio.o(.ARM.exidx), (8 bytes).
    Removing stm32f4xx_sdio.o(.ARM.exidx), (8 bytes).
    Removing stm32f4xx_sdio.o(.ARM.exidx), (8 bytes).
    Removing stm32f4xx_sdio.o(.ARM.exidx), (8 bytes).
    Removing stm32f4xx_sdio.o(.ARM.exidx), (8 bytes).
    Removing stm32f4xx_sdio.o(.ARM.exidx), (8 bytes).
    Removing stm32f4xx_sdio.o(.ARM.exidx), (8 bytes).
    Removing stm32f4xx_sdio.o(.ARM.exidx), (8 bytes).
    Removing stm32f4xx_sdio.o(.ARM.exidx), (8 bytes).
    Removing stm32f4xx_spdifrx.o(.rev16_text), (4 bytes).
    Removing stm32f4xx_spdifrx.o(.revsh_text), (4 bytes).
    Removing stm32f4xx_spdifrx.o(.rrx_text), (6 bytes).
    Removing stm32f4xx_spi.o(.rev16_text), (4 bytes).
    Removing stm32f4xx_spi.o(.revsh_text), (4 bytes).
    Removing stm32f4xx_spi.o(.rrx_text), (6 bytes).
    Removing stm32f4xx_spi.o(i.I2S_Cmd), (120 bytes).
    Removing stm32f4xx_spi.o(i.I2S_FullDuplexConfig), (276 bytes).
    Removing stm32f4xx_spi.o(i.I2S_Init), (592 bytes).
    Removing stm32f4xx_spi.o(i.I2S_StructInit), (20 bytes).
    Removing stm32f4xx_spi.o(i.SPI_BiDirectionalLineConfig), (156 bytes).
    Removing stm32f4xx_spi.o(i.SPI_CalculateCRC), (144 bytes).
    Removing stm32f4xx_spi.o(i.SPI_Cmd), (144 bytes).
    Removing stm32f4xx_spi.o(i.SPI_DataSizeConfig), (140 bytes).
    Removing stm32f4xx_spi.o(i.SPI_GetCRC), (136 bytes).
    Removing stm32f4xx_spi.o(i.SPI_GetCRCPolynomial), (104 bytes).
    Removing stm32f4xx_spi.o(i.SPI_I2S_ClearFlag), (140 bytes).
    Removing stm32f4xx_spi.o(i.SPI_I2S_ClearITPendingBit), (152 bytes).
    Removing stm32f4xx_spi.o(i.SPI_I2S_DMACmd), (180 bytes).
    Removing stm32f4xx_spi.o(i.SPI_I2S_DeInit), (248 bytes).
    Removing stm32f4xx_spi.o(i.SPI_I2S_GetFlagStatus), (188 bytes).
    Removing stm32f4xx_spi.o(i.SPI_I2S_GetITStatus), (220 bytes).
    Removing stm32f4xx_spi.o(i.SPI_I2S_ITConfig), (204 bytes).
    Removing stm32f4xx_spi.o(i.SPI_I2S_ReceiveData), (120 bytes).
    Removing stm32f4xx_spi.o(i.SPI_I2S_SendData), (124 bytes).
    Removing stm32f4xx_spi.o(i.SPI_Init), (416 bytes).
    Removing stm32f4xx_spi.o(i.SPI_NSSInternalSoftwareConfig), (160 bytes).
    Removing stm32f4xx_spi.o(i.SPI_SSOutputCmd), (144 bytes).
    Removing stm32f4xx_spi.o(i.SPI_StructInit), (24 bytes).
    Removing stm32f4xx_spi.o(i.SPI_TIModeCmd), (144 bytes).
    Removing stm32f4xx_spi.o(i.SPI_TransmitCRC), (112 bytes).
    Removing stm32f4xx_spi.o(.ARM.exidx), (8 bytes).
    Removing stm32f4xx_spi.o(.ARM.exidx), (8 bytes).
    Removing stm32f4xx_spi.o(.ARM.exidx), (8 bytes).
    Removing stm32f4xx_spi.o(.ARM.exidx), (8 bytes).
    Removing stm32f4xx_spi.o(.ARM.exidx), (8 bytes).
    Removing stm32f4xx_spi.o(.ARM.exidx), (8 bytes).
    Removing stm32f4xx_spi.o(.ARM.exidx), (8 bytes).
    Removing stm32f4xx_spi.o(.ARM.exidx), (8 bytes).
    Removing stm32f4xx_spi.o(.ARM.exidx), (8 bytes).
    Removing stm32f4xx_spi.o(.ARM.exidx), (8 bytes).
    Removing stm32f4xx_spi.o(.ARM.exidx), (8 bytes).
    Removing stm32f4xx_spi.o(.ARM.exidx), (8 bytes).
    Removing stm32f4xx_spi.o(.ARM.exidx), (8 bytes).
    Removing stm32f4xx_spi.o(.ARM.exidx), (8 bytes).
    Removing stm32f4xx_spi.o(.ARM.exidx), (8 bytes).
    Removing stm32f4xx_spi.o(.ARM.exidx), (8 bytes).
    Removing stm32f4xx_spi.o(.ARM.exidx), (8 bytes).
    Removing stm32f4xx_spi.o(.ARM.exidx), (8 bytes).
    Removing stm32f4xx_spi.o(.ARM.exidx), (8 bytes).
    Removing stm32f4xx_spi.o(.ARM.exidx), (8 bytes).
    Removing stm32f4xx_spi.o(.ARM.exidx), (8 bytes).
    Removing stm32f4xx_spi.o(.ARM.exidx), (8 bytes).
    Removing stm32f4xx_spi.o(.ARM.exidx), (8 bytes).
    Removing stm32f4xx_spi.o(.ARM.exidx), (8 bytes).
    Removing stm32f4xx_spi.o(.ARM.exidx), (8 bytes).
    Removing stm32f4xx_syscfg.o(.rev16_text), (4 bytes).
    Removing stm32f4xx_syscfg.o(.revsh_text), (4 bytes).
    Removing stm32f4xx_syscfg.o(.rrx_text), (6 bytes).
    Removing stm32f4xx_syscfg.o(i.SYSCFG_CompensationCellCmd), (60 bytes).
    Removing stm32f4xx_syscfg.o(i.SYSCFG_DeInit), (22 bytes).
    Removing stm32f4xx_syscfg.o(i.SYSCFG_ETH_MediaInterfaceConfig), (60 bytes).
    Removing stm32f4xx_syscfg.o(i.SYSCFG_EXTILineConfig), (220 bytes).
    Removing stm32f4xx_syscfg.o(i.SYSCFG_GetCompensationCellStatus), (24 bytes).
    Removing stm32f4xx_syscfg.o(i.SYSCFG_MemoryRemapConfig), (68 bytes).
    Removing stm32f4xx_syscfg.o(i.SYSCFG_MemorySwappingBank), (60 bytes).
    Removing stm32f4xx_syscfg.o(.ARM.exidx), (8 bytes).
    Removing stm32f4xx_syscfg.o(.ARM.exidx), (8 bytes).
    Removing stm32f4xx_syscfg.o(.ARM.exidx), (8 bytes).
    Removing stm32f4xx_syscfg.o(.ARM.exidx), (8 bytes).
    Removing stm32f4xx_syscfg.o(.ARM.exidx), (8 bytes).
    Removing stm32f4xx_syscfg.o(.ARM.exidx), (8 bytes).
    Removing stm32f4xx_syscfg.o(.ARM.exidx), (8 bytes).
    Removing stm32f4xx_tim.o(.rev16_text), (4 bytes).
    Removing stm32f4xx_tim.o(.revsh_text), (4 bytes).
    Removing stm32f4xx_tim.o(.rrx_text), (6 bytes).
    Removing stm32f4xx_tim.o(i.TIM_ARRPreloadConfig), (220 bytes).
    Removing stm32f4xx_tim.o(i.TIM_BDTRConfig), (256 bytes).
    Removing stm32f4xx_tim.o(i.TIM_BDTRStructInit), (18 bytes).
    Removing stm32f4xx_tim.o(i.TIM_CCPreloadControl), (104 bytes).
    Removing stm32f4xx_tim.o(i.TIM_CCxCmd), (236 bytes).
    Removing stm32f4xx_tim.o(i.TIM_CCxNCmd), (136 bytes).
    Removing stm32f4xx_tim.o(i.TIM_ClearFlag), (184 bytes).
    Removing stm32f4xx_tim.o(i.TIM_ClearITPendingBit), (184 bytes).
    Removing stm32f4xx_tim.o(i.TIM_ClearOC1Ref), (192 bytes).
    Removing stm32f4xx_tim.o(i.TIM_ClearOC2Ref), (160 bytes).
    Removing stm32f4xx_tim.o(i.TIM_ClearOC3Ref), (132 bytes).
    Removing stm32f4xx_tim.o(i.TIM_ClearOC4Ref), (140 bytes).
    Removing stm32f4xx_tim.o(i.TIM_Cmd), (220 bytes).
    Removing stm32f4xx_tim.o(i.TIM_CounterModeConfig), (144 bytes).
    Removing stm32f4xx_tim.o(i.TIM_CtrlPWMOutputs), (112 bytes).
    Removing stm32f4xx_tim.o(i.TIM_DMACmd), (180 bytes).
    Removing stm32f4xx_tim.o(i.TIM_DMAConfig), (316 bytes).
    Removing stm32f4xx_tim.o(i.TIM_DeInit), (516 bytes).
    Removing stm32f4xx_tim.o(i.TIM_ETRClockMode1Config), (216 bytes).
    Removing stm32f4xx_tim.o(i.TIM_ETRClockMode2Config), (196 bytes).
    Removing stm32f4xx_tim.o(i.TIM_ETRConfig), (208 bytes).
    Removing stm32f4xx_tim.o(i.TIM_EncoderInterfaceConfig), (280 bytes).
    Removing stm32f4xx_tim.o(i.TIM_ForcedOC1Config), (196 bytes).
    Removing stm32f4xx_tim.o(i.TIM_ForcedOC2Config), (164 bytes).
    Removing stm32f4xx_tim.o(i.TIM_ForcedOC3Config), (136 bytes).
    Removing stm32f4xx_tim.o(i.TIM_ForcedOC4Config), (144 bytes).
    Removing stm32f4xx_tim.o(i.TIM_GenerateEvent), (204 bytes).
    Removing stm32f4xx_tim.o(i.TIM_GetCapture1), (160 bytes).
    Removing stm32f4xx_tim.o(i.TIM_GetCapture2), (120 bytes).
    Removing stm32f4xx_tim.o(i.TIM_GetCapture3), (100 bytes).
    Removing stm32f4xx_tim.o(i.TIM_GetCapture4), (100 bytes).
    Removing stm32f4xx_tim.o(i.TIM_GetCounter), (180 bytes).
    Removing stm32f4xx_tim.o(i.TIM_GetFlagStatus), (264 bytes).
    Removing stm32f4xx_tim.o(i.TIM_GetITStatus), (264 bytes).
    Removing stm32f4xx_tim.o(i.TIM_GetPrescaler), (180 bytes).
    Removing stm32f4xx_tim.o(i.TIM_ICInit), (528 bytes).
    Removing stm32f4xx_tim.o(i.TIM_ICStructInit), (18 bytes).
    Removing stm32f4xx_tim.o(i.TIM_ITConfig), (236 bytes).
    Removing stm32f4xx_tim.o(i.TIM_ITRxExternalClockConfig), (164 bytes).
    Removing stm32f4xx_tim.o(i.TIM_InternalClockConfig), (128 bytes).
    Removing stm32f4xx_tim.o(i.TIM_OC1FastConfig), (192 bytes).
    Removing stm32f4xx_tim.o(i.TIM_OC1Init), (468 bytes).
    Removing stm32f4xx_tim.o(i.TIM_OC1NPolarityConfig), (96 bytes).
    Removing stm32f4xx_tim.o(i.TIM_OC1PolarityConfig), (192 bytes).
    Removing stm32f4xx_tim.o(i.TIM_OC1PreloadConfig), (192 bytes).
    Removing stm32f4xx_tim.o(i.TIM_OC2FastConfig), (160 bytes).
    Removing stm32f4xx_tim.o(i.TIM_OC2Init), (468 bytes).
    Removing stm32f4xx_tim.o(i.TIM_OC2NPolarityConfig), (104 bytes).
    Removing stm32f4xx_tim.o(i.TIM_OC2PolarityConfig), (160 bytes).
    Removing stm32f4xx_tim.o(i.TIM_OC2PreloadConfig), (160 bytes).
    Removing stm32f4xx_tim.o(i.TIM_OC3FastConfig), (132 bytes).
    Removing stm32f4xx_tim.o(i.TIM_OC3Init), (444 bytes).
    Removing stm32f4xx_tim.o(i.TIM_OC3NPolarityConfig), (104 bytes).
    Removing stm32f4xx_tim.o(i.TIM_OC3PolarityConfig), (140 bytes).
    Removing stm32f4xx_tim.o(i.TIM_OC3PreloadConfig), (132 bytes).
    Removing stm32f4xx_tim.o(i.TIM_OC4FastConfig), (140 bytes).
    Removing stm32f4xx_tim.o(i.TIM_OC4Init), (336 bytes).
    Removing stm32f4xx_tim.o(i.TIM_OC4PolarityConfig), (140 bytes).
    Removing stm32f4xx_tim.o(i.TIM_OC4PreloadConfig), (140 bytes).
    Removing stm32f4xx_tim.o(i.TIM_OCStructInit), (20 bytes).
    Removing stm32f4xx_tim.o(i.TIM_PWMIConfig), (236 bytes).
    Removing stm32f4xx_tim.o(i.TIM_PrescalerConfig), (204 bytes).
    Removing stm32f4xx_tim.o(i.TIM_RemapConfig), (128 bytes).
    Removing stm32f4xx_tim.o(i.TIM_SelectCCDMA), (140 bytes).
    Removing stm32f4xx_tim.o(i.TIM_SelectCOM), (104 bytes).
    Removing stm32f4xx_tim.o(i.TIM_SelectHallSensor), (160 bytes).
    Removing stm32f4xx_tim.o(i.TIM_SelectInputTrigger), (216 bytes).
    Removing stm32f4xx_tim.o(i.TIM_SelectMasterSlaveMode), (156 bytes).
    Removing stm32f4xx_tim.o(i.TIM_SelectOCxM), (320 bytes).
    Removing stm32f4xx_tim.o(i.TIM_SelectOnePulseMode), (216 bytes).
    Removing stm32f4xx_tim.o(i.TIM_SelectOutputTrigger), (180 bytes).
    Removing stm32f4xx_tim.o(i.TIM_SelectSlaveMode), (164 bytes).
    Removing stm32f4xx_tim.o(i.TIM_SetAutoreload), (184 bytes).
    Removing stm32f4xx_tim.o(i.TIM_SetClockDivision), (204 bytes).
    Removing stm32f4xx_tim.o(i.TIM_SetCompare1), (164 bytes).
    Removing stm32f4xx_tim.o(i.TIM_SetCompare2), (124 bytes).
    Removing stm32f4xx_tim.o(i.TIM_SetCompare3), (104 bytes).
    Removing stm32f4xx_tim.o(i.TIM_SetCompare4), (104 bytes).
    Removing stm32f4xx_tim.o(i.TIM_SetCounter), (184 bytes).
    Removing stm32f4xx_tim.o(i.TIM_SetIC1Prescaler), (204 bytes).
    Removing stm32f4xx_tim.o(i.TIM_SetIC2Prescaler), (172 bytes).
    Removing stm32f4xx_tim.o(i.TIM_SetIC3Prescaler), (144 bytes).
    Removing stm32f4xx_tim.o(i.TIM_SetIC4Prescaler), (152 bytes).
    Removing stm32f4xx_tim.o(i.TIM_TIxExternalClockConfig), (252 bytes).
    Removing stm32f4xx_tim.o(i.TIM_TimeBaseInit), (356 bytes).
    Removing stm32f4xx_tim.o(i.TIM_TimeBaseStructInit), (18 bytes).
    Removing stm32f4xx_tim.o(i.TIM_UpdateDisableConfig), (220 bytes).
    Removing stm32f4xx_tim.o(i.TIM_UpdateRequestConfig), (220 bytes).
    Removing stm32f4xx_tim.o(i._Z10TI1_ConfigP11TIM_TypeDefttt), (58 bytes).
    Removing stm32f4xx_tim.o(i._Z10TI2_ConfigP11TIM_TypeDefttt), (80 bytes).
    Removing stm32f4xx_tim.o(i._Z10TI3_ConfigP11TIM_TypeDefttt), (72 bytes).
    Removing stm32f4xx_tim.o(i._Z10TI4_ConfigP11TIM_TypeDefttt), (80 bytes).
    Removing stm32f4xx_tim.o(.ARM.exidx), (8 bytes).
    Removing stm32f4xx_tim.o(.ARM.exidx), (8 bytes).
    Removing stm32f4xx_tim.o(.ARM.exidx), (8 bytes).
    Removing stm32f4xx_tim.o(.ARM.exidx), (8 bytes).
    Removing stm32f4xx_tim.o(.ARM.exidx), (8 bytes).
    Removing stm32f4xx_tim.o(.ARM.exidx), (8 bytes).
    Removing stm32f4xx_tim.o(.ARM.exidx), (8 bytes).
    Removing stm32f4xx_tim.o(.ARM.exidx), (8 bytes).
    Removing stm32f4xx_tim.o(.ARM.exidx), (8 bytes).
    Removing stm32f4xx_tim.o(.ARM.exidx), (8 bytes).
    Removing stm32f4xx_tim.o(.ARM.exidx), (8 bytes).
    Removing stm32f4xx_tim.o(.ARM.exidx), (8 bytes).
    Removing stm32f4xx_tim.o(.ARM.exidx), (8 bytes).
    Removing stm32f4xx_tim.o(.ARM.exidx), (8 bytes).
    Removing stm32f4xx_tim.o(.ARM.exidx), (8 bytes).
    Removing stm32f4xx_tim.o(.ARM.exidx), (8 bytes).
    Removing stm32f4xx_tim.o(.ARM.exidx), (8 bytes).
    Removing stm32f4xx_tim.o(.ARM.exidx), (8 bytes).
    Removing stm32f4xx_tim.o(.ARM.exidx), (8 bytes).
    Removing stm32f4xx_tim.o(.ARM.exidx), (8 bytes).
    Removing stm32f4xx_tim.o(.ARM.exidx), (8 bytes).
    Removing stm32f4xx_tim.o(.ARM.exidx), (8 bytes).
    Removing stm32f4xx_tim.o(.ARM.exidx), (8 bytes).
    Removing stm32f4xx_tim.o(.ARM.exidx), (8 bytes).
    Removing stm32f4xx_tim.o(.ARM.exidx), (8 bytes).
    Removing stm32f4xx_tim.o(.ARM.exidx), (8 bytes).
    Removing stm32f4xx_tim.o(.ARM.exidx), (8 bytes).
    Removing stm32f4xx_tim.o(.ARM.exidx), (8 bytes).
    Removing stm32f4xx_tim.o(.ARM.exidx), (8 bytes).
    Removing stm32f4xx_tim.o(.ARM.exidx), (8 bytes).
    Removing stm32f4xx_tim.o(.ARM.exidx), (8 bytes).
    Removing stm32f4xx_tim.o(.ARM.exidx), (8 bytes).
    Removing stm32f4xx_tim.o(.ARM.exidx), (8 bytes).
    Removing stm32f4xx_tim.o(.ARM.exidx), (8 bytes).
    Removing stm32f4xx_tim.o(.ARM.exidx), (8 bytes).
    Removing stm32f4xx_tim.o(.ARM.exidx), (8 bytes).
    Removing stm32f4xx_tim.o(.ARM.exidx), (8 bytes).
    Removing stm32f4xx_tim.o(.ARM.exidx), (8 bytes).
    Removing stm32f4xx_tim.o(.ARM.exidx), (8 bytes).
    Removing stm32f4xx_tim.o(.ARM.exidx), (8 bytes).
    Removing stm32f4xx_tim.o(.ARM.exidx), (8 bytes).
    Removing stm32f4xx_tim.o(.ARM.exidx), (8 bytes).
    Removing stm32f4xx_tim.o(.ARM.exidx), (8 bytes).
    Removing stm32f4xx_tim.o(.ARM.exidx), (8 bytes).
    Removing stm32f4xx_tim.o(.ARM.exidx), (8 bytes).
    Removing stm32f4xx_tim.o(.ARM.exidx), (8 bytes).
    Removing stm32f4xx_tim.o(.ARM.exidx), (8 bytes).
    Removing stm32f4xx_tim.o(.ARM.exidx), (8 bytes).
    Removing stm32f4xx_tim.o(.ARM.exidx), (8 bytes).
    Removing stm32f4xx_tim.o(.ARM.exidx), (8 bytes).
    Removing stm32f4xx_tim.o(.ARM.exidx), (8 bytes).
    Removing stm32f4xx_tim.o(.ARM.exidx), (8 bytes).
    Removing stm32f4xx_tim.o(.ARM.exidx), (8 bytes).
    Removing stm32f4xx_tim.o(.ARM.exidx), (8 bytes).
    Removing stm32f4xx_tim.o(.ARM.exidx), (8 bytes).
    Removing stm32f4xx_tim.o(.ARM.exidx), (8 bytes).
    Removing stm32f4xx_tim.o(.ARM.exidx), (8 bytes).
    Removing stm32f4xx_tim.o(.ARM.exidx), (8 bytes).
    Removing stm32f4xx_tim.o(.ARM.exidx), (8 bytes).
    Removing stm32f4xx_tim.o(.ARM.exidx), (8 bytes).
    Removing stm32f4xx_tim.o(.ARM.exidx), (8 bytes).
    Removing stm32f4xx_tim.o(.ARM.exidx), (8 bytes).
    Removing stm32f4xx_tim.o(.ARM.exidx), (8 bytes).
    Removing stm32f4xx_tim.o(.ARM.exidx), (8 bytes).
    Removing stm32f4xx_tim.o(.ARM.exidx), (8 bytes).
    Removing stm32f4xx_tim.o(.ARM.exidx), (8 bytes).
    Removing stm32f4xx_tim.o(.ARM.exidx), (8 bytes).
    Removing stm32f4xx_tim.o(.ARM.exidx), (8 bytes).
    Removing stm32f4xx_tim.o(.ARM.exidx), (8 bytes).
    Removing stm32f4xx_tim.o(.ARM.exidx), (8 bytes).
    Removing stm32f4xx_tim.o(.ARM.exidx), (8 bytes).
    Removing stm32f4xx_tim.o(.ARM.exidx), (8 bytes).
    Removing stm32f4xx_tim.o(.ARM.exidx), (8 bytes).
    Removing stm32f4xx_tim.o(.ARM.exidx), (8 bytes).
    Removing stm32f4xx_tim.o(.ARM.exidx), (8 bytes).
    Removing stm32f4xx_tim.o(.ARM.exidx), (8 bytes).
    Removing stm32f4xx_tim.o(.ARM.exidx), (8 bytes).
    Removing stm32f4xx_tim.o(.ARM.exidx), (8 bytes).
    Removing stm32f4xx_tim.o(.ARM.exidx), (8 bytes).
    Removing stm32f4xx_tim.o(.ARM.exidx), (8 bytes).
    Removing stm32f4xx_tim.o(.ARM.exidx), (8 bytes).
    Removing stm32f4xx_tim.o(.ARM.exidx), (8 bytes).
    Removing stm32f4xx_tim.o(.ARM.exidx), (8 bytes).
    Removing stm32f4xx_tim.o(.ARM.exidx), (8 bytes).
    Removing stm32f4xx_tim.o(.ARM.exidx), (8 bytes).
    Removing stm32f4xx_tim.o(.ARM.exidx), (8 bytes).
    Removing stm32f4xx_tim.o(.ARM.exidx), (8 bytes).
    Removing stm32f4xx_tim.o(.ARM.exidx), (8 bytes).
    Removing stm32f4xx_tim.o(.ARM.exidx), (8 bytes).
    Removing stm32f4xx_tim.o(.ARM.exidx), (8 bytes).
    Removing stm32f4xx_tim.o(.ARM.exidx), (8 bytes).
    Removing stm32f4xx_tim.o(.ARM.exidx), (8 bytes).
    Removing stm32f4xx_usart.o(.rev16_text), (4 bytes).
    Removing stm32f4xx_usart.o(.revsh_text), (4 bytes).
    Removing stm32f4xx_usart.o(.rrx_text), (6 bytes).
    Removing stm32f4xx_usart.o(i.USART_ClearFlag), (200 bytes).
    Removing stm32f4xx_usart.o(i.USART_ClearITPendingBit), (236 bytes).
    Removing stm32f4xx_usart.o(i.USART_ClockInit), (212 bytes).
    Removing stm32f4xx_usart.o(i.USART_ClockStructInit), (12 bytes).
    Removing stm32f4xx_usart.o(i.USART_Cmd), (168 bytes).
    Removing stm32f4xx_usart.o(i.USART_DMACmd), (188 bytes).
    Removing stm32f4xx_usart.o(i.USART_DeInit), (324 bytes).
    Removing stm32f4xx_usart.o(i.USART_GetFlagStatus), (244 bytes).
    Removing stm32f4xx_usart.o(i.USART_GetITStatus), (352 bytes).
    Removing stm32f4xx_usart.o(i.USART_HalfDuplexCmd), (168 bytes).
    Removing stm32f4xx_usart.o(i.USART_ITConfig), (332 bytes).
    Removing stm32f4xx_usart.o(i.USART_Init), (544 bytes).
    Removing stm32f4xx_usart.o(i.USART_IrDACmd), (168 bytes).
    Removing stm32f4xx_usart.o(i.USART_IrDAConfig), (164 bytes).
    Removing stm32f4xx_usart.o(i.USART_LINBreakDetectLengthConfig), (164 bytes).
    Removing stm32f4xx_usart.o(i.USART_LINCmd), (168 bytes).
    Removing stm32f4xx_usart.o(i.USART_OneBitMethodCmd), (168 bytes).
    Removing stm32f4xx_usart.o(i.USART_OverSampling8Cmd), (168 bytes).
    Removing stm32f4xx_usart.o(i.USART_ReceiveData), (132 bytes).
    Removing stm32f4xx_usart.o(i.USART_ReceiverWakeUpCmd), (168 bytes).
    Removing stm32f4xx_usart.o(i.USART_SendBreak), (136 bytes).
    Removing stm32f4xx_usart.o(i.USART_SendData), (152 bytes).
    Removing stm32f4xx_usart.o(i.USART_SetAddress), (160 bytes).
    Removing stm32f4xx_usart.o(i.USART_SetGuardTime), (104 bytes).
    Removing stm32f4xx_usart.o(i.USART_SetPrescaler), (144 bytes).
    Removing stm32f4xx_usart.o(i.USART_SmartCardCmd), (128 bytes).
    Removing stm32f4xx_usart.o(i.USART_SmartCardNACKCmd), (128 bytes).
    Removing stm32f4xx_usart.o(i.USART_StructInit), (24 bytes).
    Removing stm32f4xx_usart.o(i.USART_WakeUpConfig), (164 bytes).
    Removing stm32f4xx_usart.o(.ARM.exidx), (8 bytes).
    Removing stm32f4xx_usart.o(.ARM.exidx), (8 bytes).
    Removing stm32f4xx_usart.o(.ARM.exidx), (8 bytes).
    Removing stm32f4xx_usart.o(.ARM.exidx), (8 bytes).
    Removing stm32f4xx_usart.o(.ARM.exidx), (8 bytes).
    Removing stm32f4xx_usart.o(.ARM.exidx), (8 bytes).
    Removing stm32f4xx_usart.o(.ARM.exidx), (8 bytes).
    Removing stm32f4xx_usart.o(.ARM.exidx), (8 bytes).
    Removing stm32f4xx_usart.o(.ARM.exidx), (8 bytes).
    Removing stm32f4xx_usart.o(.ARM.exidx), (8 bytes).
    Removing stm32f4xx_usart.o(.ARM.exidx), (8 bytes).
    Removing stm32f4xx_usart.o(.ARM.exidx), (8 bytes).
    Removing stm32f4xx_usart.o(.ARM.exidx), (8 bytes).
    Removing stm32f4xx_usart.o(.ARM.exidx), (8 bytes).
    Removing stm32f4xx_usart.o(.ARM.exidx), (8 bytes).
    Removing stm32f4xx_usart.o(.ARM.exidx), (8 bytes).
    Removing stm32f4xx_usart.o(.ARM.exidx), (8 bytes).
    Removing stm32f4xx_usart.o(.ARM.exidx), (8 bytes).
    Removing stm32f4xx_usart.o(.ARM.exidx), (8 bytes).
    Removing stm32f4xx_usart.o(.ARM.exidx), (8 bytes).
    Removing stm32f4xx_usart.o(.ARM.exidx), (8 bytes).
    Removing stm32f4xx_usart.o(.ARM.exidx), (8 bytes).
    Removing stm32f4xx_usart.o(.ARM.exidx), (8 bytes).
    Removing stm32f4xx_usart.o(.ARM.exidx), (8 bytes).
    Removing stm32f4xx_usart.o(.ARM.exidx), (8 bytes).
    Removing stm32f4xx_usart.o(.ARM.exidx), (8 bytes).
    Removing stm32f4xx_usart.o(.ARM.exidx), (8 bytes).
    Removing stm32f4xx_usart.o(.ARM.exidx), (8 bytes).
    Removing stm32f4xx_usart.o(.ARM.exidx), (8 bytes).
    Removing stm32f4xx_wwdg.o(.rev16_text), (4 bytes).
    Removing stm32f4xx_wwdg.o(.revsh_text), (4 bytes).
    Removing stm32f4xx_wwdg.o(.rrx_text), (6 bytes).
    Removing stm32f4xx_wwdg.o(i.WWDG_ClearFlag), (12 bytes).
    Removing stm32f4xx_wwdg.o(i.WWDG_DeInit), (22 bytes).
    Removing stm32f4xx_wwdg.o(i.WWDG_Enable), (64 bytes).
    Removing stm32f4xx_wwdg.o(i.WWDG_EnableIT), (12 bytes).
    Removing stm32f4xx_wwdg.o(i.WWDG_GetFlagStatus), (20 bytes).
    Removing stm32f4xx_wwdg.o(i.WWDG_SetCounter), (64 bytes).
    Removing stm32f4xx_wwdg.o(i.WWDG_SetPrescaler), (84 bytes).
    Removing stm32f4xx_wwdg.o(i.WWDG_SetWindowValue), (84 bytes).
    Removing stm32f4xx_wwdg.o(.ARM.exidx), (8 bytes).
    Removing stm32f4xx_wwdg.o(.ARM.exidx), (8 bytes).
    Removing stm32f4xx_wwdg.o(.ARM.exidx), (8 bytes).
    Removing stm32f4xx_wwdg.o(.ARM.exidx), (8 bytes).
    Removing stm32f4xx_wwdg.o(.ARM.exidx), (8 bytes).
    Removing stm32f4xx_wwdg.o(.ARM.exidx), (8 bytes).
    Removing stm32f4xx_wwdg.o(.ARM.exidx), (8 bytes).
    Removing stm32f4xx_wwdg.o(.ARM.exidx), (8 bytes).
    Removing main.o(.rev16_text), (4 bytes).
    Removing main.o(.revsh_text), (4 bytes).
    Removing main.o(.rrx_text), (6 bytes).
    Removing main.o(i.assert_failed), (4 bytes).
    Removing main.o(.ARM.exidx), (8 bytes).
    Removing main.o(.ARM.exidx), (8 bytes).
    Removing system_stm32f4xx.o(.rev16_text), (4 bytes).
    Removing system_stm32f4xx.o(.revsh_text), (4 bytes).
    Removing system_stm32f4xx.o(.rrx_text), (6 bytes).
    Removing system_stm32f4xx.o(i.SystemCoreClockUpdate), (192 bytes).
    Removing system_stm32f4xx.o(.ARM.exidx), (8 bytes).
    Removing system_stm32f4xx.o(.ARM.exidx), (8 bytes).
    Removing system_stm32f4xx.o(.ARM.exidx), (8 bytes).
    Removing system_stm32f4xx.o(.data), (20 bytes).

1503 unused section(s) (total 99612 bytes) removed from the image.

==============================================================================

Image Symbol Table

    Local Symbols

    Symbol Name                              Value     Ov Type        Size  Object(Section)

    ../clib/angel/boardlib.s                 0x00000000   Number         0  boardinit2.o ABSOLUTE
    ../clib/angel/boardlib.s                 0x00000000   Number         0  boardinit1.o ABSOLUTE
    ../clib/angel/boardlib.s                 0x00000000   Number         0  boardinit3.o ABSOLUTE
    ../clib/angel/boardlib.s                 0x00000000   Number         0  boardshut.o ABSOLUTE
    ../clib/angel/handlers.s                 0x00000000   Number         0  __scatter_zi.o ABSOLUTE
    ../clib/angel/kernel.s                   0x00000000   Number         0  __rtentry4.o ABSOLUTE
    ../clib/angel/kernel.s                   0x00000000   Number         0  __rtentry.o ABSOLUTE
    ../clib/angel/kernel.s                   0x00000000   Number         0  __rtentry2.o ABSOLUTE
    ../clib/angel/kernel.s                   0x00000000   Number         0  rtexit2.o ABSOLUTE
    ../clib/angel/kernel.s                   0x00000000   Number         0  rtexit.o ABSOLUTE
    ../clib/angel/rt.s                       0x00000000   Number         0  rt_raise.o ABSOLUTE
    ../clib/angel/scatter.s                  0x00000000   Number         0  __scatter.o ABSOLUTE
    ../clib/angel/startup.s                  0x00000000   Number         0  __main.o ABSOLUTE
    ../clib/angel/sys.s                      0x00000000   Number         0  sys_stackheap_outer.o ABSOLUTE
    ../clib/angel/sys.s                      0x00000000   Number         0  use_no_semi.o ABSOLUTE
    ../clib/angel/sys.s                      0x00000000   Number         0  indicate_semi.o ABSOLUTE
    ../clib/angel/sys.s                      0x00000000   Number         0  libspace.o ABSOLUTE
    ../clib/angel/sysapp.c                   0x00000000   Number         0  sys_command.o ABSOLUTE
    ../clib/angel/sysapp.c                   0x00000000   Number         0  sys_wrch.o ABSOLUTE
    ../clib/angel/sysapp.c                   0x00000000   Number         0  sys_exit.o ABSOLUTE
    ../clib/armsys.c                         0x00000000   Number         0  _get_argv_nomalloc.o ABSOLUTE
    ../clib/armsys.c                         0x00000000   Number         0  no_argv.o ABSOLUTE
    ../clib/armsys.c                         0x00000000   Number         0  argv_veneer.o ABSOLUTE
    ../clib/armsys.c                         0x00000000   Number         0  argv_veneer.o ABSOLUTE
    ../clib/heapalloc.c                      0x00000000   Number         0  hrguard.o ABSOLUTE
    ../clib/heapaux.c                        0x00000000   Number         0  heapauxi.o ABSOLUTE
    ../clib/libinit.s                        0x00000000   Number         0  libshutdown.o ABSOLUTE
    ../clib/libinit.s                        0x00000000   Number         0  libshutdown2.o ABSOLUTE
    ../clib/libinit.s                        0x00000000   Number         0  libinit.o ABSOLUTE
    ../clib/libinit.s                        0x00000000   Number         0  libinit2.o ABSOLUTE
    ../clib/signal.c                         0x00000000   Number         0  defsig_rtmem_inner.o ABSOLUTE
    ../clib/signal.c                         0x00000000   Number         0  defsig_rtmem_formal.o ABSOLUTE
    ../clib/signal.c                         0x00000000   Number         0  defsig_exit.o ABSOLUTE
    ../clib/signal.c                         0x00000000   Number         0  defsig_other.o ABSOLUTE
    ../clib/signal.c                         0x00000000   Number         0  defsig_segv_inner.o ABSOLUTE
    ../clib/signal.c                         0x00000000   Number         0  defsig_cppl_inner.o ABSOLUTE
    ../clib/signal.c                         0x00000000   Number         0  defsig_pvfn_inner.o ABSOLUTE
    ../clib/signal.c                         0x00000000   Number         0  defsig_rtmem_outer.o ABSOLUTE
    ../clib/signal.c                         0x00000000   Number         0  defsig_stak_inner.o ABSOLUTE
    ../clib/signal.c                         0x00000000   Number         0  defsig_rtred_inner.o ABSOLUTE
    ../clib/signal.c                         0x00000000   Number         0  defsig_fpe_inner.o ABSOLUTE
    ../clib/signal.c                         0x00000000   Number         0  defsig_abrt_inner.o ABSOLUTE
    ../clib/signal.c                         0x00000000   Number         0  defsig_general.o ABSOLUTE
    ../clib/signal.c                         0x00000000   Number         0  __raise.o ABSOLUTE
    ../clib/signal.s                         0x00000000   Number         0  defsig.o ABSOLUTE
    ../clib/stdlib.c                         0x00000000   Number         0  exit.o ABSOLUTE
    ../fplib/fpinit.s                        0x00000000   Number         0  fpinit.o ABSOLUTE
    CMSIS\\system_stm32f4xx.c                0x00000000   Number         0  system_stm32f4xx.o ABSOLUTE
    CMSIS\startup_stm32f40_41xxx.s           0x00000000   Number         0  startup_stm32f40_41xxx.o ABSOLUTE
    CMSIS\system_stm32f4xx.c                 0x00000000   Number         0  system_stm32f4xx.o ABSOLUTE
    SPL\\src\\misc.c                         0x00000000   Number         0  misc.o ABSOLUTE
    SPL\\src\\stm32f4xx_adc.c                0x00000000   Number         0  stm32f4xx_adc.o ABSOLUTE
    SPL\\src\\stm32f4xx_can.c                0x00000000   Number         0  stm32f4xx_can.o ABSOLUTE
    SPL\\src\\stm32f4xx_cec.c                0x00000000   Number         0  stm32f4xx_cec.o ABSOLUTE
    SPL\\src\\stm32f4xx_crc.c                0x00000000   Number         0  stm32f4xx_crc.o ABSOLUTE
    SPL\\src\\stm32f4xx_cryp.c               0x00000000   Number         0  stm32f4xx_cryp.o ABSOLUTE
    SPL\\src\\stm32f4xx_cryp_aes.c           0x00000000   Number         0  stm32f4xx_cryp_aes.o ABSOLUTE
    SPL\\src\\stm32f4xx_cryp_des.c           0x00000000   Number         0  stm32f4xx_cryp_des.o ABSOLUTE
    SPL\\src\\stm32f4xx_cryp_tdes.c          0x00000000   Number         0  stm32f4xx_cryp_tdes.o ABSOLUTE
    SPL\\src\\stm32f4xx_dac.c                0x00000000   Number         0  stm32f4xx_dac.o ABSOLUTE
    SPL\\src\\stm32f4xx_dbgmcu.c             0x00000000   Number         0  stm32f4xx_dbgmcu.o ABSOLUTE
    SPL\\src\\stm32f4xx_dcmi.c               0x00000000   Number         0  stm32f4xx_dcmi.o ABSOLUTE
    SPL\\src\\stm32f4xx_dma.c                0x00000000   Number         0  stm32f4xx_dma.o ABSOLUTE
    SPL\\src\\stm32f4xx_dma2d.c              0x00000000   Number         0  stm32f4xx_dma2d.o ABSOLUTE
    SPL\\src\\stm32f4xx_dsi.c                0x00000000   Number         0  stm32f4xx_dsi.o ABSOLUTE
    SPL\\src\\stm32f4xx_exti.c               0x00000000   Number         0  stm32f4xx_exti.o ABSOLUTE
    SPL\\src\\stm32f4xx_flash.c              0x00000000   Number         0  stm32f4xx_flash.o ABSOLUTE
    SPL\\src\\stm32f4xx_flash_ramfunc.c      0x00000000   Number         0  stm32f4xx_flash_ramfunc.o ABSOLUTE
    SPL\\src\\stm32f4xx_fmpi2c.c             0x00000000   Number         0  stm32f4xx_fmpi2c.o ABSOLUTE
    SPL\\src\\stm32f4xx_gpio.c               0x00000000   Number         0  stm32f4xx_gpio.o ABSOLUTE
    SPL\\src\\stm32f4xx_hash.c               0x00000000   Number         0  stm32f4xx_hash.o ABSOLUTE
    SPL\\src\\stm32f4xx_hash_md5.c           0x00000000   Number         0  stm32f4xx_hash_md5.o ABSOLUTE
    SPL\\src\\stm32f4xx_hash_sha1.c          0x00000000   Number         0  stm32f4xx_hash_sha1.o ABSOLUTE
    SPL\\src\\stm32f4xx_i2c.c                0x00000000   Number         0  stm32f4xx_i2c.o ABSOLUTE
    SPL\\src\\stm32f4xx_iwdg.c               0x00000000   Number         0  stm32f4xx_iwdg.o ABSOLUTE
    SPL\\src\\stm32f4xx_lptim.c              0x00000000   Number         0  stm32f4xx_lptim.o ABSOLUTE
    SPL\\src\\stm32f4xx_ltdc.c               0x00000000   Number         0  stm32f4xx_ltdc.o ABSOLUTE
    SPL\\src\\stm32f4xx_pwr.c                0x00000000   Number         0  stm32f4xx_pwr.o ABSOLUTE
    SPL\\src\\stm32f4xx_qspi.c               0x00000000   Number         0  stm32f4xx_qspi.o ABSOLUTE
    SPL\\src\\stm32f4xx_rcc.c                0x00000000   Number         0  stm32f4xx_rcc.o ABSOLUTE
    SPL\\src\\stm32f4xx_rng.c                0x00000000   Number         0  stm32f4xx_rng.o ABSOLUTE
    SPL\\src\\stm32f4xx_rtc.c                0x00000000   Number         0  stm32f4xx_rtc.o ABSOLUTE
    SPL\\src\\stm32f4xx_sai.c                0x00000000   Number         0  stm32f4xx_sai.o ABSOLUTE
    SPL\\src\\stm32f4xx_sdio.c               0x00000000   Number         0  stm32f4xx_sdio.o ABSOLUTE
    SPL\\src\\stm32f4xx_spdifrx.c            0x00000000   Number         0  stm32f4xx_spdifrx.o ABSOLUTE
    SPL\\src\\stm32f4xx_spi.c                0x00000000   Number         0  stm32f4xx_spi.o ABSOLUTE
    SPL\\src\\stm32f4xx_syscfg.c             0x00000000   Number         0  stm32f4xx_syscfg.o ABSOLUTE
    SPL\\src\\stm32f4xx_tim.c                0x00000000   Number         0  stm32f4xx_tim.o ABSOLUTE
    SPL\\src\\stm32f4xx_usart.c              0x00000000   Number         0  stm32f4xx_usart.o ABSOLUTE
    SPL\\src\\stm32f4xx_wwdg.c               0x00000000   Number         0  stm32f4xx_wwdg.o ABSOLUTE
    SPL\src\misc.c                           0x00000000   Number         0  misc.o ABSOLUTE
    SPL\src\stm32f4xx_adc.c                  0x00000000   Number         0  stm32f4xx_adc.o ABSOLUTE
    SPL\src\stm32f4xx_can.c                  0x00000000   Number         0  stm32f4xx_can.o ABSOLUTE
    SPL\src\stm32f4xx_cec.c                  0x00000000   Number         0  stm32f4xx_cec.o ABSOLUTE
    SPL\src\stm32f4xx_crc.c                  0x00000000   Number         0  stm32f4xx_crc.o ABSOLUTE
    SPL\src\stm32f4xx_cryp.c                 0x00000000   Number         0  stm32f4xx_cryp.o ABSOLUTE
    SPL\src\stm32f4xx_cryp_aes.c             0x00000000   Number         0  stm32f4xx_cryp_aes.o ABSOLUTE
    SPL\src\stm32f4xx_cryp_des.c             0x00000000   Number         0  stm32f4xx_cryp_des.o ABSOLUTE
    SPL\src\stm32f4xx_cryp_tdes.c            0x00000000   Number         0  stm32f4xx_cryp_tdes.o ABSOLUTE
    SPL\src\stm32f4xx_dac.c                  0x00000000   Number         0  stm32f4xx_dac.o ABSOLUTE
    SPL\src\stm32f4xx_dbgmcu.c               0x00000000   Number         0  stm32f4xx_dbgmcu.o ABSOLUTE
    SPL\src\stm32f4xx_dcmi.c                 0x00000000   Number         0  stm32f4xx_dcmi.o ABSOLUTE
    SPL\src\stm32f4xx_dma.c                  0x00000000   Number         0  stm32f4xx_dma.o ABSOLUTE
    SPL\src\stm32f4xx_dma2d.c                0x00000000   Number         0  stm32f4xx_dma2d.o ABSOLUTE
    SPL\src\stm32f4xx_dsi.c                  0x00000000   Number         0  stm32f4xx_dsi.o ABSOLUTE
    SPL\src\stm32f4xx_exti.c                 0x00000000   Number         0  stm32f4xx_exti.o ABSOLUTE
    SPL\src\stm32f4xx_flash.c                0x00000000   Number         0  stm32f4xx_flash.o ABSOLUTE
    SPL\src\stm32f4xx_flash_ramfunc.c        0x00000000   Number         0  stm32f4xx_flash_ramfunc.o ABSOLUTE
    SPL\src\stm32f4xx_fmpi2c.c               0x00000000   Number         0  stm32f4xx_fmpi2c.o ABSOLUTE
    SPL\src\stm32f4xx_gpio.c                 0x00000000   Number         0  stm32f4xx_gpio.o ABSOLUTE
    SPL\src\stm32f4xx_hash.c                 0x00000000   Number         0  stm32f4xx_hash.o ABSOLUTE
    SPL\src\stm32f4xx_hash_md5.c             0x00000000   Number         0  stm32f4xx_hash_md5.o ABSOLUTE
    SPL\src\stm32f4xx_hash_sha1.c            0x00000000   Number         0  stm32f4xx_hash_sha1.o ABSOLUTE
    SPL\src\stm32f4xx_i2c.c                  0x00000000   Number         0  stm32f4xx_i2c.o ABSOLUTE
    SPL\src\stm32f4xx_iwdg.c                 0x00000000   Number         0  stm32f4xx_iwdg.o ABSOLUTE
    SPL\src\stm32f4xx_lptim.c                0x00000000   Number         0  stm32f4xx_lptim.o ABSOLUTE
    SPL\src\stm32f4xx_ltdc.c                 0x00000000   Number         0  stm32f4xx_ltdc.o ABSOLUTE
    SPL\src\stm32f4xx_pwr.c                  0x00000000   Number         0  stm32f4xx_pwr.o ABSOLUTE
    SPL\src\stm32f4xx_qspi.c                 0x00000000   Number         0  stm32f4xx_qspi.o ABSOLUTE
    SPL\src\stm32f4xx_rcc.c                  0x00000000   Number         0  stm32f4xx_rcc.o ABSOLUTE
    SPL\src\stm32f4xx_rng.c                  0x00000000   Number         0  stm32f4xx_rng.o ABSOLUTE
    SPL\src\stm32f4xx_rtc.c                  0x00000000   Number         0  stm32f4xx_rtc.o ABSOLUTE
    SPL\src\stm32f4xx_sai.c                  0x00000000   Number         0  stm32f4xx_sai.o ABSOLUTE
    SPL\src\stm32f4xx_sdio.c                 0x00000000   Number         0  stm32f4xx_sdio.o ABSOLUTE
    SPL\src\stm32f4xx_spdifrx.c              0x00000000   Number         0  stm32f4xx_spdifrx.o ABSOLUTE
    SPL\src\stm32f4xx_spi.c                  0x00000000   Number         0  stm32f4xx_spi.o ABSOLUTE
    SPL\src\stm32f4xx_syscfg.c               0x00000000   Number         0  stm32f4xx_syscfg.o ABSOLUTE
    SPL\src\stm32f4xx_tim.c                  0x00000000   Number         0  stm32f4xx_tim.o ABSOLUTE
    SPL\src\stm32f4xx_usart.c                0x00000000   Number         0  stm32f4xx_usart.o ABSOLUTE
    SPL\src\stm32f4xx_wwdg.c                 0x00000000   Number         0  stm32f4xx_wwdg.o ABSOLUTE
    User\\main.c                             0x00000000   Number         0  main.o ABSOLUTE
    User\main.c                              0x00000000   Number         0  main.o ABSOLUTE
    dc.s                                     0x00000000   Number         0  dc.o ABSOLUTE
    mtsp.cpp                                 0x00000000   Number         0  mtsp.o ABSOLUTE
    RESET                                    0x08000000   Section      392  startup_stm32f40_41xxx.o(RESET)
    !!!main                                  0x08000188   Section        8  __main.o(!!!main)
    !!!scatter                               0x08000190   Section       52  __scatter.o(!!!scatter)
    !!handler_zi                             0x080001c4   Section       28  __scatter_zi.o(!!handler_zi)
    .ARM.Collect$$libinit$$00000000          0x080001e0   Section        2  libinit.o(.ARM.Collect$$libinit$$00000000)
    .ARM.Collect$$libinit$$00000001          0x080001e2   Section        4  libinit2.o(.ARM.Collect$$libinit$$00000001)
    .ARM.Collect$$libinit$$00000004          0x080001e6   Section        0  libinit2.o(.ARM.Collect$$libinit$$00000004)
    .ARM.Collect$$libinit$$0000000A          0x080001e6   Section        0  libinit2.o(.ARM.Collect$$libinit$$0000000A)
    .ARM.Collect$$libinit$$0000000C          0x080001e6   Section        0  libinit2.o(.ARM.Collect$$libinit$$0000000C)
    .ARM.Collect$$libinit$$0000000E          0x080001e6   Section        0  libinit2.o(.ARM.Collect$$libinit$$0000000E)
    .ARM.Collect$$libinit$$00000011          0x080001e6   Section        0  libinit2.o(.ARM.Collect$$libinit$$00000011)
    .ARM.Collect$$libinit$$00000013          0x080001e6   Section        0  libinit2.o(.ARM.Collect$$libinit$$00000013)
    .ARM.Collect$$libinit$$00000015          0x080001e6   Section        0  libinit2.o(.ARM.Collect$$libinit$$00000015)
    .ARM.Collect$$libinit$$00000017          0x080001e6   Section        0  libinit2.o(.ARM.Collect$$libinit$$00000017)
    .ARM.Collect$$libinit$$00000019          0x080001e6   Section        0  libinit2.o(.ARM.Collect$$libinit$$00000019)
    .ARM.Collect$$libinit$$0000001B          0x080001e6   Section        0  libinit2.o(.ARM.Collect$$libinit$$0000001B)
    .ARM.Collect$$libinit$$0000001D          0x080001e6   Section        0  libinit2.o(.ARM.Collect$$libinit$$0000001D)
    .ARM.Collect$$libinit$$0000001F          0x080001e6   Section        0  libinit2.o(.ARM.Collect$$libinit$$0000001F)
    .ARM.Collect$$libinit$$00000021          0x080001e6   Section        0  libinit2.o(.ARM.Collect$$libinit$$00000021)
    .ARM.Collect$$libinit$$00000023          0x080001e6   Section        0  libinit2.o(.ARM.Collect$$libinit$$00000023)
    .ARM.Collect$$libinit$$00000025          0x080001e6   Section        0  libinit2.o(.ARM.Collect$$libinit$$00000025)
    .ARM.Collect$$libinit$$0000002C          0x080001e6   Section        0  libinit2.o(.ARM.Collect$$libinit$$0000002C)
    .ARM.Collect$$libinit$$0000002E          0x080001e6   Section        0  libinit2.o(.ARM.Collect$$libinit$$0000002E)
    .ARM.Collect$$libinit$$00000030          0x080001e6   Section        0  libinit2.o(.ARM.Collect$$libinit$$00000030)
    .ARM.Collect$$libinit$$00000032          0x080001e6   Section        0  libinit2.o(.ARM.Collect$$libinit$$00000032)
    .ARM.Collect$$libinit$$00000033          0x080001e6   Section        2  libinit2.o(.ARM.Collect$$libinit$$00000033)
    .ARM.Collect$$libshutdown$$00000000      0x080001e8   Section        2  libshutdown.o(.ARM.Collect$$libshutdown$$00000000)
    .ARM.Collect$$libshutdown$$00000002      0x080001ea   Section        0  libshutdown2.o(.ARM.Collect$$libshutdown$$00000002)
    .ARM.Collect$$libshutdown$$00000004      0x080001ea   Section        0  libshutdown2.o(.ARM.Collect$$libshutdown$$00000004)
    .ARM.Collect$$libshutdown$$00000007      0x080001ea   Section        0  libshutdown2.o(.ARM.Collect$$libshutdown$$00000007)
    .ARM.Collect$$libshutdown$$0000000A      0x080001ea   Section        0  libshutdown2.o(.ARM.Collect$$libshutdown$$0000000A)
    .ARM.Collect$$libshutdown$$0000000C      0x080001ea   Section        0  libshutdown2.o(.ARM.Collect$$libshutdown$$0000000C)
    .ARM.Collect$$libshutdown$$0000000F      0x080001ea   Section        0  libshutdown2.o(.ARM.Collect$$libshutdown$$0000000F)
    .ARM.Collect$$libshutdown$$00000010      0x080001ea   Section        2  libshutdown2.o(.ARM.Collect$$libshutdown$$00000010)
    .ARM.Collect$$rtentry$$00000000          0x080001ec   Section        0  __rtentry.o(.ARM.Collect$$rtentry$$00000000)
    .ARM.Collect$$rtentry$$00000002          0x080001ec   Section        0  __rtentry2.o(.ARM.Collect$$rtentry$$00000002)
    .ARM.Collect$$rtentry$$00000004          0x080001ec   Section        6  __rtentry4.o(.ARM.Collect$$rtentry$$00000004)
    .ARM.Collect$$rtentry$$00000009          0x080001f2   Section        0  __rtentry2.o(.ARM.Collect$$rtentry$$00000009)
    .ARM.Collect$$rtentry$$0000000A          0x080001f2   Section        4  __rtentry2.o(.ARM.Collect$$rtentry$$0000000A)
    .ARM.Collect$$rtentry$$0000000C          0x080001f6   Section        0  __rtentry2.o(.ARM.Collect$$rtentry$$0000000C)
    .ARM.Collect$$rtentry$$0000000D          0x080001f6   Section        8  __rtentry2.o(.ARM.Collect$$rtentry$$0000000D)
    .ARM.Collect$$rtexit$$00000000           0x080001fe   Section        2  rtexit.o(.ARM.Collect$$rtexit$$00000000)
    .ARM.Collect$$rtexit$$00000002           0x08000200   Section        0  rtexit2.o(.ARM.Collect$$rtexit$$00000002)
    .ARM.Collect$$rtexit$$00000003           0x08000200   Section        4  rtexit2.o(.ARM.Collect$$rtexit$$00000003)
    .ARM.Collect$$rtexit$$00000004           0x08000204   Section        6  rtexit2.o(.ARM.Collect$$rtexit$$00000004)
    .text                                    0x0800020c   Section       64  startup_stm32f40_41xxx.o(.text)
    $v0                                      0x0800020c   Number         0  startup_stm32f40_41xxx.o(.text)
    .text                                    0x0800024c   Section        0  heapauxi.o(.text)
    .text                                    0x08000252   Section       74  sys_stackheap_outer.o(.text)
    .text                                    0x0800029c   Section        0  exit.o(.text)
    .text                                    0x080002b0   Section        8  libspace.o(.text)
    .text                                    0x080002b8   Section        0  sys_exit.o(.text)
    .text                                    0x080002c4   Section        2  use_no_semi.o(.text)
    .text                                    0x080002c6   Section        0  indicate_semi.o(.text)
    i.SystemInit                             0x080002c8   Section        0  system_stm32f4xx.o(i.SystemInit)
    i._Z11SetSysClockv                       0x08000330   Section        0  system_stm32f4xx.o(i._Z11SetSysClockv)
    SetSysClock()                            0x08000331   Thumb Code   220  system_stm32f4xx.o(i._Z11SetSysClockv)
    i.main                                   0x0800041c   Section        0  main.o(i.main)
    x$fpl$fpinit                             0x08000420   Section       10  fpinit.o(x$fpl$fpinit)
    $v0                                      0x08000420   Number         0  fpinit.o(x$fpl$fpinit)
    .bss                                     0x20000000   Section       96  libspace.o(.bss)
    HEAP                                     0x20000060   Section      512  startup_stm32f40_41xxx.o(HEAP)
    Heap_Mem                                 0x20000060   Data         512  startup_stm32f40_41xxx.o(HEAP)
    STACK                                    0x20000260   Section     1024  startup_stm32f40_41xxx.o(STACK)
    Stack_Mem                                0x20000260   Data        1024  startup_stm32f40_41xxx.o(STACK)
    __initial_sp                             0x20000660   Data           0  startup_stm32f40_41xxx.o(STACK)

    Global Symbols

    Symbol Name                              Value     Ov Type        Size  Object(Section)

    BuildAttributes$$THM_ISAv4$E$P$D$K$B$S$7EM$VFPi3$EXTD16$VFPS$VFMA$PE$A:L22UL41UL21$X:L11$S22US41US21$IEEE1$IW$USESV6$~STKCKD$USESV7$~SHL$OSPACE$ROPI$EBA8$UX$STANDARDLIB$REQ8$PRES8$EABIv2 0x00000000   Number         0  anon$$obj.o ABSOLUTE
    __ARM_use_no_argv                        0x00000000   Number         0  main.o ABSOLUTE
    __ARM_exceptions_init                     - Undefined Weak Reference
    __alloca_initialize                       - Undefined Weak Reference
    __arm_preinit_                            - Undefined Weak Reference
    __cpp_initialize__aeabi_                  - Undefined Weak Reference
    __cxa_finalize                            - Undefined Weak Reference
    __rt_locale                               - Undefined Weak Reference
    __sigvec_lookup                           - Undefined Weak Reference
    _atexit_init                              - Undefined Weak Reference
    _call_atexit_fns                          - Undefined Weak Reference
    _clock_init                               - Undefined Weak Reference
    _fp_trap_init                             - Undefined Weak Reference
    _fp_trap_shutdown                         - Undefined Weak Reference
    _get_lc_collate                           - Undefined Weak Reference
    _get_lc_ctype                             - Undefined Weak Reference
    _get_lc_monetary                          - Undefined Weak Reference
    _get_lc_numeric                           - Undefined Weak Reference
    _get_lc_time                              - Undefined Weak Reference
    _getenv_init                              - Undefined Weak Reference
    _handle_redirection                       - Undefined Weak Reference
    _init_alloc                               - Undefined Weak Reference
    _init_user_alloc                          - Undefined Weak Reference
    _initio                                   - Undefined Weak Reference
    _rand_init                                - Undefined Weak Reference
    _signal_finish                            - Undefined Weak Reference
    _signal_init                              - Undefined Weak Reference
    _terminate_alloc                          - Undefined Weak Reference
    _terminate_user_alloc                     - Undefined Weak Reference
    _terminateio                              - Undefined Weak Reference
    __Vectors_Size                           0x00000188   Number         0  startup_stm32f40_41xxx.o ABSOLUTE
    __Vectors                                0x08000000   Data           4  startup_stm32f40_41xxx.o(RESET)
    __Vectors_End                            0x08000188   Data           0  startup_stm32f40_41xxx.o(RESET)
    __main                                   0x08000189   Thumb Code     8  __main.o(!!!main)
    __scatterload                            0x08000191   Thumb Code     0  __scatter.o(!!!scatter)
    __scatterload_rt2                        0x08000191   Thumb Code    44  __scatter.o(!!!scatter)
    __scatterload_rt2_thumb_only             0x08000191   Thumb Code     0  __scatter.o(!!!scatter)
    __scatterload_null                       0x0800019f   Thumb Code     0  __scatter.o(!!!scatter)
    __scatterload_zeroinit                   0x080001c5   Thumb Code    28  __scatter_zi.o(!!handler_zi)
    __rt_lib_init                            0x080001e1   Thumb Code     0  libinit.o(.ARM.Collect$$libinit$$00000000)
    __rt_lib_init_fp_1                       0x080001e3   Thumb Code     0  libinit2.o(.ARM.Collect$$libinit$$00000001)
    __rt_lib_init_alloca_1                   0x080001e7   Thumb Code     0  libinit2.o(.ARM.Collect$$libinit$$0000002E)
    __rt_lib_init_argv_1                     0x080001e7   Thumb Code     0  libinit2.o(.ARM.Collect$$libinit$$0000002C)
    __rt_lib_init_atexit_1                   0x080001e7   Thumb Code     0  libinit2.o(.ARM.Collect$$libinit$$0000001B)
    __rt_lib_init_clock_1                    0x080001e7   Thumb Code     0  libinit2.o(.ARM.Collect$$libinit$$00000021)
    __rt_lib_init_cpp_1                      0x080001e7   Thumb Code     0  libinit2.o(.ARM.Collect$$libinit$$00000032)
    __rt_lib_init_exceptions_1               0x080001e7   Thumb Code     0  libinit2.o(.ARM.Collect$$libinit$$00000030)
    __rt_lib_init_fp_trap_1                  0x080001e7   Thumb Code     0  libinit2.o(.ARM.Collect$$libinit$$0000001F)
    __rt_lib_init_getenv_1                   0x080001e7   Thumb Code     0  libinit2.o(.ARM.Collect$$libinit$$00000023)
    __rt_lib_init_heap_1                     0x080001e7   Thumb Code     0  libinit2.o(.ARM.Collect$$libinit$$0000000A)
    __rt_lib_init_lc_collate_1               0x080001e7   Thumb Code     0  libinit2.o(.ARM.Collect$$libinit$$00000011)
    __rt_lib_init_lc_ctype_1                 0x080001e7   Thumb Code     0  libinit2.o(.ARM.Collect$$libinit$$00000013)
    __rt_lib_init_lc_monetary_1              0x080001e7   Thumb Code     0  libinit2.o(.ARM.Collect$$libinit$$00000015)
    __rt_lib_init_lc_numeric_1               0x080001e7   Thumb Code     0  libinit2.o(.ARM.Collect$$libinit$$00000017)
    __rt_lib_init_lc_time_1                  0x080001e7   Thumb Code     0  libinit2.o(.ARM.Collect$$libinit$$00000019)
    __rt_lib_init_preinit_1                  0x080001e7   Thumb Code     0  libinit2.o(.ARM.Collect$$libinit$$00000004)
    __rt_lib_init_rand_1                     0x080001e7   Thumb Code     0  libinit2.o(.ARM.Collect$$libinit$$0000000E)
    __rt_lib_init_return                     0x080001e7   Thumb Code     0  libinit2.o(.ARM.Collect$$libinit$$00000033)
    __rt_lib_init_signal_1                   0x080001e7   Thumb Code     0  libinit2.o(.ARM.Collect$$libinit$$0000001D)
    __rt_lib_init_stdio_1                    0x080001e7   Thumb Code     0  libinit2.o(.ARM.Collect$$libinit$$00000025)
    __rt_lib_init_user_alloc_1               0x080001e7   Thumb Code     0  libinit2.o(.ARM.Collect$$libinit$$0000000C)
    __rt_lib_shutdown                        0x080001e9   Thumb Code     0  libshutdown.o(.ARM.Collect$$libshutdown$$00000000)
    __rt_lib_shutdown_cpp_1                  0x080001eb   Thumb Code     0  libshutdown2.o(.ARM.Collect$$libshutdown$$00000002)
    __rt_lib_shutdown_fp_trap_1              0x080001eb   Thumb Code     0  libshutdown2.o(.ARM.Collect$$libshutdown$$00000007)
    __rt_lib_shutdown_heap_1                 0x080001eb   Thumb Code     0  libshutdown2.o(.ARM.Collect$$libshutdown$$0000000F)
    __rt_lib_shutdown_return                 0x080001eb   Thumb Code     0  libshutdown2.o(.ARM.Collect$$libshutdown$$00000010)
    __rt_lib_shutdown_signal_1               0x080001eb   Thumb Code     0  libshutdown2.o(.ARM.Collect$$libshutdown$$0000000A)
    __rt_lib_shutdown_stdio_1                0x080001eb   Thumb Code     0  libshutdown2.o(.ARM.Collect$$libshutdown$$00000004)
    __rt_lib_shutdown_user_alloc_1           0x080001eb   Thumb Code     0  libshutdown2.o(.ARM.Collect$$libshutdown$$0000000C)
    __rt_entry                               0x080001ed   Thumb Code     0  __rtentry.o(.ARM.Collect$$rtentry$$00000000)
    __rt_entry_presh_1                       0x080001ed   Thumb Code     0  __rtentry2.o(.ARM.Collect$$rtentry$$00000002)
    __rt_entry_sh                            0x080001ed   Thumb Code     0  __rtentry4.o(.ARM.Collect$$rtentry$$00000004)
    __rt_entry_li                            0x080001f3   Thumb Code     0  __rtentry2.o(.ARM.Collect$$rtentry$$0000000A)
    __rt_entry_postsh_1                      0x080001f3   Thumb Code     0  __rtentry2.o(.ARM.Collect$$rtentry$$00000009)
    __rt_entry_main                          0x080001f7   Thumb Code     0  __rtentry2.o(.ARM.Collect$$rtentry$$0000000D)
    __rt_entry_postli_1                      0x080001f7   Thumb Code     0  __rtentry2.o(.ARM.Collect$$rtentry$$0000000C)
    __rt_exit                                0x080001ff   Thumb Code     0  rtexit.o(.ARM.Collect$$rtexit$$00000000)
    __rt_exit_ls                             0x08000201   Thumb Code     0  rtexit2.o(.ARM.Collect$$rtexit$$00000003)
    __rt_exit_prels_1                        0x08000201   Thumb Code     0  rtexit2.o(.ARM.Collect$$rtexit$$00000002)
    __rt_exit_exit                           0x08000205   Thumb Code     0  rtexit2.o(.ARM.Collect$$rtexit$$00000004)
    Reset_Handler                            0x0800020d   Thumb Code     8  startup_stm32f40_41xxx.o(.text)
    NMI_Handler                              0x08000215   Thumb Code     2  startup_stm32f40_41xxx.o(.text)
    HardFault_Handler                        0x08000217   Thumb Code     2  startup_stm32f40_41xxx.o(.text)
    MemManage_Handler                        0x08000219   Thumb Code     2  startup_stm32f40_41xxx.o(.text)
    BusFault_Handler                         0x0800021b   Thumb Code     2  startup_stm32f40_41xxx.o(.text)
    UsageFault_Handler                       0x0800021d   Thumb Code     2  startup_stm32f40_41xxx.o(.text)
    SVC_Handler                              0x0800021f   Thumb Code     2  startup_stm32f40_41xxx.o(.text)
    DebugMon_Handler                         0x08000221   Thumb Code     2  startup_stm32f40_41xxx.o(.text)
    PendSV_Handler                           0x08000223   Thumb Code     2  startup_stm32f40_41xxx.o(.text)
    SysTick_Handler                          0x08000225   Thumb Code     2  startup_stm32f40_41xxx.o(.text)
    ADC_IRQHandler                           0x08000227   Thumb Code     0  startup_stm32f40_41xxx.o(.text)
    CAN1_RX0_IRQHandler                      0x08000227   Thumb Code     0  startup_stm32f40_41xxx.o(.text)
    CAN1_RX1_IRQHandler                      0x08000227   Thumb Code     0  startup_stm32f40_41xxx.o(.text)
    CAN1_SCE_IRQHandler                      0x08000227   Thumb Code     0  startup_stm32f40_41xxx.o(.text)
    CAN1_TX_IRQHandler                       0x08000227   Thumb Code     0  startup_stm32f40_41xxx.o(.text)
    CAN2_RX0_IRQHandler                      0x08000227   Thumb Code     0  startup_stm32f40_41xxx.o(.text)
    CAN2_RX1_IRQHandler                      0x08000227   Thumb Code     0  startup_stm32f40_41xxx.o(.text)
    CAN2_SCE_IRQHandler                      0x08000227   Thumb Code     0  startup_stm32f40_41xxx.o(.text)
    CAN2_TX_IRQHandler                       0x08000227   Thumb Code     0  startup_stm32f40_41xxx.o(.text)
    CRYP_IRQHandler                          0x08000227   Thumb Code     0  startup_stm32f40_41xxx.o(.text)
    DCMI_IRQHandler                          0x08000227   Thumb Code     0  startup_stm32f40_41xxx.o(.text)
    DMA1_Stream0_IRQHandler                  0x08000227   Thumb Code     0  startup_stm32f40_41xxx.o(.text)
    DMA1_Stream1_IRQHandler                  0x08000227   Thumb Code     0  startup_stm32f40_41xxx.o(.text)
    DMA1_Stream2_IRQHandler                  0x08000227   Thumb Code     0  startup_stm32f40_41xxx.o(.text)
    DMA1_Stream3_IRQHandler                  0x08000227   Thumb Code     0  startup_stm32f40_41xxx.o(.text)
    DMA1_Stream4_IRQHandler                  0x08000227   Thumb Code     0  startup_stm32f40_41xxx.o(.text)
    DMA1_Stream5_IRQHandler                  0x08000227   Thumb Code     0  startup_stm32f40_41xxx.o(.text)
    DMA1_Stream6_IRQHandler                  0x08000227   Thumb Code     0  startup_stm32f40_41xxx.o(.text)
    DMA1_Stream7_IRQHandler                  0x08000227   Thumb Code     0  startup_stm32f40_41xxx.o(.text)
    DMA2_Stream0_IRQHandler                  0x08000227   Thumb Code     0  startup_stm32f40_41xxx.o(.text)
    DMA2_Stream1_IRQHandler                  0x08000227   Thumb Code     0  startup_stm32f40_41xxx.o(.text)
    DMA2_Stream2_IRQHandler                  0x08000227   Thumb Code     0  startup_stm32f40_41xxx.o(.text)
    DMA2_Stream3_IRQHandler                  0x08000227   Thumb Code     0  startup_stm32f40_41xxx.o(.text)
    DMA2_Stream4_IRQHandler                  0x08000227   Thumb Code     0  startup_stm32f40_41xxx.o(.text)
    DMA2_Stream5_IRQHandler                  0x08000227   Thumb Code     0  startup_stm32f40_41xxx.o(.text)
    DMA2_Stream6_IRQHandler                  0x08000227   Thumb Code     0  startup_stm32f40_41xxx.o(.text)
    DMA2_Stream7_IRQHandler                  0x08000227   Thumb Code     0  startup_stm32f40_41xxx.o(.text)
    ETH_IRQHandler                           0x08000227   Thumb Code     0  startup_stm32f40_41xxx.o(.text)
    ETH_WKUP_IRQHandler                      0x08000227   Thumb Code     0  startup_stm32f40_41xxx.o(.text)
    EXTI0_IRQHandler                         0x08000227   Thumb Code     0  startup_stm32f40_41xxx.o(.text)
    EXTI15_10_IRQHandler                     0x08000227   Thumb Code     0  startup_stm32f40_41xxx.o(.text)
    EXTI1_IRQHandler                         0x08000227   Thumb Code     0  startup_stm32f40_41xxx.o(.text)
    EXTI2_IRQHandler                         0x08000227   Thumb Code     0  startup_stm32f40_41xxx.o(.text)
    EXTI3_IRQHandler                         0x08000227   Thumb Code     0  startup_stm32f40_41xxx.o(.text)
    EXTI4_IRQHandler                         0x08000227   Thumb Code     0  startup_stm32f40_41xxx.o(.text)
    EXTI9_5_IRQHandler                       0x08000227   Thumb Code     0  startup_stm32f40_41xxx.o(.text)
    FLASH_IRQHandler                         0x08000227   Thumb Code     0  startup_stm32f40_41xxx.o(.text)
    FPU_IRQHandler                           0x08000227   Thumb Code     0  startup_stm32f40_41xxx.o(.text)
    FSMC_IRQHandler                          0x08000227   Thumb Code     0  startup_stm32f40_41xxx.o(.text)
    HASH_RNG_IRQHandler                      0x08000227   Thumb Code     0  startup_stm32f40_41xxx.o(.text)
    I2C1_ER_IRQHandler                       0x08000227   Thumb Code     0  startup_stm32f40_41xxx.o(.text)
    I2C1_EV_IRQHandler                       0x08000227   Thumb Code     0  startup_stm32f40_41xxx.o(.text)
    I2C2_ER_IRQHandler                       0x08000227   Thumb Code     0  startup_stm32f40_41xxx.o(.text)
    I2C2_EV_IRQHandler                       0x08000227   Thumb Code     0  startup_stm32f40_41xxx.o(.text)
    I2C3_ER_IRQHandler                       0x08000227   Thumb Code     0  startup_stm32f40_41xxx.o(.text)
    I2C3_EV_IRQHandler                       0x08000227   Thumb Code     0  startup_stm32f40_41xxx.o(.text)
    OTG_FS_IRQHandler                        0x08000227   Thumb Code     0  startup_stm32f40_41xxx.o(.text)
    OTG_FS_WKUP_IRQHandler                   0x08000227   Thumb Code     0  startup_stm32f40_41xxx.o(.text)
    OTG_HS_EP1_IN_IRQHandler                 0x08000227   Thumb Code     0  startup_stm32f40_41xxx.o(.text)
    OTG_HS_EP1_OUT_IRQHandler                0x08000227   Thumb Code     0  startup_stm32f40_41xxx.o(.text)
    OTG_HS_IRQHandler                        0x08000227   Thumb Code     0  startup_stm32f40_41xxx.o(.text)
    OTG_HS_WKUP_IRQHandler                   0x08000227   Thumb Code     0  startup_stm32f40_41xxx.o(.text)
    PVD_IRQHandler                           0x08000227   Thumb Code     0  startup_stm32f40_41xxx.o(.text)
    RCC_IRQHandler                           0x08000227   Thumb Code     0  startup_stm32f40_41xxx.o(.text)
    RTC_Alarm_IRQHandler                     0x08000227   Thumb Code     0  startup_stm32f40_41xxx.o(.text)
    RTC_WKUP_IRQHandler                      0x08000227   Thumb Code     0  startup_stm32f40_41xxx.o(.text)
    SDIO_IRQHandler                          0x08000227   Thumb Code     0  startup_stm32f40_41xxx.o(.text)
    SPI1_IRQHandler                          0x08000227   Thumb Code     0  startup_stm32f40_41xxx.o(.text)
    SPI2_IRQHandler                          0x08000227   Thumb Code     0  startup_stm32f40_41xxx.o(.text)
    SPI3_IRQHandler                          0x08000227   Thumb Code     0  startup_stm32f40_41xxx.o(.text)
    TAMP_STAMP_IRQHandler                    0x08000227   Thumb Code     0  startup_stm32f40_41xxx.o(.text)
    TIM1_BRK_TIM9_IRQHandler                 0x08000227   Thumb Code     0  startup_stm32f40_41xxx.o(.text)
    TIM1_CC_IRQHandler                       0x08000227   Thumb Code     0  startup_stm32f40_41xxx.o(.text)
    TIM1_TRG_COM_TIM11_IRQHandler            0x08000227   Thumb Code     0  startup_stm32f40_41xxx.o(.text)
    TIM1_UP_TIM10_IRQHandler                 0x08000227   Thumb Code     0  startup_stm32f40_41xxx.o(.text)
    TIM2_IRQHandler                          0x08000227   Thumb Code     0  startup_stm32f40_41xxx.o(.text)
    TIM3_IRQHandler                          0x08000227   Thumb Code     0  startup_stm32f40_41xxx.o(.text)
    TIM4_IRQHandler                          0x08000227   Thumb Code     0  startup_stm32f40_41xxx.o(.text)
    TIM5_IRQHandler                          0x08000227   Thumb Code     0  startup_stm32f40_41xxx.o(.text)
    TIM6_DAC_IRQHandler                      0x08000227   Thumb Code     0  startup_stm32f40_41xxx.o(.text)
    TIM7_IRQHandler                          0x08000227   Thumb Code     0  startup_stm32f40_41xxx.o(.text)
    TIM8_BRK_TIM12_IRQHandler                0x08000227   Thumb Code     0  startup_stm32f40_41xxx.o(.text)
    TIM8_CC_IRQHandler                       0x08000227   Thumb Code     0  startup_stm32f40_41xxx.o(.text)
    TIM8_TRG_COM_TIM14_IRQHandler            0x08000227   Thumb Code     0  startup_stm32f40_41xxx.o(.text)
    TIM8_UP_TIM13_IRQHandler                 0x08000227   Thumb Code     0  startup_stm32f40_41xxx.o(.text)
    UART4_IRQHandler                         0x08000227   Thumb Code     0  startup_stm32f40_41xxx.o(.text)
    UART5_IRQHandler                         0x08000227   Thumb Code     0  startup_stm32f40_41xxx.o(.text)
    USART1_IRQHandler                        0x08000227   Thumb Code     0  startup_stm32f40_41xxx.o(.text)
    USART2_IRQHandler                        0x08000227   Thumb Code     0  startup_stm32f40_41xxx.o(.text)
    USART3_IRQHandler                        0x08000227   Thumb Code     0  startup_stm32f40_41xxx.o(.text)
    USART6_IRQHandler                        0x08000227   Thumb Code     0  startup_stm32f40_41xxx.o(.text)
    WWDG_IRQHandler                          0x08000227   Thumb Code     0  startup_stm32f40_41xxx.o(.text)
    __user_initial_stackheap                 0x08000229   Thumb Code     0  startup_stm32f40_41xxx.o(.text)
    __use_two_region_memory                  0x0800024d   Thumb Code     2  heapauxi.o(.text)
    __rt_heap_escrow$2region                 0x0800024f   Thumb Code     2  heapauxi.o(.text)
    __rt_heap_expand$2region                 0x08000251   Thumb Code     2  heapauxi.o(.text)
    __user_setup_stackheap                   0x08000253   Thumb Code    74  sys_stackheap_outer.o(.text)
    exit                                     0x0800029d   Thumb Code    18  exit.o(.text)
    __user_libspace                          0x080002b1   Thumb Code     8  libspace.o(.text)
    __user_perproc_libspace                  0x080002b1   Thumb Code     0  libspace.o(.text)
    __user_perthread_libspace                0x080002b1   Thumb Code     0  libspace.o(.text)
    _sys_exit                                0x080002b9   Thumb Code     8  sys_exit.o(.text)
    __I$use$semihosting                      0x080002c5   Thumb Code     0  use_no_semi.o(.text)
    __use_no_semihosting_swi                 0x080002c5   Thumb Code     2  use_no_semi.o(.text)
    __semihosting_library_function           0x080002c7   Thumb Code     0  indicate_semi.o(.text)
    SystemInit                               0x080002c9   Thumb Code    88  system_stm32f4xx.o(i.SystemInit)
    main                                     0x0800041d   Thumb Code     4  main.o(i.main)
    _fp_init                                 0x08000421   Thumb Code    10  fpinit.o(x$fpl$fpinit)
    __fplib_config_fpu_vfp                   0x08000429   Thumb Code     0  fpinit.o(x$fpl$fpinit)
    __fplib_config_pureend_doubles           0x08000429   Thumb Code     0  fpinit.o(x$fpl$fpinit)
    Region$$Table$$Base                      0x0800042c   Number         0  anon$$obj.o(Region$$Table)
    Region$$Table$$Limit                     0x0800043c   Number         0  anon$$obj.o(Region$$Table)
    __libspace_start                         0x20000000   Data          96  libspace.o(.bss)
    __temporary_stack_top$libspace           0x20000060   Data           0  libspace.o(.bss)



==============================================================================

Memory Map of the image

  Image Entry point : 0x0800020d

  Load Region LR_1 (Base: 0x08000000, Size: 0x0000043c, Max: 0xffffffff, ABSOLUTE)

    Execution Region ER_RO (Base: 0x08000000, Size: 0x0000043c, Max: 0xffffffff, ABSOLUTE)

    Base Addr    Size         Type   Attr      Idx    E Section Name        Object

    0x08000000   0x00000188   Data   RO         5741    RESET               startup_stm32f40_41xxx.o
    0x08000188   0x00000008   Code   RO         5754  * !!!main             c_w.l(__main.o)
    0x08000190   0x00000034   Code   RO         5911    !!!scatter          c_w.l(__scatter.o)
    0x080001c4   0x0000001c   Code   RO         5913    !!handler_zi        c_w.l(__scatter_zi.o)
    0x080001e0   0x00000002   Code   RO         5781    .ARM.Collect$$libinit$$00000000  c_w.l(libinit.o)
    0x080001e2   0x00000004   Code   RO         5787    .ARM.Collect$$libinit$$00000001  c_w.l(libinit2.o)
    0x080001e6   0x00000000   Code   RO         5790    .ARM.Collect$$libinit$$00000004  c_w.l(libinit2.o)
    0x080001e6   0x00000000   Code   RO         5793    .ARM.Collect$$libinit$$0000000A  c_w.l(libinit2.o)
    0x080001e6   0x00000000   Code   RO         5795    .ARM.Collect$$libinit$$0000000C  c_w.l(libinit2.o)
    0x080001e6   0x00000000   Code   RO         5797    .ARM.Collect$$libinit$$0000000E  c_w.l(libinit2.o)
    0x080001e6   0x00000000   Code   RO         5800    .ARM.Collect$$libinit$$00000011  c_w.l(libinit2.o)
    0x080001e6   0x00000000   Code   RO         5802    .ARM.Collect$$libinit$$00000013  c_w.l(libinit2.o)
    0x080001e6   0x00000000   Code   RO         5804    .ARM.Collect$$libinit$$00000015  c_w.l(libinit2.o)
    0x080001e6   0x00000000   Code   RO         5806    .ARM.Collect$$libinit$$00000017  c_w.l(libinit2.o)
    0x080001e6   0x00000000   Code   RO         5808    .ARM.Collect$$libinit$$00000019  c_w.l(libinit2.o)
    0x080001e6   0x00000000   Code   RO         5810    .ARM.Collect$$libinit$$0000001B  c_w.l(libinit2.o)
    0x080001e6   0x00000000   Code   RO         5812    .ARM.Collect$$libinit$$0000001D  c_w.l(libinit2.o)
    0x080001e6   0x00000000   Code   RO         5814    .ARM.Collect$$libinit$$0000001F  c_w.l(libinit2.o)
    0x080001e6   0x00000000   Code   RO         5816    .ARM.Collect$$libinit$$00000021  c_w.l(libinit2.o)
    0x080001e6   0x00000000   Code   RO         5818    .ARM.Collect$$libinit$$00000023  c_w.l(libinit2.o)
    0x080001e6   0x00000000   Code   RO         5820    .ARM.Collect$$libinit$$00000025  c_w.l(libinit2.o)
    0x080001e6   0x00000000   Code   RO         5824    .ARM.Collect$$libinit$$0000002C  c_w.l(libinit2.o)
    0x080001e6   0x00000000   Code   RO         5826    .ARM.Collect$$libinit$$0000002E  c_w.l(libinit2.o)
    0x080001e6   0x00000000   Code   RO         5828    .ARM.Collect$$libinit$$00000030  c_w.l(libinit2.o)
    0x080001e6   0x00000000   Code   RO         5830    .ARM.Collect$$libinit$$00000032  c_w.l(libinit2.o)
    0x080001e6   0x00000002   Code   RO         5831    .ARM.Collect$$libinit$$00000033  c_w.l(libinit2.o)
    0x080001e8   0x00000002   Code   RO         5851    .ARM.Collect$$libshutdown$$00000000  c_w.l(libshutdown.o)
    0x080001ea   0x00000000   Code   RO         5864    .ARM.Collect$$libshutdown$$00000002  c_w.l(libshutdown2.o)
    0x080001ea   0x00000000   Code   RO         5866    .ARM.Collect$$libshutdown$$00000004  c_w.l(libshutdown2.o)
    0x080001ea   0x00000000   Code   RO         5869    .ARM.Collect$$libshutdown$$00000007  c_w.l(libshutdown2.o)
    0x080001ea   0x00000000   Code   RO         5872    .ARM.Collect$$libshutdown$$0000000A  c_w.l(libshutdown2.o)
    0x080001ea   0x00000000   Code   RO         5874    .ARM.Collect$$libshutdown$$0000000C  c_w.l(libshutdown2.o)
    0x080001ea   0x00000000   Code   RO         5877    .ARM.Collect$$libshutdown$$0000000F  c_w.l(libshutdown2.o)
    0x080001ea   0x00000002   Code   RO         5878    .ARM.Collect$$libshutdown$$00000010  c_w.l(libshutdown2.o)
    0x080001ec   0x00000000   Code   RO         5756    .ARM.Collect$$rtentry$$00000000  c_w.l(__rtentry.o)
    0x080001ec   0x00000000   Code   RO         5758    .ARM.Collect$$rtentry$$00000002  c_w.l(__rtentry2.o)
    0x080001ec   0x00000006   Code   RO         5770    .ARM.Collect$$rtentry$$00000004  c_w.l(__rtentry4.o)
    0x080001f2   0x00000000   Code   RO         5760    .ARM.Collect$$rtentry$$00000009  c_w.l(__rtentry2.o)
    0x080001f2   0x00000004   Code   RO         5761    .ARM.Collect$$rtentry$$0000000A  c_w.l(__rtentry2.o)
    0x080001f6   0x00000000   Code   RO         5763    .ARM.Collect$$rtentry$$0000000C  c_w.l(__rtentry2.o)
    0x080001f6   0x00000008   Code   RO         5764    .ARM.Collect$$rtentry$$0000000D  c_w.l(__rtentry2.o)
    0x080001fe   0x00000002   Code   RO         5785    .ARM.Collect$$rtexit$$00000000  c_w.l(rtexit.o)
    0x08000200   0x00000000   Code   RO         5833    .ARM.Collect$$rtexit$$00000002  c_w.l(rtexit2.o)
    0x08000200   0x00000004   Code   RO         5834    .ARM.Collect$$rtexit$$00000003  c_w.l(rtexit2.o)
    0x08000204   0x00000006   Code   RO         5835    .ARM.Collect$$rtexit$$00000004  c_w.l(rtexit2.o)
    0x0800020a   0x00000002   PAD
    0x0800020c   0x00000040   Code   RO         5742  * .text               startup_stm32f40_41xxx.o
    0x0800024c   0x00000006   Code   RO         5752    .text               c_w.l(heapauxi.o)
    0x08000252   0x0000004a   Code   RO         5772    .text               c_w.l(sys_stackheap_outer.o)
    0x0800029c   0x00000012   Code   RO         5774    .text               c_w.l(exit.o)
    0x080002ae   0x00000002   PAD
    0x080002b0   0x00000008   Code   RO         5782    .text               c_w.l(libspace.o)
    0x080002b8   0x0000000c   Code   RO         5843    .text               c_w.l(sys_exit.o)
    0x080002c4   0x00000002   Code   RO         5854    .text               c_w.l(use_no_semi.o)
    0x080002c6   0x00000000   Code   RO         5856    .text               c_w.l(indicate_semi.o)
    0x080002c6   0x00000002   PAD
    0x080002c8   0x00000068   Code   RO         5677    i.SystemInit        system_stm32f4xx.o
    0x08000330   0x000000ec   Code   RO         5678    i._Z11SetSysClockv  system_stm32f4xx.o
    0x0800041c   0x00000004   Code   RO         5645    i.main              main.o
    0x08000420   0x0000000a   Code   RO         5841    x$fpl$fpinit        fz_wm.l(fpinit.o)
    0x0800042a   0x00000002   PAD
    0x0800042c   0x00000010   Data   RO         5909    Region$$Table       anon$$obj.o


    Execution Region ER_RW (Base: 0x20000000, Size: 0x00000000, Max: 0xffffffff, ABSOLUTE)

    **** No section assigned to this execution region ****


    Execution Region ER_ZI (Base: 0x20000000, Size: 0x00000660, Max: 0xffffffff, ABSOLUTE)

    Base Addr    Size         Type   Attr      Idx    E Section Name        Object

    0x20000000   0x00000060   Zero   RW         5783    .bss                c_w.l(libspace.o)
    0x20000060   0x00000200   Zero   RW         5740    HEAP                startup_stm32f40_41xxx.o
    0x20000260   0x00000400   Zero   RW         5739    STACK               startup_stm32f40_41xxx.o


==============================================================================

Image component sizes


      Code (inc. data)   RO Data    RW Data    ZI Data      Debug   Object Name

         4          0          0          0          0        451   main.o
         0          0          0          0          0       4344   misc.o
        64         26        392          0       1536        848   startup_stm32f40_41xxx.o
       340         32          0          0          0       1545   system_stm32f4xx.o

    ----------------------------------------------------------------------
       408         58        408          0       1536       7188   Object Totals
         0          0         16          0          0          0   (incl. Generated)
         0          0          0          0          0          0   (incl. Padding)

    ----------------------------------------------------------------------

      Code (inc. data)   RO Data    RW Data    ZI Data      Debug   Library Member Name

         8          0          0          0          0         68   __main.o
         0          0          0          0          0          0   __rtentry.o
        12          0          0          0          0          0   __rtentry2.o
         6          0          0          0          0          0   __rtentry4.o
        52          8          0          0          0          0   __scatter.o
        28          0          0          0          0          0   __scatter_zi.o
        18          0          0          0          0         80   exit.o
         6          0          0          0          0        152   heapauxi.o
         0          0          0          0          0          0   indicate_semi.o
         2          0          0          0          0          0   libinit.o
         6          0          0          0          0          0   libinit2.o
         2          0          0          0          0          0   libshutdown.o
         2          0          0          0          0          0   libshutdown2.o
         8          4          0          0         96         68   libspace.o
         2          0          0          0          0          0   rtexit.o
        10          0          0          0          0          0   rtexit2.o
        12          4          0          0          0         68   sys_exit.o
        74          0          0          0          0         80   sys_stackheap_outer.o
         2          0          0          0          0         68   use_no_semi.o
        10          0          0          0          0        116   fpinit.o

    ----------------------------------------------------------------------
       268         16          0          0         96        700   Library Totals
         8          0          0          0          0          0   (incl. Padding)

    ----------------------------------------------------------------------

      Code (inc. data)   RO Data    RW Data    ZI Data      Debug   Library Name

       250         16          0          0         96        584   c_w.l
        10          0          0          0          0        116   fz_wm.l

    ----------------------------------------------------------------------
       268         16          0          0         96        700   Library Totals

    ----------------------------------------------------------------------

==============================================================================


      Code (inc. data)   RO Data    RW Data    ZI Data      Debug   

       676         74        408          0       1632       7564   Grand Totals
       676         74        408          0       1632       7564   ELF Image Totals
       676         74        408          0          0          0   ROM Totals

==============================================================================

    Total RO  Size (Code + RO Data)                 1084 (   1.06kB)
    Total RW  Size (RW Data + ZI Data)              1632 (   1.59kB)
    Total ROM Size (Code + RO Data + RW Data)       1084 (   1.06kB)

==============================================================================

